Archive member included to satisfy reference by file (symbol)

C:/appz/ST/STM32CubeIDE_1.10.1/STM32CubeIDE/plugins/com.st.stm32cube.ide.mcu.externaltools.gnu-tools-for-stm32.12.3.rel1.win32_1.0.200.202406191623/tools/bin/../lib/gcc/arm-none-eabi/12.3.1/../../../../arm-none-eabi/lib/thumb/v7e-m+fp/hard\libc_nano.a(libc_a-exit.o)
                              C:/appz/ST/STM32CubeIDE_1.10.1/STM32CubeIDE/plugins/com.st.stm32cube.ide.mcu.externaltools.gnu-tools-for-stm32.12.3.rel1.win32_1.0.200.202406191623/tools/bin/../lib/gcc/arm-none-eabi/12.3.1/../../../../arm-none-eabi/lib/thumb/v7e-m+fp/hard/crt0.o (exit)
C:/appz/ST/STM32CubeIDE_1.10.1/STM32CubeIDE/plugins/com.st.stm32cube.ide.mcu.externaltools.gnu-tools-for-stm32.12.3.rel1.win32_1.0.200.202406191623/tools/bin/../lib/gcc/arm-none-eabi/12.3.1/../../../../arm-none-eabi/lib/thumb/v7e-m+fp/hard\libc_nano.a(libc_a-findfp.o)
                              C:/appz/ST/STM32CubeIDE_1.10.1/STM32CubeIDE/plugins/com.st.stm32cube.ide.mcu.externaltools.gnu-tools-for-stm32.12.3.rel1.win32_1.0.200.202406191623/tools/bin/../lib/gcc/arm-none-eabi/12.3.1/../../../../arm-none-eabi/lib/thumb/v7e-m+fp/hard\libc_nano.a(libc_a-exit.o) (__stdio_exit_handler)
C:/appz/ST/STM32CubeIDE_1.10.1/STM32CubeIDE/plugins/com.st.stm32cube.ide.mcu.externaltools.gnu-tools-for-stm32.12.3.rel1.win32_1.0.200.202406191623/tools/bin/../lib/gcc/arm-none-eabi/12.3.1/../../../../arm-none-eabi/lib/thumb/v7e-m+fp/hard\libc_nano.a(libc_a-fwalk.o)
                              C:/appz/ST/STM32CubeIDE_1.10.1/STM32CubeIDE/plugins/com.st.stm32cube.ide.mcu.externaltools.gnu-tools-for-stm32.12.3.rel1.win32_1.0.200.202406191623/tools/bin/../lib/gcc/arm-none-eabi/12.3.1/../../../../arm-none-eabi/lib/thumb/v7e-m+fp/hard\libc_nano.a(libc_a-findfp.o) (_fwalk_sglue)
C:/appz/ST/STM32CubeIDE_1.10.1/STM32CubeIDE/plugins/com.st.stm32cube.ide.mcu.externaltools.gnu-tools-for-stm32.12.3.rel1.win32_1.0.200.202406191623/tools/bin/../lib/gcc/arm-none-eabi/12.3.1/../../../../arm-none-eabi/lib/thumb/v7e-m+fp/hard\libc_nano.a(libc_a-stdio.o)
                              C:/appz/ST/STM32CubeIDE_1.10.1/STM32CubeIDE/plugins/com.st.stm32cube.ide.mcu.externaltools.gnu-tools-for-stm32.12.3.rel1.win32_1.0.200.202406191623/tools/bin/../lib/gcc/arm-none-eabi/12.3.1/../../../../arm-none-eabi/lib/thumb/v7e-m+fp/hard\libc_nano.a(libc_a-findfp.o) (__sread)
C:/appz/ST/STM32CubeIDE_1.10.1/STM32CubeIDE/plugins/com.st.stm32cube.ide.mcu.externaltools.gnu-tools-for-stm32.12.3.rel1.win32_1.0.200.202406191623/tools/bin/../lib/gcc/arm-none-eabi/12.3.1/../../../../arm-none-eabi/lib/thumb/v7e-m+fp/hard\libc_nano.a(libc_a-memset.o)
                              C:/appz/ST/STM32CubeIDE_1.10.1/STM32CubeIDE/plugins/com.st.stm32cube.ide.mcu.externaltools.gnu-tools-for-stm32.12.3.rel1.win32_1.0.200.202406191623/tools/bin/../lib/gcc/arm-none-eabi/12.3.1/../../../../arm-none-eabi/lib/thumb/v7e-m+fp/hard/crt0.o (memset)
C:/appz/ST/STM32CubeIDE_1.10.1/STM32CubeIDE/plugins/com.st.stm32cube.ide.mcu.externaltools.gnu-tools-for-stm32.12.3.rel1.win32_1.0.200.202406191623/tools/bin/../lib/gcc/arm-none-eabi/12.3.1/../../../../arm-none-eabi/lib/thumb/v7e-m+fp/hard\libc_nano.a(libc_a-closer.o)
                              C:/appz/ST/STM32CubeIDE_1.10.1/STM32CubeIDE/plugins/com.st.stm32cube.ide.mcu.externaltools.gnu-tools-for-stm32.12.3.rel1.win32_1.0.200.202406191623/tools/bin/../lib/gcc/arm-none-eabi/12.3.1/../../../../arm-none-eabi/lib/thumb/v7e-m+fp/hard\libc_nano.a(libc_a-stdio.o) (_close_r)
C:/appz/ST/STM32CubeIDE_1.10.1/STM32CubeIDE/plugins/com.st.stm32cube.ide.mcu.externaltools.gnu-tools-for-stm32.12.3.rel1.win32_1.0.200.202406191623/tools/bin/../lib/gcc/arm-none-eabi/12.3.1/../../../../arm-none-eabi/lib/thumb/v7e-m+fp/hard\libc_nano.a(libc_a-reent.o)
                              C:/appz/ST/STM32CubeIDE_1.10.1/STM32CubeIDE/plugins/com.st.stm32cube.ide.mcu.externaltools.gnu-tools-for-stm32.12.3.rel1.win32_1.0.200.202406191623/tools/bin/../lib/gcc/arm-none-eabi/12.3.1/../../../../arm-none-eabi/lib/thumb/v7e-m+fp/hard\libc_nano.a(libc_a-closer.o) (errno)
C:/appz/ST/STM32CubeIDE_1.10.1/STM32CubeIDE/plugins/com.st.stm32cube.ide.mcu.externaltools.gnu-tools-for-stm32.12.3.rel1.win32_1.0.200.202406191623/tools/bin/../lib/gcc/arm-none-eabi/12.3.1/../../../../arm-none-eabi/lib/thumb/v7e-m+fp/hard\libc_nano.a(libc_a-impure.o)
                              C:/appz/ST/STM32CubeIDE_1.10.1/STM32CubeIDE/plugins/com.st.stm32cube.ide.mcu.externaltools.gnu-tools-for-stm32.12.3.rel1.win32_1.0.200.202406191623/tools/bin/../lib/gcc/arm-none-eabi/12.3.1/../../../../arm-none-eabi/lib/thumb/v7e-m+fp/hard\libc_nano.a(libc_a-reent.o) (_impure_ptr)
C:/appz/ST/STM32CubeIDE_1.10.1/STM32CubeIDE/plugins/com.st.stm32cube.ide.mcu.externaltools.gnu-tools-for-stm32.12.3.rel1.win32_1.0.200.202406191623/tools/bin/../lib/gcc/arm-none-eabi/12.3.1/../../../../arm-none-eabi/lib/thumb/v7e-m+fp/hard\libc_nano.a(libc_a-lseekr.o)
[...]
Memory Configuration

Name             Origin             Length             Attributes
CCMRAM           0x10000000         0x00010000         xrw
RAM              0x20000000         0x00030000         xrw
FLASH            0x08000000         0x00200000         xr
*default*        0x00000000         0xffffffff

Linker script and memory map

LOAD C:/appz/ST/STM32CubeIDE_1.10.1/STM32CubeIDE/plugins/com.st.stm32cube.ide.mcu.externaltools.gnu-tools-for-stm32.12.3.rel1.win32_1.0.200.202406191623/tools/bin/../lib/gcc/arm-none-eabi/12.3.1/thumb/v7e-m+fp/hard/crti.o
LOAD C:/appz/ST/STM32CubeIDE_1.10.1/STM32CubeIDE/plugins/com.st.stm32cube.ide.mcu.externaltools.gnu-tools-for-stm32.12.3.rel1.win32_1.0.200.202406191623/tools/bin/../lib/gcc/arm-none-eabi/12.3.1/thumb/v7e-m+fp/hard/crtbegin.o
LOAD C:/appz/ST/STM32CubeIDE_1.10.1/STM32CubeIDE/plugins/com.st.stm32cube.ide.mcu.externaltools.gnu-tools-for-stm32.12.3.rel1.win32_1.0.200.202406191623/tools/bin/../lib/gcc/arm-none-eabi/12.3.1/../../../../arm-none-eabi/lib/thumb/v7e-m+fp/hard/crt0.o
LOAD ./Core/Src/main.o
LOAD ./Core/Src/stm32f4xx_hal_msp.o
LOAD ./Core/Src/stm32f4xx_it.o
LOAD ./Core/Src/syscalls.o
LOAD ./Core/Src/sysmem.o
LOAD ./Core/Src/system_stm32f4xx.o
LOAD ./Core/Startup/startup_stm32f429zitx.o
LOAD ./Drivers/STM32F4xx_HAL_Driver/Src/stm32f4xx_hal.o
LOAD ./Drivers/STM32F4xx_HAL_Driver/Src/stm32f4xx_hal_cortex.o
LOAD ./Drivers/STM32F4xx_HAL_Driver/Src/stm32f4xx_hal_dma.o
LOAD ./Drivers/STM32F4xx_HAL_Driver/Src/stm32f4xx_hal_dma_ex.o
LOAD ./Drivers/STM32F4xx_HAL_Driver/Src/stm32f4xx_hal_exti.o
LOAD ./Drivers/STM32F4xx_HAL_Driver/Src/stm32f4xx_hal_flash.o
LOAD ./Drivers/STM32F4xx_HAL_Driver/Src/stm32f4xx_hal_flash_ex.o
LOAD ./Drivers/STM32F4xx_HAL_Driver/Src/stm32f4xx_hal_flash_ramfunc.o
LOAD ./Drivers/STM32F4xx_HAL_Driver/Src/stm32f4xx_hal_gpio.o
LOAD ./Drivers/STM32F4xx_HAL_Driver/Src/stm32f4xx_hal_pcd.o
LOAD ./Drivers/STM32F4xx_HAL_Driver/Src/stm32f4xx_hal_pcd_ex.o
LOAD ./Drivers/STM32F4xx_HAL_Driver/Src/stm32f4xx_hal_pwr.o
LOAD ./Drivers/STM32F4xx_HAL_Driver/Src/stm32f4xx_hal_pwr_ex.o
LOAD ./Drivers/STM32F4xx_HAL_Driver/Src/stm32f4xx_hal_rcc.o
LOAD ./Drivers/STM32F4xx_HAL_Driver/Src/stm32f4xx_hal_rcc_ex.o
LOAD ./Drivers/STM32F4xx_HAL_Driver/Src/stm32f4xx_hal_tim.o
LOAD ./Drivers/STM32F4xx_HAL_Driver/Src/stm32f4xx_hal_tim_ex.o
LOAD ./Drivers/STM32F4xx_HAL_Driver/Src/stm32f4xx_hal_uart.o
LOAD ./Drivers/STM32F4xx_HAL_Driver/Src/stm32f4xx_ll_usb.o
LOAD ./Middlewares/ST/STM32_USB_Device_Library/Class/HID/Src/usbd_hid.o
LOAD ./Middlewares/ST/STM32_USB_Device_Library/Core/Src/usbd_core.o
LOAD ./Middlewares/ST/STM32_USB_Device_Library/Core/Src/usbd_ctlreq.o
LOAD ./Middlewares/ST/STM32_USB_Device_Library/Core/Src/usbd_ioreq.o
LOAD ./USB_DEVICE/App/usb_device.o
LOAD ./USB_DEVICE/App/usbd_desc.o
LOAD ./USB_DEVICE/Target/usbd_conf.o
START GROUP
LOAD C:/appz/ST/STM32CubeIDE_1.10.1/STM32CubeIDE/plugins/com.st.stm32cube.ide.mcu.externaltools.gnu-tools-for-stm32.12.3.rel1.win32_1.0.200.202406191623/tools/bin/../lib/gcc/arm-none-eabi/12.3.1/../../../../arm-none-eabi/lib/thumb/v7e-m+fp/hard\libc_nano.a
LOAD C:/appz/ST/STM32CubeIDE_1.10.1/STM32CubeIDE/plugins/com.st.stm32cube.ide.mcu.externaltools.gnu-tools-for-stm32.12.3.rel1.win32_1.0.200.202406191623/tools/bin/../lib/gcc/arm-none-eabi/12.3.1/../../../../arm-none-eabi/lib/thumb/v7e-m+fp/hard\libm.a
END GROUP
START GROUP
LOAD C:/appz/ST/STM32CubeIDE_1.10.1/STM32CubeIDE/plugins/com.st.stm32cube.ide.mcu.externaltools.gnu-tools-for-stm32.12.3.rel1.win32_1.0.200.202406191623/tools/bin/../lib/gcc/arm-none-eabi/12.3.1/thumb/v7e-m+fp/hard\libgcc.a
LOAD C:/appz/ST/STM32CubeIDE_1.10.1/STM32CubeIDE/plugins/com.st.stm32cube.ide.mcu.externaltools.gnu-tools-for-stm32.12.3.rel1.win32_1.0.200.202406191623/tools/bin/../lib/gcc/arm-none-eabi/12.3.1/../../../../arm-none-eabi/lib/thumb/v7e-m+fp/hard\libc_nano.a
END GROUP
START GROUP
LOAD C:/appz/ST/STM32CubeIDE_1.10.1/STM32CubeIDE/plugins/com.st.stm32cube.ide.mcu.externaltools.gnu-tools-for-stm32.12.3.rel1.win32_1.0.200.202406191623/tools/bin/../lib/gcc/arm-none-eabi/12.3.1/thumb/v7e-m+fp/hard\libgcc.a
LOAD C:/appz/ST/STM32CubeIDE_1.10.1/STM32CubeIDE/plugins/com.st.stm32cube.ide.mcu.externaltools.gnu-tools-for-stm32.12.3.rel1.win32_1.0.200.202406191623/tools/bin/../lib/gcc/arm-none-eabi/12.3.1/../../../../arm-none-eabi/lib/thumb/v7e-m+fp/hard\libc_nano.a
LOAD C:/appz/ST/STM32CubeIDE_1.10.1/STM32CubeIDE/plugins/com.st.stm32cube.ide.mcu.externaltools.gnu-tools-for-stm32.12.3.rel1.win32_1.0.200.202406191623/tools/bin/../lib/gcc/arm-none-eabi/12.3.1/../../../../arm-none-eabi/lib/thumb/v7e-m+fp/hard\libnosys.a
END GROUP
START GROUP
LOAD C:/appz/ST/STM32CubeIDE_1.10.1/STM32CubeIDE/plugins/com.st.stm32cube.ide.mcu.externaltools.gnu-tools-for-stm32.12.3.rel1.win32_1.0.200.202406191623/tools/bin/../lib/gcc/arm-none-eabi/12.3.1/thumb/v7e-m+fp/hard\libgcc.a
LOAD C:/appz/ST/STM32CubeIDE_1.10.1/STM32CubeIDE/plugins/com.st.stm32cube.ide.mcu.externaltools.gnu-tools-for-stm32.12.3.rel1.win32_1.0.200.202406191623/tools/bin/../lib/gcc/arm-none-eabi/12.3.1/../../../../arm-none-eabi/lib/thumb/v7e-m+fp/hard\libc_nano.a
LOAD C:/appz/ST/STM32CubeIDE_1.10.1/STM32CubeIDE/plugins/com.st.stm32cube.ide.mcu.externaltools.gnu-tools-for-stm32.12.3.rel1.win32_1.0.200.202406191623/tools/bin/../lib/gcc/arm-none-eabi/12.3.1/../../../../arm-none-eabi/lib/thumb/v7e-m+fp/hard\libnosys.a
END GROUP
LOAD C:/appz/ST/STM32CubeIDE_1.10.1/STM32CubeIDE/plugins/com.st.stm32cube.ide.mcu.externaltools.gnu-tools-for-stm32.12.3.rel1.win32_1.0.200.202406191623/tools/bin/../lib/gcc/arm-none-eabi/12.3.1/thumb/v7e-m+fp/hard/crtend.o
LOAD C:/appz/ST/STM32CubeIDE_1.10.1/STM32CubeIDE/plugins/com.st.stm32cube.ide.mcu.externaltools.gnu-tools-for-stm32.12.3.rel1.win32_1.0.200.202406191623/tools/bin/../lib/gcc/arm-none-eabi/12.3.1/thumb/v7e-m+fp/hard/crtn.o
                0x20030000                        _estack = (ORIGIN (RAM) + LENGTH (RAM))
                0x00000200                        _Min_Heap_Size = 0x200
                0x00000400                        _Min_Stack_Size = 0x400

.isr_vector     0x08000000      0x1ac
                0x08000000                        . = ALIGN (0x4)
 *(.isr_vector)
 .isr_vector    0x08000000      0x1ac ./Core/Startup/startup_stm32f429zitx.o
                0x08000000                g_pfnVectors
                0x080001ac                        . = ALIGN (0x4)

.text           0x080001b0     0x8958
                0x080001b0                        . = ALIGN (0x4)
 *(.text)
 .text          0x080001b0       0x40 C:/appz/ST/STM32CubeIDE_1.10.1/STM32CubeIDE/plugins/com.st.stm32cube.ide.mcu.externaltools.gnu-tools-for-stm32.12.3.rel1.win32_1.0.200.202406191623/tools/bin/../lib/gcc/arm-none-eabi/12.3.1/thumb/v7e-m+fp/hard/crtbegin.o
 .text          0x080001f0      0x254 C:/appz/ST/STM32CubeIDE_1.10.1/STM32CubeIDE/plugins/com.st.stm32cube.ide.mcu.externaltools.gnu-tools-for-stm32.12.3.rel1.win32_1.0.200.202406191623/tools/bin/../lib/gcc/arm-none-eabi/12.3.1/thumb/v7e-m+fp/hard\libgcc.a(_arm_muldf3.o)
                0x080001f0                __muldf3
                0x080001f0                __aeabi_dmul
 .text          0x08000444      0x378 C:/appz/ST/STM32CubeIDE_1.10.1/STM32CubeIDE/plugins/com.st.stm32cube.ide.mcu.externaltools.gnu-tools-for-stm32.12.3.rel1.win32_1.0.200.202406191623/tools/bin/../lib/gcc/arm-none-eabi/12.3.1/thumb/v7e-m+fp/hard\libgcc.a(_arm_addsubdf3.o)
                0x08000444                __aeabi_drsub
                0x0800044c                __aeabi_dsub
                0x0800044c                __subdf3
                0x08000450                __aeabi_dadd
                0x08000450                __adddf3
                0x080006c8                __floatunsidf
                0x080006c8                __aeabi_ui2d
                0x080006e8                __floatsidf
                0x080006e8                __aeabi_i2d
                0x0800070c                __aeabi_f2d
                0x0800070c                __extendsfdf2
                0x08000750                __floatundidf
                0x08000750                __aeabi_ul2d
                0x08000760                __floatdidf
                0x08000760                __aeabi_l2d
 .text          0x080007bc      0x110 C:/appz/ST/STM32CubeIDE_1.10.1/STM32CubeIDE/plugins/com.st.stm32cube.ide.mcu.externaltools.gnu-tools-for-stm32.12.3.rel1.win32_1.0.200.202406191623/tools/bin/../lib/gcc/arm-none-eabi/12.3.1/thumb/v7e-m+fp/hard\libgcc.a(_arm_cmpdf2.o)
                0x080007bc                __gtdf2
                0x080007bc                __gedf2
                0x080007c4                __ltdf2
                0x080007c4                __ledf2
                0x080007cc                __nedf2
                0x080007cc                __eqdf2
                0x080007cc                __cmpdf2
                0x08000848                __aeabi_cdrcmple
                0x08000858                __aeabi_cdcmpeq
                0x08000858                __aeabi_cdcmple
                0x08000868                __aeabi_dcmpeq
                0x0800087c                __aeabi_dcmplt
                0x08000890                __aeabi_dcmple
                0x080008a4                __aeabi_dcmpge
                0x080008b8                __aeabi_dcmpgt
 .text          0x080008cc       0x50 C:/appz/ST/STM32CubeIDE_1.10.1/STM32CubeIDE/plugins/com.st.stm32cube.ide.mcu.externaltools.gnu-tools-for-stm32.12.3.rel1.win32_1.0.200.202406191623/tools/bin/../lib/gcc/arm-none-eabi/12.3.1/thumb/v7e-m+fp/hard\libgcc.a(_arm_fixdfsi.o)
                0x080008cc                __aeabi_d2iz
                0x080008cc                __fixdfsi
 .text          0x0800091c       0xa0 C:/appz/ST/STM32CubeIDE_1.10.1/STM32CubeIDE/plugins/com.st.stm32cube.ide.mcu.externaltools.gnu-tools-for-stm32.12.3.rel1.win32_1.0.200.202406191623/tools/bin/../lib/gcc/arm-none-eabi/12.3.1/thumb/v7e-m+fp/hard\libgcc.a(_arm_truncdfsf2.o)
                0x0800091c                __truncdfsf2
                0x0800091c                __aeabi_d2f
 .text          0x080009bc       0x30 C:/appz/ST/STM32CubeIDE_1.10.1/STM32CubeIDE/plugins/com.st.stm32cube.ide.mcu.externaltools.gnu-tools-for-stm32.12.3.rel1.win32_1.0.200.202406191623/tools/bin/../lib/gcc/arm-none-eabi/12.3.1/thumb/v7e-m+fp/hard\libgcc.a(_aeabi_uldivmod.o)
                0x080009bc                __aeabi_uldivmod
 .text          0x080009ec      0x2bc C:/appz/ST/STM32CubeIDE_1.10.1/STM32CubeIDE/plugins/com.st.stm32cube.ide.mcu.externaltools.gnu-tools-for-stm32.12.3.rel1.win32_1.0.200.202406191623/tools/bin/../lib/gcc/arm-none-eabi/12.3.1/thumb/v7e-m+fp/hard\libgcc.a(_udivmoddi4.o)
                0x080009ec                __udivmoddi4
 .text          0x08000ca8        0x4 C:/appz/ST/STM32CubeIDE_1.10.1/STM32CubeIDE/plugins/com.st.stm32cube.ide.mcu.externaltools.gnu-tools-for-stm32.12.3.rel1.win32_1.0.200.202406191623/tools/bin/../lib/gcc/arm-none-eabi/12.3.1/thumb/v7e-m+fp/hard\libgcc.a(_dvmd_tls.o)
                0x08000ca8                __aeabi_idiv0
                0x08000ca8                __aeabi_ldiv0
 *(.text*)
 .text.step     0x08000cac       0x4c ./Core/Src/main.o
                0x08000cac                step
 .text.draw_circle
                0x08000cf8      0x130 ./Core/Src/main.o
                0x08000cf8                draw_circle
 .text.draw_mouse
                0x08000e28      0x130 ./Core/Src/main.o
                0x08000e28                draw_mouse
 .text.main     0x08000f58       0xc8 ./Core/Src/main.o
                0x08000f58                main
 .text.SystemClock_Config
                0x08001020       0xd4 ./Core/Src/main.o
                0x08001020                SystemClock_Config
 .text.MX_USART3_UART_Init
                0x080010f4       0x54 ./Core/Src/main.o
 .text.MX_GPIO_Init
                0x08001148      0x1e4 ./Core/Src/main.o
 .text.Error_Handler
                0x0800132c        0xc ./Core/Src/main.o
                0x0800132c                Error_Handler
 .text.HAL_MspInit
                0x08001338       0x50 ./Core/Src/stm32f4xx_hal_msp.o
                0x08001338                HAL_MspInit
 .text.HAL_UART_MspInit
                0x08001388       0x90 ./Core/Src/stm32f4xx_hal_msp.o
                0x08001388                HAL_UART_MspInit
 .text.NMI_Handler
                0x08001418        0x8 ./Core/Src/stm32f4xx_it.o
                0x08001418                NMI_Handler
 .text.HardFault_Handler
                0x08001420        0x8 ./Core/Src/stm32f4xx_it.o
                0x08001420                HardFault_Handler
 .text.MemManage_Handler
                0x08001428        0x8 ./Core/Src/stm32f4xx_it.o
                0x08001428                MemManage_Handler
 .text.BusFault_Handler
                0x08001430        0x8 ./Core/Src/stm32f4xx_it.o
                0x08001430                BusFault_Handler
 .text.UsageFault_Handler
                0x08001438        0x8 ./Core/Src/stm32f4xx_it.o
                0x08001438                UsageFault_Handler
 .text.SVC_Handler
                0x08001440        0xe ./Core/Src/stm32f4xx_it.o
                0x08001440                SVC_Handler
 .text.DebugMon_Handler
                0x0800144e        0xe ./Core/Src/stm32f4xx_it.o
                0x0800144e                DebugMon_Handler
 .text.PendSV_Handler
                0x0800145c        0xe ./Core/Src/stm32f4xx_it.o
                0x0800145c                PendSV_Handler
 .text.SysTick_Handler
                0x0800146a        0xc ./Core/Src/stm32f4xx_it.o
                0x0800146a                SysTick_Handler
 *fill*         0x08001476        0x2 
 .text.OTG_FS_IRQHandler
                0x08001478       0x14 ./Core/Src/stm32f4xx_it.o
                0x08001478                OTG_FS_IRQHandler
 .text.SystemInit
                0x0800148c       0x24 ./Core/Src/system_stm32f4xx.o
                0x0800148c                SystemInit
 .text.Reset_Handler
                0x080014b0       0x50 ./Core/Startup/startup_stm32f429zitx.o
                0x080014b0                Reset_Handler
 .text.Default_Handler
                0x08001500        0x2 ./Core/Startup/startup_stm32f429zitx.o
                0x08001500                RTC_Alarm_IRQHandler
                0x08001500                HASH_RNG_IRQHandler
                0x08001500                EXTI2_IRQHandler
                0x08001500                TIM8_CC_IRQHandler
                0x08001500                UART8_IRQHandler
                0x08001500                SPI4_IRQHandler
                0x08001500                TIM1_CC_IRQHandler
                0x08001500                DMA2_Stream5_IRQHandler
                0x08001500                DMA1_Stream5_IRQHandler
                0x08001500                PVD_IRQHandler
                0x08001500                SDIO_IRQHandler
                0x08001500                TAMP_STAMP_IRQHandler
                0x08001500                CAN2_RX1_IRQHandler
                0x08001500                EXTI3_IRQHandler
                0x08001500                TIM8_TRG_COM_TIM14_IRQHandler
                0x08001500                TIM1_UP_TIM10_IRQHandler
                0x08001500                TIM8_UP_TIM13_IRQHandler
                0x08001500                I2C3_ER_IRQHandler
                0x08001500                EXTI0_IRQHandler
                0x08001500                I2C2_EV_IRQHandler
                0x08001500                DMA1_Stream2_IRQHandler
                0x08001500                CAN1_RX0_IRQHandler
                0x08001500                FPU_IRQHandler
                0x08001500                OTG_HS_WKUP_IRQHandler
                0x08001500                LTDC_ER_IRQHandler
                0x08001500                CAN2_SCE_IRQHandler
                0x08001500                DMA2_Stream2_IRQHandler
                0x08001500                SPI1_IRQHandler
                0x08001500                TIM6_DAC_IRQHandler
                0x08001500                TIM1_BRK_TIM9_IRQHandler
                0x08001500                DCMI_IRQHandler
                0x08001500                CAN2_RX0_IRQHandler
                0x08001500                DMA2_Stream3_IRQHandler
                0x08001500                USART6_IRQHandler
                0x08001500                USART3_IRQHandler
                0x08001500                CAN1_RX1_IRQHandler
                0x08001500                UART5_IRQHandler
                0x08001500                DMA2_Stream0_IRQHandler
                0x08001500                TIM4_IRQHandler
                0x08001500                I2C1_EV_IRQHandler
                0x08001500                DMA1_Stream6_IRQHandler
                0x08001500                DMA1_Stream1_IRQHandler
                0x08001500                UART4_IRQHandler
                0x08001500                TIM3_IRQHandler
                0x08001500                RCC_IRQHandler
                0x08001500                TIM8_BRK_TIM12_IRQHandler
                0x08001500                Default_Handler
                0x08001500                EXTI15_10_IRQHandler
                0x08001500                ADC_IRQHandler
                0x08001500                DMA1_Stream7_IRQHandler
                0x08001500                SPI5_IRQHandler
                0x08001500                TIM7_IRQHandler
                0x08001500                CAN2_TX_IRQHandler
                0x08001500                TIM5_IRQHandler
                0x08001500                DMA2_Stream7_IRQHandler
                0x08001500                I2C3_EV_IRQHandler
                0x08001500                EXTI9_5_IRQHandler
                0x08001500                RTC_WKUP_IRQHandler
                0x08001500                LTDC_IRQHandler
                0x08001500                ETH_WKUP_IRQHandler
                0x08001500                SPI2_IRQHandler
                0x08001500                OTG_HS_EP1_IN_IRQHandler
                0x08001500                DMA1_Stream0_IRQHandler
                0x08001500                CAN1_TX_IRQHandler
                0x08001500                EXTI4_IRQHandler
                0x08001500                ETH_IRQHandler
                0x08001500                OTG_HS_EP1_OUT_IRQHandler
                0x08001500                WWDG_IRQHandler
                0x08001500                SPI6_IRQHandler
                0x08001500                TIM2_IRQHandler
                0x08001500                OTG_FS_WKUP_IRQHandler
                0x08001500                TIM1_TRG_COM_TIM11_IRQHandler
                0x08001500                OTG_HS_IRQHandler
                0x08001500                DMA2D_IRQHandler
                0x08001500                EXTI1_IRQHandler
                0x08001500                UART7_IRQHandler
                0x08001500                USART2_IRQHandler
                0x08001500                I2C2_ER_IRQHandler
                0x08001500                DMA2_Stream1_IRQHandler
                0x08001500                CAN1_SCE_IRQHandler
                0x08001500                FLASH_IRQHandler
                0x08001500                DMA2_Stream4_IRQHandler
                0x08001500                USART1_IRQHandler
                0x08001500                SPI3_IRQHandler
                0x08001500                DMA1_Stream4_IRQHandler
                0x08001500                I2C1_ER_IRQHandler
                0x08001500                FMC_IRQHandler
                0x08001500                DMA2_Stream6_IRQHandler
                0x08001500                SAI1_IRQHandler
                0x08001500                DMA1_Stream3_IRQHandler
 *fill*         0x08001502        0x2 
 .text.HAL_Init
                0x08001504       0x44 ./Drivers/STM32F4xx_HAL_Driver/Src/stm32f4xx_hal.o
                0x08001504                HAL_Init
 .text.HAL_InitTick
                0x08001548       0x60 ./Drivers/STM32F4xx_HAL_Driver/Src/stm32f4xx_hal.o
                0x08001548                HAL_InitTick
 .text.HAL_IncTick
                0x080015a8       0x28 ./Drivers/STM32F4xx_HAL_Driver/Src/stm32f4xx_hal.o
                0x080015a8                HAL_IncTick
 .text.HAL_GetTick
                0x080015d0       0x18 ./Drivers/STM32F4xx_HAL_Driver/Src/stm32f4xx_hal.o
                0x080015d0                HAL_GetTick
 .text.HAL_Delay
                0x080015e8       0x48 ./Drivers/STM32F4xx_HAL_Driver/Src/stm32f4xx_hal.o
                0x080015e8                HAL_Delay
 .text.__NVIC_SetPriorityGrouping
                0x08001630       0x48 ./Drivers/STM32F4xx_HAL_Driver/Src/stm32f4xx_hal_cortex.o
 .text.__NVIC_GetPriorityGrouping
                0x08001678       0x1c ./Drivers/STM32F4xx_HAL_Driver/Src/stm32f4xx_hal_cortex.o
 .text.__NVIC_EnableIRQ
                0x08001694       0x3c ./Drivers/STM32F4xx_HAL_Driver/Src/stm32f4xx_hal_cortex.o
 .text.__NVIC_SetPriority
                0x080016d0       0x54 ./Drivers/STM32F4xx_HAL_Driver/Src/stm32f4xx_hal_cortex.o
 .text.NVIC_EncodePriority
                0x08001724       0x66 ./Drivers/STM32F4xx_HAL_Driver/Src/stm32f4xx_hal_cortex.o
 *fill*         0x0800178a        0x2 
 .text.SysTick_Config
                0x0800178c       0x44 ./Drivers/STM32F4xx_HAL_Driver/Src/stm32f4xx_hal_cortex.o
 .text.HAL_NVIC_SetPriorityGrouping
                0x080017d0       0x16 ./Drivers/STM32F4xx_HAL_Driver/Src/stm32f4xx_hal_cortex.o
                0x080017d0                HAL_NVIC_SetPriorityGrouping
 .text.HAL_NVIC_SetPriority
                0x080017e6       0x38 ./Drivers/STM32F4xx_HAL_Driver/Src/stm32f4xx_hal_cortex.o
                0x080017e6                HAL_NVIC_SetPriority
 .text.HAL_NVIC_EnableIRQ
                0x0800181e       0x1c ./Drivers/STM32F4xx_HAL_Driver/Src/stm32f4xx_hal_cortex.o
                0x0800181e                HAL_NVIC_EnableIRQ
 .text.HAL_SYSTICK_Config
                0x0800183a       0x18 ./Drivers/STM32F4xx_HAL_Driver/Src/stm32f4xx_hal_cortex.o
                0x0800183a                HAL_SYSTICK_Config
 *fill*         0x08001852        0x2 
 .text.HAL_GPIO_Init
                0x08001854      0x358 ./Drivers/STM32F4xx_HAL_Driver/Src/stm32f4xx_hal_gpio.o
                0x08001854                HAL_GPIO_Init
 .text.HAL_GPIO_ReadPin
                0x08001bac       0x30 ./Drivers/STM32F4xx_HAL_Driver/Src/stm32f4xx_hal_gpio.o
                0x08001bac                HAL_GPIO_ReadPin
 .text.HAL_GPIO_WritePin
                0x08001bdc       0x32 ./Drivers/STM32F4xx_HAL_Driver/Src/stm32f4xx_hal_gpio.o
                0x08001bdc                HAL_GPIO_WritePin
 .text.HAL_PCD_Init
                0x08001c0e      0x21e ./Drivers/STM32F4xx_HAL_Driver/Src/stm32f4xx_hal_pcd.o
                0x08001c0e                HAL_PCD_Init
 .text.HAL_PCD_Start
                0x08001e2c       0x6a ./Drivers/STM32F4xx_HAL_Driver/Src/stm32f4xx_hal_pcd.o
                0x08001e2c                HAL_PCD_Start
 .text.HAL_PCD_IRQHandler
                0x08001e96      0x942 ./Drivers/STM32F4xx_HAL_Driver/Src/stm32f4xx_hal_pcd.o
                0x08001e96                HAL_PCD_IRQHandler
 .text.HAL_PCD_SetAddress
                0x080027d8       0x48 ./Drivers/STM32F4xx_HAL_Driver/Src/stm32f4xx_hal_pcd.o
                0x080027d8                HAL_PCD_SetAddress
 .text.HAL_PCD_EP_Open
                0x08002820       0xd4 ./Drivers/STM32F4xx_HAL_Driver/Src/stm32f4xx_hal_pcd.o
                0x08002820                HAL_PCD_EP_Open
 .text.HAL_PCD_EP_Close
                0x080028f4       0x94 ./Drivers/STM32F4xx_HAL_Driver/Src/stm32f4xx_hal_pcd.o
                0x080028f4                HAL_PCD_EP_Close
 .text.HAL_PCD_EP_Receive
                0x08002988       0x76 ./Drivers/STM32F4xx_HAL_Driver/Src/stm32f4xx_hal_pcd.o
                0x08002988                HAL_PCD_EP_Receive
 .text.HAL_PCD_EP_Transmit
                0x080029fe       0x74 ./Drivers/STM32F4xx_HAL_Driver/Src/stm32f4xx_hal_pcd.o
                0x080029fe                HAL_PCD_EP_Transmit
 .text.HAL_PCD_EP_SetStall
                0x08002a72       0xc6 ./Drivers/STM32F4xx_HAL_Driver/Src/stm32f4xx_hal_pcd.o
                0x08002a72                HAL_PCD_EP_SetStall
 .text.HAL_PCD_EP_ClrStall
                0x08002b38       0xac ./Drivers/STM32F4xx_HAL_Driver/Src/stm32f4xx_hal_pcd.o
                0x08002b38                HAL_PCD_EP_ClrStall
 .text.HAL_PCD_EP_Abort
                0x08002be4       0x62 ./Drivers/STM32F4xx_HAL_Driver/Src/stm32f4xx_hal_pcd.o
                0x08002be4                HAL_PCD_EP_Abort
 .text.PCD_WriteEmptyTxFifo
                0x08002c46      0x118 ./Drivers/STM32F4xx_HAL_Driver/Src/stm32f4xx_hal_pcd.o
 *fill*         0x08002d5e        0x2 
 .text.PCD_EP_OutXfrComplete_int
                0x08002d60      0x1d0 ./Drivers/STM32F4xx_HAL_Driver/Src/stm32f4xx_hal_pcd.o
 .text.PCD_EP_OutSetupPacket_int
                0x08002f30       0x8c ./Drivers/STM32F4xx_HAL_Driver/Src/stm32f4xx_hal_pcd.o
 .text.HAL_PCDEx_SetTxFiFo
                0x08002fbc       0x8e ./Drivers/STM32F4xx_HAL_Driver/Src/stm32f4xx_hal_pcd_ex.o
                0x08002fbc                HAL_PCDEx_SetTxFiFo
 .text.HAL_PCDEx_SetRxFiFo
                0x0800304a       0x22 ./Drivers/STM32F4xx_HAL_Driver/Src/stm32f4xx_hal_pcd_ex.o
                0x0800304a                HAL_PCDEx_SetRxFiFo
 .text.HAL_PCDEx_LPM_Callback
                0x0800306c       0x18 ./Drivers/STM32F4xx_HAL_Driver/Src/stm32f4xx_hal_pcd_ex.o
                0x0800306c                HAL_PCDEx_LPM_Callback
 .text.HAL_RCC_OscConfig
                0x08003084      0x4f0 ./Drivers/STM32F4xx_HAL_Driver/Src/stm32f4xx_hal_rcc.o
                0x08003084                HAL_RCC_OscConfig
 .text.HAL_RCC_ClockConfig
                0x08003574      0x1cc ./Drivers/STM32F4xx_HAL_Driver/Src/stm32f4xx_hal_rcc.o
                0x08003574                HAL_RCC_ClockConfig
 .text.HAL_RCC_GetSysClockFreq
                0x08003740      0x20c ./Drivers/STM32F4xx_HAL_Driver/Src/stm32f4xx_hal_rcc.o
                0x08003740                HAL_RCC_GetSysClockFreq
 .text.HAL_RCC_GetHCLKFreq
                0x0800394c       0x18 ./Drivers/STM32F4xx_HAL_Driver/Src/stm32f4xx_hal_rcc.o
                0x0800394c                HAL_RCC_GetHCLKFreq
 .text.HAL_RCC_GetPCLK1Freq
                0x08003964       0x28 ./Drivers/STM32F4xx_HAL_Driver/Src/stm32f4xx_hal_rcc.o
                0x08003964                HAL_RCC_GetPCLK1Freq
 .text.HAL_RCC_GetPCLK2Freq
                0x0800398c       0x28 ./Drivers/STM32F4xx_HAL_Driver/Src/stm32f4xx_hal_rcc.o
                0x0800398c                HAL_RCC_GetPCLK2Freq
 .text.HAL_UART_Init
                0x080039b4       0xa0 ./Drivers/STM32F4xx_HAL_Driver/Src/stm32f4xx_hal_uart.o
                0x080039b4                HAL_UART_Init
 .text.UART_SetConfig
                0x08003a54      0x4e8 ./Drivers/STM32F4xx_HAL_Driver/Src/stm32f4xx_hal_uart.o
 .text.USB_CoreInit
                0x08003f3c       0xc8 ./Drivers/STM32F4xx_HAL_Driver/Src/stm32f4xx_ll_usb.o
                0x08003f3c                USB_CoreInit
 .text.USB_SetTurnaroundTime
                0x08004004      0x144 ./Drivers/STM32F4xx_HAL_Driver/Src/stm32f4xx_ll_usb.o
                0x08004004                USB_SetTurnaroundTime
 .text.USB_EnableGlobalInt
                0x08004148       0x22 ./Drivers/STM32F4xx_HAL_Driver/Src/stm32f4xx_ll_usb.o
                0x08004148                USB_EnableGlobalInt
 .text.USB_DisableGlobalInt
                0x0800416a       0x22 ./Drivers/STM32F4xx_HAL_Driver/Src/stm32f4xx_ll_usb.o
                0x0800416a                USB_DisableGlobalInt
 .text.USB_SetCurrentMode
                0x0800418c       0x98 ./Drivers/STM32F4xx_HAL_Driver/Src/stm32f4xx_ll_usb.o
                0x0800418c                USB_SetCurrentMode
 .text.USB_DevInit
                0x08004224      0x2c8 ./Drivers/STM32F4xx_HAL_Driver/Src/stm32f4xx_ll_usb.o
                0x08004224                USB_DevInit
 .text.USB_FlushTxFifo
                0x080044ec       0x64 ./Drivers/STM32F4xx_HAL_Driver/Src/stm32f4xx_ll_usb.o
                0x080044ec                USB_FlushTxFifo
 .text.USB_FlushRxFifo
                0x08004550       0x5c ./Drivers/STM32F4xx_HAL_Driver/Src/stm32f4xx_ll_usb.o
                0x08004550                USB_FlushRxFifo
 .text.USB_SetDevSpeed
                0x080045ac       0x32 ./Drivers/STM32F4xx_HAL_Driver/Src/stm32f4xx_ll_usb.o
                0x080045ac                USB_SetDevSpeed
 .text.USB_GetDevSpeed
                0x080045de       0x4a ./Drivers/STM32F4xx_HAL_Driver/Src/stm32f4xx_ll_usb.o
                0x080045de                USB_GetDevSpeed
 .text.USB_ActivateEndpoint
                0x08004628      0x10e ./Drivers/STM32F4xx_HAL_Driver/Src/stm32f4xx_ll_usb.o
                0x08004628                USB_ActivateEndpoint
 *fill*         0x08004736        0x2 
 .text.USB_DeactivateEndpoint
                0x08004738      0x1b8 ./Drivers/STM32F4xx_HAL_Driver/Src/stm32f4xx_ll_usb.o
                0x08004738                USB_DeactivateEndpoint
 .text.USB_EPStartXfer
                0x080048f0      0x53c ./Drivers/STM32F4xx_HAL_Driver/Src/stm32f4xx_ll_usb.o
                0x080048f0                USB_EPStartXfer
 .text.USB_EPStopXfer
                0x08004e2c      0x154 ./Drivers/STM32F4xx_HAL_Driver/Src/stm32f4xx_ll_usb.o
                0x08004e2c                USB_EPStopXfer
 .text.USB_WritePacket
                0x08004f80       0x7c ./Drivers/STM32F4xx_HAL_Driver/Src/stm32f4xx_ll_usb.o
                0x08004f80                USB_WritePacket
 .text.USB_ReadPacket
                0x08004ffc       0xb0 ./Drivers/STM32F4xx_HAL_Driver/Src/stm32f4xx_ll_usb.o
                0x08004ffc                USB_ReadPacket
 .text.USB_EPSetStall
                0x080050ac       0xdc ./Drivers/STM32F4xx_HAL_Driver/Src/stm32f4xx_ll_usb.o
                0x080050ac                USB_EPSetStall
 .text.USB_EPClearStall
                0x08005188       0xcc ./Drivers/STM32F4xx_HAL_Driver/Src/stm32f4xx_ll_usb.o
                0x08005188                USB_EPClearStall
 .text.USB_SetDevAddress
                0x08005254       0x4c ./Drivers/STM32F4xx_HAL_Driver/Src/stm32f4xx_ll_usb.o
                0x08005254                USB_SetDevAddress
 .text.USB_DevConnect
                0x080052a0       0x42 ./Drivers/STM32F4xx_HAL_Driver/Src/stm32f4xx_ll_usb.o
                0x080052a0                USB_DevConnect
 .text.USB_DevDisconnect
                0x080052e2       0x42 ./Drivers/STM32F4xx_HAL_Driver/Src/stm32f4xx_ll_usb.o
                0x080052e2                USB_DevDisconnect
 .text.USB_ReadInterrupts
                0x08005324       0x26 ./Drivers/STM32F4xx_HAL_Driver/Src/stm32f4xx_ll_usb.o
                0x08005324                USB_ReadInterrupts
 .text.USB_ReadDevAllOutEpInterrupt
                0x0800534a       0x34 ./Drivers/STM32F4xx_HAL_Driver/Src/stm32f4xx_ll_usb.o
                0x0800534a                USB_ReadDevAllOutEpInterrupt
 .text.USB_ReadDevAllInEpInterrupt
                0x0800537e       0x34 ./Drivers/STM32F4xx_HAL_Driver/Src/stm32f4xx_ll_usb.o
                0x0800537e                USB_ReadDevAllInEpInterrupt
 .text.USB_ReadDevOutEPInterrupt
                0x080053b2       0x3c ./Drivers/STM32F4xx_HAL_Driver/Src/stm32f4xx_ll_usb.o
                0x080053b2                USB_ReadDevOutEPInterrupt
 .text.USB_ReadDevInEPInterrupt
                0x080053ee       0x5c ./Drivers/STM32F4xx_HAL_Driver/Src/stm32f4xx_ll_usb.o
                0x080053ee                USB_ReadDevInEPInterrupt
 .text.USB_GetMode
                0x0800544a       0x1c ./Drivers/STM32F4xx_HAL_Driver/Src/stm32f4xx_ll_usb.o
                0x0800544a                USB_GetMode
 .text.USB_ActivateSetup
                0x08005466       0x46 ./Drivers/STM32F4xx_HAL_Driver/Src/stm32f4xx_ll_usb.o
                0x08005466                USB_ActivateSetup
 .text.USB_EP0_OutStart
                0x080054ac       0xbc ./Drivers/STM32F4xx_HAL_Driver/Src/stm32f4xx_ll_usb.o
                0x080054ac                USB_EP0_OutStart
 .text.USB_CoreReset
                0x08005568       0x62 ./Drivers/STM32F4xx_HAL_Driver/Src/stm32f4xx_ll_usb.o
 *fill*         0x080055ca        0x2 
 .text.USBD_HID_Init
                0x080055cc       0xcc ./Middlewares/ST/STM32_USB_Device_Library/Class/HID/Src/usbd_hid.o
 .text.USBD_HID_DeInit
                0x08005698       0x90 ./Middlewares/ST/STM32_USB_Device_Library/Class/HID/Src/usbd_hid.o
 .text.USBD_HID_Setup
                0x08005728      0x210 ./Middlewares/ST/STM32_USB_Device_Library/Class/HID/Src/usbd_hid.o
 .text.USBD_HID_SendReport
                0x08005938       0x60 ./Middlewares/ST/STM32_USB_Device_Library/Class/HID/Src/usbd_hid.o
                0x08005938                USBD_HID_SendReport
 .text.USBD_HID_GetPollingInterval
                0x08005998       0x28 ./Middlewares/ST/STM32_USB_Device_Library/Class/HID/Src/usbd_hid.o
                0x08005998                USBD_HID_GetPollingInterval
 .text.USBD_HID_GetFSCfgDesc
                0x080059c0       0x34 ./Middlewares/ST/STM32_USB_Device_Library/Class/HID/Src/usbd_hid.o
 .text.USBD_HID_GetHSCfgDesc
                0x080059f4       0x34 ./Middlewares/ST/STM32_USB_Device_Library/Class/HID/Src/usbd_hid.o
 .text.USBD_HID_GetOtherSpeedCfgDesc
                0x08005a28       0x34 ./Middlewares/ST/STM32_USB_Device_Library/Class/HID/Src/usbd_hid.o
 .text.USBD_HID_DataIn
                0x08005a5c       0x2c ./Middlewares/ST/STM32_USB_Device_Library/Class/HID/Src/usbd_hid.o
 .text.USBD_HID_GetDeviceQualifierDesc
                0x08005a88       0x20 ./Middlewares/ST/STM32_USB_Device_Library/Class/HID/Src/usbd_hid.o
 .text.USBD_Init
                0x08005aa8       0x60 ./Middlewares/ST/STM32_USB_Device_Library/Core/Src/usbd_core.o
                0x08005aa8                USBD_Init
 .text.USBD_RegisterClass
                0x08005b08       0x6c ./Middlewares/ST/STM32_USB_Device_Library/Core/Src/usbd_core.o
                0x08005b08                USBD_RegisterClass
 .text.USBD_Start
                0x08005b74       0x18 ./Middlewares/ST/STM32_USB_Device_Library/Core/Src/usbd_core.o
                0x08005b74                USBD_Start
 .text.USBD_RunTestMode
                0x08005b8c       0x16 ./Middlewares/ST/STM32_USB_Device_Library/Core/Src/usbd_core.o
                0x08005b8c                USBD_RunTestMode
 .text.USBD_SetClassConfig
                0x08005ba2       0x38 ./Middlewares/ST/STM32_USB_Device_Library/Core/Src/usbd_core.o
                0x08005ba2                USBD_SetClassConfig
 .text.USBD_ClrClassConfig
                0x08005bda       0x34 ./Middlewares/ST/STM32_USB_Device_Library/Core/Src/usbd_core.o
                0x08005bda                USBD_ClrClassConfig
 .text.USBD_LL_SetupStage
                0x08005c0e       0xaa ./Middlewares/ST/STM32_USB_Device_Library/Core/Src/usbd_core.o
                0x08005c0e                USBD_LL_SetupStage
 .text.USBD_LL_DataOutStage
                0x08005cb8      0x166 ./Middlewares/ST/STM32_USB_Device_Library/Core/Src/usbd_core.o
                0x08005cb8                USBD_LL_DataOutStage
 .text.USBD_LL_DataInStage
                0x08005e1e      0x164 ./Middlewares/ST/STM32_USB_Device_Library/Core/Src/usbd_core.o
                0x08005e1e                USBD_LL_DataInStage
 .text.USBD_LL_Reset
                0x08005f82       0xa4 ./Middlewares/ST/STM32_USB_Device_Library/Core/Src/usbd_core.o
                0x08005f82                USBD_LL_Reset
 .text.USBD_LL_SetSpeed
                0x08006026       0x20 ./Middlewares/ST/STM32_USB_Device_Library/Core/Src/usbd_core.o
                0x08006026                USBD_LL_SetSpeed
 .text.USBD_LL_Suspend
                0x08006046       0x38 ./Middlewares/ST/STM32_USB_Device_Library/Core/Src/usbd_core.o
                0x08006046                USBD_LL_Suspend
 .text.USBD_LL_Resume
                0x0800607e       0x30 ./Middlewares/ST/STM32_USB_Device_Library/Core/Src/usbd_core.o
                0x0800607e                USBD_LL_Resume
 .text.USBD_LL_SOF
                0x080060ae       0x40 ./Middlewares/ST/STM32_USB_Device_Library/Core/Src/usbd_core.o
                0x080060ae                USBD_LL_SOF
 .text.USBD_LL_IsoINIncomplete
                0x080060ee       0x64 ./Middlewares/ST/STM32_USB_Device_Library/Core/Src/usbd_core.o
                0x080060ee                USBD_LL_IsoINIncomplete
 .text.USBD_LL_IsoOUTIncomplete
                0x08006152       0x64 ./Middlewares/ST/STM32_USB_Device_Library/Core/Src/usbd_core.o
                0x08006152                USBD_LL_IsoOUTIncomplete
 .text.USBD_LL_DevConnected
                0x080061b6       0x16 ./Middlewares/ST/STM32_USB_Device_Library/Core/Src/usbd_core.o
                0x080061b6                USBD_LL_DevConnected
 .text.USBD_LL_DevDisconnected
                0x080061cc       0x46 ./Middlewares/ST/STM32_USB_Device_Library/Core/Src/usbd_core.o
                0x080061cc                USBD_LL_DevDisconnected
 .text.USBD_CoreFindIF
                0x08006212       0x1a ./Middlewares/ST/STM32_USB_Device_Library/Core/Src/usbd_core.o
                0x08006212                USBD_CoreFindIF
 .text.USBD_CoreFindEP
                0x0800622c       0x1a ./Middlewares/ST/STM32_USB_Device_Library/Core/Src/usbd_core.o
                0x0800622c                USBD_CoreFindEP
 .text.USBD_GetEpDesc
                0x08006246       0x70 ./Middlewares/ST/STM32_USB_Device_Library/Core/Src/usbd_core.o
                0x08006246                USBD_GetEpDesc
 .text.USBD_GetNextDesc
                0x080062b6       0x38 ./Middlewares/ST/STM32_USB_Device_Library/Core/Src/usbd_core.o
                0x080062b6                USBD_GetNextDesc
 .text.SWAPBYTE
                0x080062ee       0x3c ./Middlewares/ST/STM32_USB_Device_Library/Core/Src/usbd_ctlreq.o
 *fill*         0x0800632a        0x2 
 .text.USBD_StdDevReq
                0x0800632c       0xe4 ./Middlewares/ST/STM32_USB_Device_Library/Core/Src/usbd_ctlreq.o
                0x0800632c                USBD_StdDevReq
 .text.USBD_StdItfReq
                0x08006410       0xd8 ./Middlewares/ST/STM32_USB_Device_Library/Core/Src/usbd_ctlreq.o
                0x08006410                USBD_StdItfReq
 .text.USBD_StdEPReq
                0x080064e8      0x33a ./Middlewares/ST/STM32_USB_Device_Library/Core/Src/usbd_ctlreq.o
                0x080064e8                USBD_StdEPReq
 *fill*         0x08006822        0x2 
 .text.USBD_GetDescriptor
                0x08006824      0x2d4 ./Middlewares/ST/STM32_USB_Device_Library/Core/Src/usbd_ctlreq.o
 .text.USBD_SetAddress
                0x08006af8       0x88 ./Middlewares/ST/STM32_USB_Device_Library/Core/Src/usbd_ctlreq.o
 .text.USBD_SetConfig
                0x08006b80      0x154 ./Middlewares/ST/STM32_USB_Device_Library/Core/Src/usbd_ctlreq.o
 .text.USBD_GetConfig
                0x08006cd4       0x6c ./Middlewares/ST/STM32_USB_Device_Library/Core/Src/usbd_ctlreq.o
 .text.USBD_GetStatus
                0x08006d40       0x68 ./Middlewares/ST/STM32_USB_Device_Library/Core/Src/usbd_ctlreq.o
 .text.USBD_SetFeature
                0x08006da8       0x52 ./Middlewares/ST/STM32_USB_Device_Library/Core/Src/usbd_ctlreq.o
 .text.USBD_ClrFeature
                0x08006dfa       0x44 ./Middlewares/ST/STM32_USB_Device_Library/Core/Src/usbd_ctlreq.o
 .text.USBD_ParseSetupRequest
                0x08006e3e       0x74 ./Middlewares/ST/STM32_USB_Device_Library/Core/Src/usbd_ctlreq.o
                0x08006e3e                USBD_ParseSetupRequest
 .text.USBD_CtlError
                0x08006eb2       0x22 ./Middlewares/ST/STM32_USB_Device_Library/Core/Src/usbd_ctlreq.o
                0x08006eb2                USBD_CtlError
 .text.USBD_GetString
                0x08006ed4       0xa4 ./Middlewares/ST/STM32_USB_Device_Library/Core/Src/usbd_ctlreq.o
                0x08006ed4                USBD_GetString
 .text.USBD_GetLen
                0x08006f78       0x34 ./Middlewares/ST/STM32_USB_Device_Library/Core/Src/usbd_ctlreq.o
 .text.USBD_CtlSendData
                0x08006fac       0x36 ./Middlewares/ST/STM32_USB_Device_Library/Core/Src/usbd_ioreq.o
                0x08006fac                USBD_CtlSendData
 .text.USBD_CtlContinueSendData
                0x08006fe2       0x22 ./Middlewares/ST/STM32_USB_Device_Library/Core/Src/usbd_ioreq.o
                0x08006fe2                USBD_CtlContinueSendData
 .text.USBD_CtlContinueRx
                0x08007004       0x22 ./Middlewares/ST/STM32_USB_Device_Library/Core/Src/usbd_ioreq.o
                0x08007004                USBD_CtlContinueRx
 .text.USBD_CtlSendStatus
                0x08007026       0x26 ./Middlewares/ST/STM32_USB_Device_Library/Core/Src/usbd_ioreq.o
                0x08007026                USBD_CtlSendStatus
 .text.USBD_CtlReceiveStatus
                0x0800704c       0x26 ./Middlewares/ST/STM32_USB_Device_Library/Core/Src/usbd_ioreq.o
                0x0800704c                USBD_CtlReceiveStatus
 *fill*         0x08007072        0x2 
 .text.MX_USB_DEVICE_Init
                0x08007074       0x4c ./USB_DEVICE/App/usb_device.o
                0x08007074                MX_USB_DEVICE_Init
 .text.USBD_FS_DeviceDescriptor
                0x080070c0       0x24 ./USB_DEVICE/App/usbd_desc.o
                0x080070c0                USBD_FS_DeviceDescriptor
 .text.USBD_FS_LangIDStrDescriptor
                0x080070e4       0x24 ./USB_DEVICE/App/usbd_desc.o
                0x080070e4                USBD_FS_LangIDStrDescriptor
 .text.USBD_FS_ProductStrDescriptor
                0x08007108       0x3c ./USB_DEVICE/App/usbd_desc.o
                0x08007108                USBD_FS_ProductStrDescriptor
 .text.USBD_FS_ManufacturerStrDescriptor
                0x08007144       0x28 ./USB_DEVICE/App/usbd_desc.o
                0x08007144                USBD_FS_ManufacturerStrDescriptor
 .text.USBD_FS_SerialStrDescriptor
                0x0800716c       0x24 ./USB_DEVICE/App/usbd_desc.o
                0x0800716c                USBD_FS_SerialStrDescriptor
 .text.USBD_FS_ConfigStrDescriptor
                0x08007190       0x3c ./USB_DEVICE/App/usbd_desc.o
                0x08007190                USBD_FS_ConfigStrDescriptor
 .text.USBD_FS_InterfaceStrDescriptor
                0x080071cc       0x3c ./USB_DEVICE/App/usbd_desc.o
                0x080071cc                USBD_FS_InterfaceStrDescriptor
 .text.Get_SerialNum
                0x08007208       0x58 ./USB_DEVICE/App/usbd_desc.o
 .text.IntToUnicode
                0x08007260       0x7e ./USB_DEVICE/App/usbd_desc.o
 *fill*         0x080072de        0x2 
 .text.HAL_PCD_MspInit
                0x080072e0       0xc4 ./USB_DEVICE/Target/usbd_conf.o
                0x080072e0                HAL_PCD_MspInit
 .text.HAL_PCD_SetupStageCallback
                0x080073a4       0x24 ./USB_DEVICE/Target/usbd_conf.o
                0x080073a4                HAL_PCD_SetupStageCallback
 .text.HAL_PCD_DataOutStageCallback
                0x080073c8       0x36 ./USB_DEVICE/Target/usbd_conf.o
                0x080073c8                HAL_PCD_DataOutStageCallback
 .text.HAL_PCD_DataInStageCallback
                0x080073fe       0x34 ./USB_DEVICE/Target/usbd_conf.o
                0x080073fe                HAL_PCD_DataInStageCallback
 .text.HAL_PCD_SOFCallback
                0x08007432       0x1c ./USB_DEVICE/Target/usbd_conf.o
                0x08007432                HAL_PCD_SOFCallback
 .text.HAL_PCD_ResetCallback
                0x0800744e       0x50 ./USB_DEVICE/Target/usbd_conf.o
                0x0800744e                HAL_PCD_ResetCallback
 *fill*         0x0800749e        0x2 
 .text.HAL_PCD_SuspendCallback
                0x080074a0       0x4c ./USB_DEVICE/Target/usbd_conf.o
                0x080074a0                HAL_PCD_SuspendCallback
 .text.HAL_PCD_ResumeCallback
                0x080074ec       0x1c ./USB_DEVICE/Target/usbd_conf.o
                0x080074ec                HAL_PCD_ResumeCallback
 .text.HAL_PCD_ISOOUTIncompleteCallback
                0x08007508       0x24 ./USB_DEVICE/Target/usbd_conf.o
                0x08007508                HAL_PCD_ISOOUTIncompleteCallback
 .text.HAL_PCD_ISOINIncompleteCallback
                0x0800752c       0x24 ./USB_DEVICE/Target/usbd_conf.o
                0x0800752c                HAL_PCD_ISOINIncompleteCallback
 .text.HAL_PCD_ConnectCallback
                0x08007550       0x1c ./USB_DEVICE/Target/usbd_conf.o
                0x08007550                HAL_PCD_ConnectCallback
 .text.HAL_PCD_DisconnectCallback
                0x0800756c       0x1c ./USB_DEVICE/Target/usbd_conf.o
                0x0800756c                HAL_PCD_DisconnectCallback
 .text.USBD_LL_Init
                0x08007588       0x98 ./USB_DEVICE/Target/usbd_conf.o
                0x08007588                USBD_LL_Init
 .text.USBD_LL_Start
                0x08007620       0x36 ./USB_DEVICE/Target/usbd_conf.o
                0x08007620                USBD_LL_Start
 .text.USBD_LL_OpenEP
                0x08007656       0x4c ./USB_DEVICE/Target/usbd_conf.o
                0x08007656                USBD_LL_OpenEP
 .text.USBD_LL_CloseEP
                0x080076a2       0x3e ./USB_DEVICE/Target/usbd_conf.o
                0x080076a2                USBD_LL_CloseEP
 .text.USBD_LL_StallEP
                0x080076e0       0x3e ./USB_DEVICE/Target/usbd_conf.o
                0x080076e0                USBD_LL_StallEP
 .text.USBD_LL_ClearStallEP
                0x0800771e       0x3e ./USB_DEVICE/Target/usbd_conf.o
                0x0800771e                USBD_LL_ClearStallEP
 .text.USBD_LL_IsStallEP
                0x0800775c       0x58 ./USB_DEVICE/Target/usbd_conf.o
                0x0800775c                USBD_LL_IsStallEP
 .text.USBD_LL_SetUSBAddress
                0x080077b4       0x3e ./USB_DEVICE/Target/usbd_conf.o
                0x080077b4                USBD_LL_SetUSBAddress
 .text.USBD_LL_Transmit
                0x080077f2       0x42 ./USB_DEVICE/Target/usbd_conf.o
                0x080077f2                USBD_LL_Transmit
 .text.USBD_LL_PrepareReceive
                0x08007834       0x42 ./USB_DEVICE/Target/usbd_conf.o
                0x08007834                USBD_LL_PrepareReceive
 *fill*         0x08007876        0x2 
 .text.USBD_static_malloc
                0x08007878       0x1c ./USB_DEVICE/Target/usbd_conf.o
                0x08007878                USBD_static_malloc
 .text.USBD_static_free
                0x08007894       0x14 ./USB_DEVICE/Target/usbd_conf.o
                0x08007894                USBD_static_free
 .text.USBD_Get_USB_Status
                0x080078a8       0x58 ./USB_DEVICE/Target/usbd_conf.o
                0x080078a8                USBD_Get_USB_Status
 .text.memset   0x08007900       0x10 C:/appz/ST/STM32CubeIDE_1.10.1/STM32CubeIDE/plugins/com.st.stm32cube.ide.mcu.externaltools.gnu-tools-for-stm32.12.3.rel1.win32_1.0.200.202406191623/tools/bin/../lib/gcc/arm-none-eabi/12.3.1/../../../../arm-none-eabi/lib/thumb/v7e-m+fp/hard\libc_nano.a(libc_a-memset.o)
                0x08007900                memset
 .text.__libc_init_array
                0x08007910       0x48 C:/appz/ST/STM32CubeIDE_1.10.1/STM32CubeIDE/plugins/com.st.stm32cube.ide.mcu.externaltools.gnu-tools-for-stm32.12.3.rel1.win32_1.0.200.202406191623/tools/bin/../lib/gcc/arm-none-eabi/12.3.1/../../../../arm-none-eabi/lib/thumb/v7e-m+fp/hard\libc_nano.a(libc_a-init.o)
                0x08007910                __libc_init_array
 .text.cos      0x08007958       0xa8 C:/appz/ST/STM32CubeIDE_1.10.1/STM32CubeIDE/plugins/com.st.stm32cube.ide.mcu.externaltools.gnu-tools-for-stm32.12.3.rel1.win32_1.0.200.202406191623/tools/bin/../lib/gcc/arm-none-eabi/12.3.1/../../../../arm-none-eabi/lib/thumb/v7e-m+fp/hard\libm.a(libm_a-s_cos.o)
                0x08007958                cos
 .text.sin      0x08007a00       0xa8 C:/appz/ST/STM32CubeIDE_1.10.1/STM32CubeIDE/plugins/com.st.stm32cube.ide.mcu.externaltools.gnu-tools-for-stm32.12.3.rel1.win32_1.0.200.202406191623/tools/bin/../lib/gcc/arm-none-eabi/12.3.1/../../../../arm-none-eabi/lib/thumb/v7e-m+fp/hard\libm.a(libm_a-s_sin.o)
                0x08007a00                sin
 .text.round    0x08007aa8       0x8c C:/appz/ST/STM32CubeIDE_1.10.1/STM32CubeIDE/plugins/com.st.stm32cube.ide.mcu.externaltools.gnu-tools-for-stm32.12.3.rel1.win32_1.0.200.202406191623/tools/bin/../lib/gcc/arm-none-eabi/12.3.1/../../../../arm-none-eabi/lib/thumb/v7e-m+fp/hard\libm.a(libm_a-s_round.o)
                0x08007aa8                round
 *fill*         0x08007b34        0x4 
 .text.__kernel_cos
                0x08007b38      0x18c C:/appz/ST/STM32CubeIDE_1.10.1/STM32CubeIDE/plugins/com.st.stm32cube.ide.mcu.externaltools.gnu-tools-for-stm32.12.3.rel1.win32_1.0.200.202406191623/tools/bin/../lib/gcc/arm-none-eabi/12.3.1/../../../../arm-none-eabi/lib/thumb/v7e-m+fp/hard\libm.a(libm_a-k_cos.o)
                0x08007b38                __kernel_cos
 *fill*         0x08007cc4        0x4 
 .text.__kernel_sin
                0x08007cc8      0x174 C:/appz/ST/STM32CubeIDE_1.10.1/STM32CubeIDE/plugins/com.st.stm32cube.ide.mcu.externaltools.gnu-tools-for-stm32.12.3.rel1.win32_1.0.200.202406191623/tools/bin/../lib/gcc/arm-none-eabi/12.3.1/../../../../arm-none-eabi/lib/thumb/v7e-m+fp/hard\libm.a(libm_a-k_sin.o)
                0x08007cc8                __kernel_sin
 *fill*         0x08007e3c        0x4 
 .text.__ieee754_rem_pio2
                0x08007e40      0x3f8 C:/appz/ST/STM32CubeIDE_1.10.1/STM32CubeIDE/plugins/com.st.stm32cube.ide.mcu.externaltools.gnu-tools-for-stm32.12.3.rel1.win32_1.0.200.202406191623/tools/bin/../lib/gcc/arm-none-eabi/12.3.1/../../../../arm-none-eabi/lib/thumb/v7e-m+fp/hard\libm.a(libm_a-e_rem_pio2.o)
                0x08007e40                __ieee754_rem_pio2
 .text.fabs     0x08008238       0x10 C:/appz/ST/STM32CubeIDE_1.10.1/STM32CubeIDE/plugins/com.st.stm32cube.ide.mcu.externaltools.gnu-tools-for-stm32.12.3.rel1.win32_1.0.200.202406191623/tools/bin/../lib/gcc/arm-none-eabi/12.3.1/../../../../arm-none-eabi/lib/thumb/v7e-m+fp/hard\libm.a(libm_a-s_fabs.o)
                0x08008238                fabs
 .text.__kernel_rem_pio2
                0x08008248      0x6b0 C:/appz/ST/STM32CubeIDE_1.10.1/STM32CubeIDE/plugins/com.st.stm32cube.ide.mcu.externaltools.gnu-tools-for-stm32.12.3.rel1.win32_1.0.200.202406191623/tools/bin/../lib/gcc/arm-none-eabi/12.3.1/../../../../arm-none-eabi/lib/thumb/v7e-m+fp/hard\libm.a(libm_a-k_rem_pio2.o)
                0x08008248                __kernel_rem_pio2
 .text.scalbn   0x080088f8       0xfc C:/appz/ST/STM32CubeIDE_1.10.1/STM32CubeIDE/plugins/com.st.stm32cube.ide.mcu.externaltools.gnu-tools-for-stm32.12.3.rel1.win32_1.0.200.202406191623/tools/bin/../lib/gcc/arm-none-eabi/12.3.1/../../../../arm-none-eabi/lib/thumb/v7e-m+fp/hard\libm.a(libm_a-s_scalbn.o)
                0x080088f8                scalbn
 *fill*         0x080089f4        0x4 
 .text.floor    0x080089f8       0xf8 C:/appz/ST/STM32CubeIDE_1.10.1/STM32CubeIDE/plugins/com.st.stm32cube.ide.mcu.externaltools.gnu-tools-for-stm32.12.3.rel1.win32_1.0.200.202406191623/tools/bin/../lib/gcc/arm-none-eabi/12.3.1/../../../../arm-none-eabi/lib/thumb/v7e-m+fp/hard\libm.a(libm_a-s_floor.o)
                0x080089f8                floor
 *(.glue_7)
 .glue_7        0x08008af0        0x0 linker stubs
 *(.glue_7t)
 .glue_7t       0x08008af0        0x0 linker stubs
 *(.eh_frame)
 .eh_frame      0x08008af0        0x0 C:/appz/ST/STM32CubeIDE_1.10.1/STM32CubeIDE/plugins/com.st.stm32cube.ide.mcu.externaltools.gnu-tools-for-stm32.12.3.rel1.win32_1.0.200.202406191623/tools/bin/../lib/gcc/arm-none-eabi/12.3.1/thumb/v7e-m+fp/hard/crtbegin.o
 *(.init)
 .init          0x08008af0        0x4 C:/appz/ST/STM32CubeIDE_1.10.1/STM32CubeIDE/plugins/com.st.stm32cube.ide.mcu.externaltools.gnu-tools-for-stm32.12.3.rel1.win32_1.0.200.202406191623/tools/bin/../lib/gcc/arm-none-eabi/12.3.1/thumb/v7e-m+fp/hard/crti.o
                0x08008af0                _init
 .init          0x08008af4        0x8 C:/appz/ST/STM32CubeIDE_1.10.1/STM32CubeIDE/plugins/com.st.stm32cube.ide.mcu.externaltools.gnu-tools-for-stm32.12.3.rel1.win32_1.0.200.202406191623/tools/bin/../lib/gcc/arm-none-eabi/12.3.1/thumb/v7e-m+fp/hard/crtn.o
 *(.fini)
 .fini          0x08008afc        0x4 C:/appz/ST/STM32CubeIDE_1.10.1/STM32CubeIDE/plugins/com.st.stm32cube.ide.mcu.externaltools.gnu-tools-for-stm32.12.3.rel1.win32_1.0.200.202406191623/tools/bin/../lib/gcc/arm-none-eabi/12.3.1/thumb/v7e-m+fp/hard/crti.o
                0x08008afc                _fini
 .fini          0x08008b00        0x8 C:/appz/ST/STM32CubeIDE_1.10.1/STM32CubeIDE/plugins/com.st.stm32cube.ide.mcu.externaltools.gnu-tools-for-stm32.12.3.rel1.win32_1.0.200.202406191623/tools/bin/../lib/gcc/arm-none-eabi/12.3.1/thumb/v7e-m+fp/hard/crtn.o
                0x08008b08                        . = ALIGN (0x4)
                0x08008b08                        _etext = .

.vfp11_veneer   0x08008b08        0x0
 .vfp11_veneer  0x08008b08        0x0 linker stubs

.v4_bx          0x08008b08        0x0
 .v4_bx         0x08008b08        0x0 linker stubs

.iplt           0x08008b08        0x0
 .iplt          0x08008b08        0x0 C:/appz/ST/STM32CubeIDE_1.10.1/STM32CubeIDE/plugins/com.st.stm32cube.ide.mcu.externaltools.gnu-tools-for-stm32.12.3.rel1.win32_1.0.200.202406191623/tools/bin/../lib/gcc/arm-none-eabi/12.3.1/thumb/v7e-m+fp/hard/crtbegin.o

.rodata         0x08008b08      0x238
                0x08008b08                        . = ALIGN (0x4)
 *(.rodata)
 .rodata        0x08008b08       0x46 ./USB_DEVICE/App/usbd_desc.o
 *(.rodata*)
 *fill*         0x08008b4e        0x2 
 .rodata.AHBPrescTable
                0x08008b50       0x10 ./Core/Src/system_stm32f4xx.o
                0x08008b50                AHBPrescTable
 .rodata.APBPrescTable
                0x08008b60        0x8 ./Core/Src/system_stm32f4xx.o
                0x08008b60                APBPrescTable
 .rodata.npio2_hw
                0x08008b68       0x80 C:/appz/ST/STM32CubeIDE_1.10.1/STM32CubeIDE/plugins/com.st.stm32cube.ide.mcu.externaltools.gnu-tools-for-stm32.12.3.rel1.win32_1.0.200.202406191623/tools/bin/../lib/gcc/arm-none-eabi/12.3.1/../../../../arm-none-eabi/lib/thumb/v7e-m+fp/hard\libm.a(libm_a-e_rem_pio2.o)
 .rodata.two_over_pi
                0x08008be8      0x108 C:/appz/ST/STM32CubeIDE_1.10.1/STM32CubeIDE/plugins/com.st.stm32cube.ide.mcu.externaltools.gnu-tools-for-stm32.12.3.rel1.win32_1.0.200.202406191623/tools/bin/../lib/gcc/arm-none-eabi/12.3.1/../../../../arm-none-eabi/lib/thumb/v7e-m+fp/hard\libm.a(libm_a-e_rem_pio2.o)
 .rodata.PIo2   0x08008cf0       0x40 C:/appz/ST/STM32CubeIDE_1.10.1/STM32CubeIDE/plugins/com.st.stm32cube.ide.mcu.externaltools.gnu-tools-for-stm32.12.3.rel1.win32_1.0.200.202406191623/tools/bin/../lib/gcc/arm-none-eabi/12.3.1/../../../../arm-none-eabi/lib/thumb/v7e-m+fp/hard\libm.a(libm_a-k_rem_pio2.o)
 .rodata.init_jk
                0x08008d30       0x10 C:/appz/ST/STM32CubeIDE_1.10.1/STM32CubeIDE/plugins/com.st.stm32cube.ide.mcu.externaltools.gnu-tools-for-stm32.12.3.rel1.win32_1.0.200.202406191623/tools/bin/../lib/gcc/arm-none-eabi/12.3.1/../../../../arm-none-eabi/lib/thumb/v7e-m+fp/hard\libm.a(libm_a-k_rem_pio2.o)
                0x08008d40                        . = ALIGN (0x4)

.ARM.extab      0x08008d40        0x0
                0x08008d40                        . = ALIGN (0x4)
 *(.ARM.extab* .gnu.linkonce.armextab.*)
                0x08008d40                        . = ALIGN (0x4)

.ARM            0x08008d40        0x8
                0x08008d40                        . = ALIGN (0x4)
                0x08008d40                        __exidx_start = .
 *(.ARM.exidx*)
 .ARM.exidx     0x08008d40        0x8 C:/appz/ST/STM32CubeIDE_1.10.1/STM32CubeIDE/plugins/com.st.stm32cube.ide.mcu.externaltools.gnu-tools-for-stm32.12.3.rel1.win32_1.0.200.202406191623/tools/bin/../lib/gcc/arm-none-eabi/12.3.1/thumb/v7e-m+fp/hard\libgcc.a(_udivmoddi4.o)
                0x08008d48                        __exidx_end = .
                0x08008d48                        . = ALIGN (0x4)

.preinit_array  0x08008d48        0x0
                0x08008d48                        . = ALIGN (0x4)
                0x08008d48                        PROVIDE (__preinit_array_start = .)
 *(.preinit_array*)
                0x08008d48                        PROVIDE (__preinit_array_end = .)
                0x08008d48                        . = ALIGN (0x4)

.init_array     0x08008d48        0x4
                0x08008d48                        . = ALIGN (0x4)
                0x08008d48                        PROVIDE (__init_array_start = .)
 *(SORT_BY_NAME(.init_array.*))
 *(.init_array*)
 .init_array    0x08008d48        0x4 C:/appz/ST/STM32CubeIDE_1.10.1/STM32CubeIDE/plugins/com.st.stm32cube.ide.mcu.externaltools.gnu-tools-for-stm32.12.3.rel1.win32_1.0.200.202406191623/tools/bin/../lib/gcc/arm-none-eabi/12.3.1/thumb/v7e-m+fp/hard/crtbegin.o
                0x08008d4c                        PROVIDE (__init_array_end = .)
                0x08008d4c                        . = ALIGN (0x4)

.fini_array     0x08008d4c        0x4
                0x08008d4c                        . = ALIGN (0x4)
                [!provide]                        PROVIDE (__fini_array_start = .)
 *(SORT_BY_NAME(.fini_array.*))
 *(.fini_array*)
 .fini_array    0x08008d4c        0x4 C:/appz/ST/STM32CubeIDE_1.10.1/STM32CubeIDE/plugins/com.st.stm32cube.ide.mcu.externaltools.gnu-tools-for-stm32.12.3.rel1.win32_1.0.200.202406191623/tools/bin/../lib/gcc/arm-none-eabi/12.3.1/thumb/v7e-m+fp/hard/crtbegin.o
                [!provide]                        PROVIDE (__fini_array_end = .)
                0x08008d50                        . = ALIGN (0x4)
                0x08008d50                        _sidata = LOADADDR (.data)

.rel.dyn        0x08008d50        0x0
 .rel.iplt      0x08008d50        0x0 C:/appz/ST/STM32CubeIDE_1.10.1/STM32CubeIDE/plugins/com.st.stm32cube.ide.mcu.externaltools.gnu-tools-for-stm32.12.3.rel1.win32_1.0.200.202406191623/tools/bin/../lib/gcc/arm-none-eabi/12.3.1/thumb/v7e-m+fp/hard/crtbegin.o

.data           0x20000000      0x11c load address 0x08008d50
                0x20000000                        . = ALIGN (0x4)
                0x20000000                        _sdata = .
 *(.data)
 *(.data*)
 .data.SystemCoreClock
                0x20000000        0x4 ./Core/Src/system_stm32f4xx.o
                0x20000000                SystemCoreClock
 .data.uwTickPrio
                0x20000004        0x4 ./Drivers/STM32F4xx_HAL_Driver/Src/stm32f4xx_hal.o
                0x20000004                uwTickPrio
 .data.uwTickFreq
                0x20000008        0x1 ./Drivers/STM32F4xx_HAL_Driver/Src/stm32f4xx_hal.o
                0x20000008                uwTickFreq
 *fill*         0x20000009        0x3 
 .data.USBD_HID
                0x2000000c       0x38 ./Middlewares/ST/STM32_USB_Device_Library/Class/HID/Src/usbd_hid.o
                0x2000000c                USBD_HID
 .data.USBD_HID_CfgDesc
                0x20000044       0x22 ./Middlewares/ST/STM32_USB_Device_Library/Class/HID/Src/usbd_hid.o
 *fill*         0x20000066        0x2 
 .data.USBD_HID_Desc
                0x20000068        0x9 ./Middlewares/ST/STM32_USB_Device_Library/Class/HID/Src/usbd_hid.o
 *fill*         0x20000071        0x3 
 .data.USBD_HID_DeviceQualifierDesc
                0x20000074        0xa ./Middlewares/ST/STM32_USB_Device_Library/Class/HID/Src/usbd_hid.o
 *fill*         0x2000007e        0x2 
 .data.HID_MOUSE_ReportDesc
                0x20000080       0x4a ./Middlewares/ST/STM32_USB_Device_Library/Class/HID/Src/usbd_hid.o
 .data.HIDInEpAdd
                0x200000ca        0x1 ./Middlewares/ST/STM32_USB_Device_Library/Class/HID/Src/usbd_hid.o
 *fill*         0x200000cb        0x1 
 .data.FS_Desc  0x200000cc       0x1c ./USB_DEVICE/App/usbd_desc.o
                0x200000cc                FS_Desc
 .data.USBD_FS_DeviceDesc
                0x200000e8       0x12 ./USB_DEVICE/App/usbd_desc.o
                0x200000e8                USBD_FS_DeviceDesc
 *fill*         0x200000fa        0x2 
 .data.USBD_LangIDDesc
                0x200000fc        0x4 ./USB_DEVICE/App/usbd_desc.o
                0x200000fc                USBD_LangIDDesc
 .data.USBD_StringSerial
                0x20000100       0x1a ./USB_DEVICE/App/usbd_desc.o
                0x20000100                USBD_StringSerial
 *(.RamFunc)
 *(.RamFunc*)
                0x2000011c                        . = ALIGN (0x4)
 *fill*         0x2000011a        0x2 
                0x2000011c                        _edata = .
                0x08008e6c                        _siccmram = LOADADDR (.ccmram)

.igot.plt       0x2000011c        0x0 load address 0x08008e6c
 .igot.plt      0x2000011c        0x0 C:/appz/ST/STM32CubeIDE_1.10.1/STM32CubeIDE/plugins/com.st.stm32cube.ide.mcu.externaltools.gnu-tools-for-stm32.12.3.rel1.win32_1.0.200.202406191623/tools/bin/../lib/gcc/arm-none-eabi/12.3.1/thumb/v7e-m+fp/hard/crtbegin.o

.ccmram         0x10000000        0x0 load address 0x08008e6c
                0x10000000                        . = ALIGN (0x4)
                0x10000000                        _sccmram = .
 *(.ccmram)
 *(.ccmram*)
                0x10000000                        . = ALIGN (0x4)
                0x10000000                        _eccmram = .
                0x10000000                        . = ALIGN (0x4)

.bss            0x2000011c      0xa40
                0x2000011c                        _sbss = .
                0x2000011c                        __bss_start__ = _sbss
 *(.bss)
 .bss           0x2000011c       0x1c C:/appz/ST/STM32CubeIDE_1.10.1/STM32CubeIDE/plugins/com.st.stm32cube.ide.mcu.externaltools.gnu-tools-for-stm32.12.3.rel1.win32_1.0.200.202406191623/tools/bin/../lib/gcc/arm-none-eabi/12.3.1/thumb/v7e-m+fp/hard/crtbegin.o
 *(.bss*)
 .bss.huart3    0x20000138       0x48 ./Core/Src/main.o
                0x20000138                huart3
 .bss.uwTick    0x20000180        0x4 ./Drivers/STM32F4xx_HAL_Driver/Src/stm32f4xx_hal.o
                0x20000180                uwTick
 .bss.cfgidx.0  0x20000184        0x1 ./Middlewares/ST/STM32_USB_Device_Library/Core/Src/usbd_ctlreq.o
 *fill*         0x20000185        0x3 
 .bss.hUsbDeviceFS
                0x20000188      0x2dc ./USB_DEVICE/App/usb_device.o
                0x20000188                hUsbDeviceFS
 .bss.USBD_StrDesc
                0x20000464      0x200 ./USB_DEVICE/App/usbd_desc.o
                0x20000464                USBD_StrDesc
 .bss.hpcd_USB_OTG_FS
                0x20000664      0x4e4 ./USB_DEVICE/Target/usbd_conf.o
                0x20000664                hpcd_USB_OTG_FS
 .bss.mem.0     0x20000b48       0x14 ./USB_DEVICE/Target/usbd_conf.o
 *(COMMON)
                0x20000b5c                        . = ALIGN (0x4)
                0x20000b5c                        _ebss = .
                0x20000b5c                        __bss_end__ = _ebss

._user_heap_stack
                0x20000b5c      0x604
                0x20000b60                        . = ALIGN (0x8)
 *fill*         0x20000b5c        0x4 
                [!provide]                        PROVIDE (end = .)
                0x20000b60                        PROVIDE (_end = .)
                0x20000d60                        . = (. + _Min_Heap_Size)
 *fill*         0x20000b60      0x200 
                0x20001160                        . = (. + _Min_Stack_Size)
 *fill*         0x20000d60      0x400 
                0x20001160                        . = ALIGN (0x8)

/DISCARD/
 libc.a(*)
 libm.a(*)
 libgcc.a(*)

.ARM.attributes
                0x00000000       0x30
 *(.ARM.attributes)
 .ARM.attributes
                0x00000000       0x22 C:/appz/ST/STM32CubeIDE_1.10.1/STM32CubeIDE/plugins/com.st.stm32cube.ide.mcu.externaltools.gnu-tools-for-stm32.12.3.rel1.win32_1.0.200.202406191623/tools/bin/../lib/gcc/arm-none-eabi/12.3.1/thumb/v7e-m+fp/hard/crti.o
 .ARM.attributes
                0x00000022       0x34 C:/appz/ST/STM32CubeIDE_1.10.1/STM32CubeIDE/plugins/com.st.stm32cube.ide.mcu.externaltools.gnu-tools-for-stm32.12.3.rel1.win32_1.0.200.202406191623/tools/bin/../lib/gcc/arm-none-eabi/12.3.1/thumb/v7e-m+fp/hard/crtbegin.o
 .ARM.attributes
                0x00000056       0x34 ./Core/Src/main.o
 .ARM.attributes
                0x0000008a       0x34 ./Core/Src/stm32f4xx_hal_msp.o
 .ARM.attributes
                0x000000be       0x34 ./Core/Src/stm32f4xx_it.o
 .ARM.attributes
                0x000000f2       0x34 ./Core/Src/system_stm32f4xx.o
 .ARM.attributes
                0x00000126       0x21 ./Core/Startup/startup_stm32f429zitx.o
 .ARM.attributes
                0x00000147       0x34 ./Drivers/STM32F4xx_HAL_Driver/Src/stm32f4xx_hal.o
 .ARM.attributes
                0x0000017b       0x34 ./Drivers/STM32F4xx_HAL_Driver/Src/stm32f4xx_hal_cortex.o
 .ARM.attributes
                0x000001af       0x34 ./Drivers/STM32F4xx_HAL_Driver/Src/stm32f4xx_hal_gpio.o
 .ARM.attributes
                0x000001e3       0x34 ./Drivers/STM32F4xx_HAL_Driver/Src/stm32f4xx_hal_pcd.o
 .ARM.attributes
                0x00000217       0x34 ./Drivers/STM32F4xx_HAL_Driver/Src/stm32f4xx_hal_pcd_ex.o
 .ARM.attributes
                0x0000024b       0x34 ./Drivers/STM32F4xx_HAL_Driver/Src/stm32f4xx_hal_rcc.o
 .ARM.attributes
                0x0000027f       0x34 ./Drivers/STM32F4xx_HAL_Driver/Src/stm32f4xx_hal_uart.o
 .ARM.attributes
                0x000002b3       0x34 ./Drivers/STM32F4xx_HAL_Driver/Src/stm32f4xx_ll_usb.o
 .ARM.attributes
                0x000002e7       0x34 ./Middlewares/ST/STM32_USB_Device_Library/Class/HID/Src/usbd_hid.o
 .ARM.attributes
                0x0000031b       0x34 ./Middlewares/ST/STM32_USB_Device_Library/Core/Src/usbd_core.o
 .ARM.attributes
                0x0000034f       0x34 ./Middlewares/ST/STM32_USB_Device_Library/Core/Src/usbd_ctlreq.o
 .ARM.attributes
                0x00000383       0x34 ./Middlewares/ST/STM32_USB_Device_Library/Core/Src/usbd_ioreq.o
 .ARM.attributes
                0x000003b7       0x34 ./USB_DEVICE/App/usb_device.o
 .ARM.attributes
                0x000003eb       0x34 ./USB_DEVICE/App/usbd_desc.o
 .ARM.attributes
                0x0000041f       0x34 ./USB_DEVICE/Target/usbd_conf.o
 .ARM.attributes
                0x00000453       0x34 C:/appz/ST/STM32CubeIDE_1.10.1/STM32CubeIDE/plugins/com.st.stm32cube.ide.mcu.externaltools.gnu-tools-for-stm32.12.3.rel1.win32_1.0.200.202406191623/tools/bin/../lib/gcc/arm-none-eabi/12.3.1/../../../../arm-none-eabi/lib/thumb/v7e-m+fp/hard\libc_nano.a(libc_a-memset.o)
 .ARM.attributes
                0x00000487       0x34 C:/appz/ST/STM32CubeIDE_1.10.1/STM32CubeIDE/plugins/com.st.stm32cube.ide.mcu.externaltools.gnu-tools-for-stm32.12.3.rel1.win32_1.0.200.202406191623/tools/bin/../lib/gcc/arm-none-eabi/12.3.1/../../../../arm-none-eabi/lib/thumb/v7e-m+fp/hard\libc_nano.a(libc_a-init.o)
 .ARM.attributes
                0x000004bb       0x34 C:/appz/ST/STM32CubeIDE_1.10.1/STM32CubeIDE/plugins/com.st.stm32cube.ide.mcu.externaltools.gnu-tools-for-stm32.12.3.rel1.win32_1.0.200.202406191623/tools/bin/../lib/gcc/arm-none-eabi/12.3.1/../../../../arm-none-eabi/lib/thumb/v7e-m+fp/hard\libm.a(libm_a-s_cos.o)
 .ARM.attributes
                0x000004ef       0x34 C:/appz/ST/STM32CubeIDE_1.10.1/STM32CubeIDE/plugins/com.st.stm32cube.ide.mcu.externaltools.gnu-tools-for-stm32.12.3.rel1.win32_1.0.200.202406191623/tools/bin/../lib/gcc/arm-none-eabi/12.3.1/../../../../arm-none-eabi/lib/thumb/v7e-m+fp/hard\libm.a(libm_a-s_sin.o)
 .ARM.attributes
                0x00000523       0x34 C:/appz/ST/STM32CubeIDE_1.10.1/STM32CubeIDE/plugins/com.st.stm32cube.ide.mcu.externaltools.gnu-tools-for-stm32.12.3.rel1.win32_1.0.200.202406191623/tools/bin/../lib/gcc/arm-none-eabi/12.3.1/../../../../arm-none-eabi/lib/thumb/v7e-m+fp/hard\libm.a(libm_a-s_round.o)
 .ARM.attributes
                0x00000557       0x34 C:/appz/ST/STM32CubeIDE_1.10.1/STM32CubeIDE/plugins/com.st.stm32cube.ide.mcu.externaltools.gnu-tools-for-stm32.12.3.rel1.win32_1.0.200.202406191623/tools/bin/../lib/gcc/arm-none-eabi/12.3.1/../../../../arm-none-eabi/lib/thumb/v7e-m+fp/hard\libm.a(libm_a-k_cos.o)
 .ARM.attributes
                0x0000058b       0x34 C:/appz/ST/STM32CubeIDE_1.10.1/STM32CubeIDE/plugins/com.st.stm32cube.ide.mcu.externaltools.gnu-tools-for-stm32.12.3.rel1.win32_1.0.200.202406191623/tools/bin/../lib/gcc/arm-none-eabi/12.3.1/../../../../arm-none-eabi/lib/thumb/v7e-m+fp/hard\libm.a(libm_a-k_sin.o)
 .ARM.attributes
                0x000005bf       0x34 C:/appz/ST/STM32CubeIDE_1.10.1/STM32CubeIDE/plugins/com.st.stm32cube.ide.mcu.externaltools.gnu-tools-for-stm32.12.3.rel1.win32_1.0.200.202406191623/tools/bin/../lib/gcc/arm-none-eabi/12.3.1/../../../../arm-none-eabi/lib/thumb/v7e-m+fp/hard\libm.a(libm_a-e_rem_pio2.o)
 .ARM.attributes
                0x000005f3       0x34 C:/appz/ST/STM32CubeIDE_1.10.1/STM32CubeIDE/plugins/com.st.stm32cube.ide.mcu.externaltools.gnu-tools-for-stm32.12.3.rel1.win32_1.0.200.202406191623/tools/bin/../lib/gcc/arm-none-eabi/12.3.1/../../../../arm-none-eabi/lib/thumb/v7e-m+fp/hard\libm.a(libm_a-s_fabs.o)
 .ARM.attributes
                0x00000627       0x34 C:/appz/ST/STM32CubeIDE_1.10.1/STM32CubeIDE/plugins/com.st.stm32cube.ide.mcu.externaltools.gnu-tools-for-stm32.12.3.rel1.win32_1.0.200.202406191623/tools/bin/../lib/gcc/arm-none-eabi/12.3.1/../../../../arm-none-eabi/lib/thumb/v7e-m+fp/hard\libm.a(libm_a-k_rem_pio2.o)
 .ARM.attributes
                0x0000065b       0x34 C:/appz/ST/STM32CubeIDE_1.10.1/STM32CubeIDE/plugins/com.st.stm32cube.ide.mcu.externaltools.gnu-tools-for-stm32.12.3.rel1.win32_1.0.200.202406191623/tools/bin/../lib/gcc/arm-none-eabi/12.3.1/../../../../arm-none-eabi/lib/thumb/v7e-m+fp/hard\libm.a(libm_a-s_scalbn.o)
 .ARM.attributes
                0x0000068f       0x34 C:/appz/ST/STM32CubeIDE_1.10.1/STM32CubeIDE/plugins/com.st.stm32cube.ide.mcu.externaltools.gnu-tools-for-stm32.12.3.rel1.win32_1.0.200.202406191623/tools/bin/../lib/gcc/arm-none-eabi/12.3.1/../../../../arm-none-eabi/lib/thumb/v7e-m+fp/hard\libm.a(libm_a-s_floor.o)
 .ARM.attributes
                0x000006c3       0x22 C:/appz/ST/STM32CubeIDE_1.10.1/STM32CubeIDE/plugins/com.st.stm32cube.ide.mcu.externaltools.gnu-tools-for-stm32.12.3.rel1.win32_1.0.200.202406191623/tools/bin/../lib/gcc/arm-none-eabi/12.3.1/thumb/v7e-m+fp/hard\libgcc.a(_arm_muldf3.o)
 .ARM.attributes
                0x000006e5       0x22 C:/appz/ST/STM32CubeIDE_1.10.1/STM32CubeIDE/plugins/com.st.stm32cube.ide.mcu.externaltools.gnu-tools-for-stm32.12.3.rel1.win32_1.0.200.202406191623/tools/bin/../lib/gcc/arm-none-eabi/12.3.1/thumb/v7e-m+fp/hard\libgcc.a(_arm_addsubdf3.o)
 .ARM.attributes
                0x00000707       0x22 C:/appz/ST/STM32CubeIDE_1.10.1/STM32CubeIDE/plugins/com.st.stm32cube.ide.mcu.externaltools.gnu-tools-for-stm32.12.3.rel1.win32_1.0.200.202406191623/tools/bin/../lib/gcc/arm-none-eabi/12.3.1/thumb/v7e-m+fp/hard\libgcc.a(_arm_cmpdf2.o)
 .ARM.attributes
                0x00000729       0x22 C:/appz/ST/STM32CubeIDE_1.10.1/STM32CubeIDE/plugins/com.st.stm32cube.ide.mcu.externaltools.gnu-tools-for-stm32.12.3.rel1.win32_1.0.200.202406191623/tools/bin/../lib/gcc/arm-none-eabi/12.3.1/thumb/v7e-m+fp/hard\libgcc.a(_arm_fixdfsi.o)
 .ARM.attributes
                0x0000074b       0x22 C:/appz/ST/STM32CubeIDE_1.10.1/STM32CubeIDE/plugins/com.st.stm32cube.ide.mcu.externaltools.gnu-tools-for-stm32.12.3.rel1.win32_1.0.200.202406191623/tools/bin/../lib/gcc/arm-none-eabi/12.3.1/thumb/v7e-m+fp/hard\libgcc.a(_arm_truncdfsf2.o)
 .ARM.attributes
                0x0000076d       0x22 C:/appz/ST/STM32CubeIDE_1.10.1/STM32CubeIDE/plugins/com.st.stm32cube.ide.mcu.externaltools.gnu-tools-for-stm32.12.3.rel1.win32_1.0.200.202406191623/tools/bin/../lib/gcc/arm-none-eabi/12.3.1/thumb/v7e-m+fp/hard\libgcc.a(_aeabi_uldivmod.o)
 .ARM.attributes
                0x0000078f       0x34 C:/appz/ST/STM32CubeIDE_1.10.1/STM32CubeIDE/plugins/com.st.stm32cube.ide.mcu.externaltools.gnu-tools-for-stm32.12.3.rel1.win32_1.0.200.202406191623/tools/bin/../lib/gcc/arm-none-eabi/12.3.1/thumb/v7e-m+fp/hard\libgcc.a(_udivmoddi4.o)
 .ARM.attributes
                0x000007c3       0x22 C:/appz/ST/STM32CubeIDE_1.10.1/STM32CubeIDE/plugins/com.st.stm32cube.ide.mcu.externaltools.gnu-tools-for-stm32.12.3.rel1.win32_1.0.200.202406191623/tools/bin/../lib/gcc/arm-none-eabi/12.3.1/thumb/v7e-m+fp/hard\libgcc.a(_dvmd_tls.o)
 .ARM.attributes
                0x000007e5       0x22 C:/appz/ST/STM32CubeIDE_1.10.1/STM32CubeIDE/plugins/com.st.stm32cube.ide.mcu.externaltools.gnu-tools-for-stm32.12.3.rel1.win32_1.0.200.202406191623/tools/bin/../lib/gcc/arm-none-eabi/12.3.1/thumb/v7e-m+fp/hard/crtn.o
OUTPUT(lecture11.elf elf32-littlearm)
LOAD linker stubs
LOAD C:/appz/ST/STM32CubeIDE_1.10.1/STM32CubeIDE/plugins/com.st.stm32cube.ide.mcu.externaltools.gnu-tools-for-stm32.12.3.rel1.win32_1.0.200.202406191623/tools/bin/../lib/gcc/arm-none-eabi/12.3.1/../../../../arm-none-eabi/lib/thumb/v7e-m+fp/hard\libc.a
LOAD C:/appz/ST/STM32CubeIDE_1.10.1/STM32CubeIDE/plugins/com.st.stm32cube.ide.mcu.externaltools.gnu-tools-for-stm32.12.3.rel1.win32_1.0.200.202406191623/tools/bin/../lib/gcc/arm-none-eabi/12.3.1/../../../../arm-none-eabi/lib/thumb/v7e-m+fp/hard\libm.a
LOAD C:/appz/ST/STM32CubeIDE_1.10.1/STM32CubeIDE/plugins/com.st.stm32cube.ide.mcu.externaltools.gnu-tools-for-stm32.12.3.rel1.win32_1.0.200.202406191623/tools/bin/../lib/gcc/arm-none-eabi/12.3.1/thumb/v7e-m+fp/hard\libgcc.a

.debug_info     0x00000000    0x105a4
 .debug_info    0x00000000     0x1315 ./Core/Src/main.o
 .debug_info    0x00001315      0x901 ./Core/Src/stm32f4xx_hal_msp.o
 .debug_info    0x00001c16      0x627 ./Core/Src/stm32f4xx_it.o
 .debug_info    0x0000223d      0x52e ./Core/Src/system_stm32f4xx.o
 .debug_info    0x0000276b       0x30 ./Core/Startup/startup_stm32f429zitx.o
 .debug_info    0x0000279b      0x9ba ./Drivers/STM32F4xx_HAL_Driver/Src/stm32f4xx_hal.o
 .debug_info    0x00003155      0xdc2 ./Drivers/STM32F4xx_HAL_Driver/Src/stm32f4xx_hal_cortex.o
 .debug_info    0x00003f17      0x6db ./Drivers/STM32F4xx_HAL_Driver/Src/stm32f4xx_hal_gpio.o
 .debug_info    0x000045f2     0x156f ./Drivers/STM32F4xx_HAL_Driver/Src/stm32f4xx_hal_pcd.o
 .debug_info    0x00005b61      0x6ea ./Drivers/STM32F4xx_HAL_Driver/Src/stm32f4xx_hal_pcd_ex.o
 .debug_info    0x0000624b      0x8c7 ./Drivers/STM32F4xx_HAL_Driver/Src/stm32f4xx_hal_rcc.o
 .debug_info    0x00006b12     0x2f4f ./Drivers/STM32F4xx_HAL_Driver/Src/stm32f4xx_hal_uart.o
 .debug_info    0x00009a61     0x1993 ./Drivers/STM32F4xx_HAL_Driver/Src/stm32f4xx_ll_usb.o
 .debug_info    0x0000b3f4      0xa84 ./Middlewares/ST/STM32_USB_Device_Library/Class/HID/Src/usbd_hid.o
 .debug_info    0x0000be78      0xe05 ./Middlewares/ST/STM32_USB_Device_Library/Core/Src/usbd_core.o
 .debug_info    0x0000cc7d      0xade ./Middlewares/ST/STM32_USB_Device_Library/Core/Src/usbd_ctlreq.o
 .debug_info    0x0000d75b      0x755 ./Middlewares/ST/STM32_USB_Device_Library/Core/Src/usbd_ioreq.o
 .debug_info    0x0000deb0      0x5ef ./USB_DEVICE/App/usb_device.o
 .debug_info    0x0000e49f      0x458 ./USB_DEVICE/App/usbd_desc.o
 .debug_info    0x0000e8f7     0x1cad ./USB_DEVICE/Target/usbd_conf.o

.debug_abbrev   0x00000000     0x2b94
 .debug_abbrev  0x00000000      0x31e ./Core/Src/main.o
 .debug_abbrev  0x0000031e      0x1ad ./Core/Src/stm32f4xx_hal_msp.o
 .debug_abbrev  0x000004cb      0x1a4 ./Core/Src/stm32f4xx_it.o
 .debug_abbrev  0x0000066f      0x11a ./Core/Src/system_stm32f4xx.o
 .debug_abbrev  0x00000789       0x24 ./Core/Startup/startup_stm32f429zitx.o
 .debug_abbrev  0x000007ad      0x214 ./Drivers/STM32F4xx_HAL_Driver/Src/stm32f4xx_hal.o
 .debug_abbrev  0x000009c1      0x31d ./Drivers/STM32F4xx_HAL_Driver/Src/stm32f4xx_hal_cortex.o
 .debug_abbrev  0x00000cde      0x1d4 ./Drivers/STM32F4xx_HAL_Driver/Src/stm32f4xx_hal_gpio.o
 .debug_abbrev  0x00000eb2      0x2b9 ./Drivers/STM32F4xx_HAL_Driver/Src/stm32f4xx_hal_pcd.o
 .debug_abbrev  0x0000116b      0x1da ./Drivers/STM32F4xx_HAL_Driver/Src/stm32f4xx_hal_pcd_ex.o
 .debug_abbrev  0x00001345      0x2b7 ./Drivers/STM32F4xx_HAL_Driver/Src/stm32f4xx_hal_rcc.o
 .debug_abbrev  0x000015fc      0x30e ./Drivers/STM32F4xx_HAL_Driver/Src/stm32f4xx_hal_uart.o
 .debug_abbrev  0x0000190a      0x2b3 ./Drivers/STM32F4xx_HAL_Driver/Src/stm32f4xx_ll_usb.o
 .debug_abbrev  0x00001bbd      0x2a2 ./Middlewares/ST/STM32_USB_Device_Library/Class/HID/Src/usbd_hid.o
 .debug_abbrev  0x00001e5f      0x27c ./Middlewares/ST/STM32_USB_Device_Library/Core/Src/usbd_core.o
 .debug_abbrev  0x000020db      0x26f ./Middlewares/ST/STM32_USB_Device_Library/Core/Src/usbd_ctlreq.o
 .debug_abbrev  0x0000234a      0x19a ./Middlewares/ST/STM32_USB_Device_Library/Core/Src/usbd_ioreq.o
 .debug_abbrev  0x000024e4      0x190 ./USB_DEVICE/App/usb_device.o
 .debug_abbrev  0x00002674      0x1e1 ./USB_DEVICE/App/usbd_desc.o
 .debug_abbrev  0x00002855      0x33f ./USB_DEVICE/Target/usbd_conf.o

.debug_aranges  0x00000000      0xd28
 .debug_aranges
                0x00000000       0x58 ./Core/Src/main.o
 .debug_aranges
                0x00000058       0x30 ./Core/Src/stm32f4xx_hal_msp.o
 .debug_aranges
                0x00000088       0x68 ./Core/Src/stm32f4xx_it.o
 .debug_aranges
                0x000000f0       0x28 ./Core/Src/system_stm32f4xx.o
 .debug_aranges
                0x00000118       0x28 ./Core/Startup/startup_stm32f429zitx.o
 .debug_aranges
                0x00000140      0x100 ./Drivers/STM32F4xx_HAL_Driver/Src/stm32f4xx_hal.o
 .debug_aranges
                0x00000240      0x130 ./Drivers/STM32F4xx_HAL_Driver/Src/stm32f4xx_hal_cortex.o
 .debug_aranges
                0x00000370       0x58 ./Drivers/STM32F4xx_HAL_Driver/Src/stm32f4xx_hal_gpio.o
 .debug_aranges
                0x000003c8      0x148 ./Drivers/STM32F4xx_HAL_Driver/Src/stm32f4xx_hal_pcd.o
 .debug_aranges
                0x00000510       0x38 ./Drivers/STM32F4xx_HAL_Driver/Src/stm32f4xx_hal_pcd_ex.o
 .debug_aranges
                0x00000548       0x88 ./Drivers/STM32F4xx_HAL_Driver/Src/stm32f4xx_hal_rcc.o
 .debug_aranges
                0x000005d0      0x208 ./Drivers/STM32F4xx_HAL_Driver/Src/stm32f4xx_hal_uart.o
 .debug_aranges
                0x000007d8      0x1a0 ./Drivers/STM32F4xx_HAL_Driver/Src/stm32f4xx_ll_usb.o
 .debug_aranges
                0x00000978       0x68 ./Middlewares/ST/STM32_USB_Device_Library/Class/HID/Src/usbd_hid.o
 .debug_aranges
                0x000009e0       0xd8 ./Middlewares/ST/STM32_USB_Device_Library/Core/Src/usbd_core.o
 .debug_aranges
                0x00000ab8       0x90 ./Middlewares/ST/STM32_USB_Device_Library/Core/Src/usbd_ctlreq.o
 .debug_aranges
                0x00000b48       0x50 ./Middlewares/ST/STM32_USB_Device_Library/Core/Src/usbd_ioreq.o
 .debug_aranges
                0x00000b98       0x20 ./USB_DEVICE/App/usb_device.o
 .debug_aranges
                0x00000bb8       0x60 ./USB_DEVICE/App/usbd_desc.o
 .debug_aranges
                0x00000c18      0x110 ./USB_DEVICE/Target/usbd_conf.o

.debug_rnglists
                0x00000000      0x9f2
 .debug_rnglists
                0x00000000       0x42 ./Core/Src/main.o
 .debug_rnglists
                0x00000042       0x20 ./Core/Src/stm32f4xx_hal_msp.o
 .debug_rnglists
                0x00000062       0x49 ./Core/Src/stm32f4xx_it.o
 .debug_rnglists
                0x000000ab       0x1a ./Core/Src/system_stm32f4xx.o
 .debug_rnglists
                0x000000c5       0x19 ./Core/Startup/startup_stm32f429zitx.o
 .debug_rnglists
                0x000000de       0xbb ./Drivers/STM32F4xx_HAL_Driver/Src/stm32f4xx_hal.o
 .debug_rnglists
                0x00000199       0xe0 ./Drivers/STM32F4xx_HAL_Driver/Src/stm32f4xx_hal_cortex.o
 .debug_rnglists
                0x00000279       0x3f ./Drivers/STM32F4xx_HAL_Driver/Src/stm32f4xx_hal_gpio.o
 .debug_rnglists
                0x000002b8       0xfa ./Drivers/STM32F4xx_HAL_Driver/Src/stm32f4xx_hal_pcd.o
 .debug_rnglists
                0x000003b2       0x26 ./Drivers/STM32F4xx_HAL_Driver/Src/stm32f4xx_hal_pcd_ex.o
 .debug_rnglists
                0x000003d8       0x66 ./Drivers/STM32F4xx_HAL_Driver/Src/stm32f4xx_hal_rcc.o
 .debug_rnglists
                0x0000043e      0x1bc ./Drivers/STM32F4xx_HAL_Driver/Src/stm32f4xx_hal_uart.o
 .debug_rnglists
                0x000005fa      0x147 ./Drivers/STM32F4xx_HAL_Driver/Src/stm32f4xx_ll_usb.o
 .debug_rnglists
                0x00000741       0x4c ./Middlewares/ST/STM32_USB_Device_Library/Class/HID/Src/usbd_hid.o
 .debug_rnglists
                0x0000078d       0xa1 ./Middlewares/ST/STM32_USB_Device_Library/Core/Src/usbd_core.o
 .debug_rnglists
                0x0000082e       0x6e ./Middlewares/ST/STM32_USB_Device_Library/Core/Src/usbd_ctlreq.o
 .debug_rnglists
                0x0000089c       0x37 ./Middlewares/ST/STM32_USB_Device_Library/Core/Src/usbd_ioreq.o
 .debug_rnglists
                0x000008d3       0x13 ./USB_DEVICE/App/usb_device.o
 .debug_rnglists
                0x000008e6       0x43 ./USB_DEVICE/App/usbd_desc.o
 .debug_rnglists
                0x00000929       0xc9 ./USB_DEVICE/Target/usbd_conf.o

.debug_macro    0x00000000    0x25388
 .debug_macro   0x00000000      0x3ab ./Core/Src/main.o
 .debug_macro   0x000003ab      0xab4 ./Core/Src/main.o
 .debug_macro   0x00000e5f      0x29b ./Core/Src/main.o
 .debug_macro   0x000010fa       0x2e ./Core/Src/main.o
 .debug_macro   0x00001128       0x28 ./Core/Src/main.o
 .debug_macro   0x00001150       0x22 ./Core/Src/main.o
 .debug_macro   0x00001172       0x8e ./Core/Src/main.o
 .debug_macro   0x00001200       0x51 ./Core/Src/main.o
 .debug_macro   0x00001251      0x103 ./Core/Src/main.o
 .debug_macro   0x00001354       0x6a ./Core/Src/main.o
 .debug_macro   0x000013be      0x1df ./Core/Src/main.o
 .debug_macro   0x0000159d       0x1c ./Core/Src/main.o
 .debug_macro   0x000015b9       0x22 ./Core/Src/main.o
 .debug_macro   0x000015db       0xfb ./Core/Src/main.o
 .debug_macro   0x000016d6     0x1011 ./Core/Src/main.o
 .debug_macro   0x000026e7      0x11f ./Core/Src/main.o
 .debug_macro   0x00002806    0x17fd8 ./Core/Src/main.o
 .debug_macro   0x0001a7de       0x6d ./Core/Src/main.o
 .debug_macro   0x0001a84b     0x3711 ./Core/Src/main.o
 .debug_macro   0x0001df5c      0x189 ./Core/Src/main.o
 .debug_macro   0x0001e0e5       0x5c ./Core/Src/main.o
 .debug_macro   0x0001e141      0xcba ./Core/Src/main.o
 .debug_macro   0x0001edfb      0x9e9 ./Core/Src/main.o
 .debug_macro   0x0001f7e4      0x115 ./Core/Src/main.o
 .debug_macro   0x0001f8f9      0x156 ./Core/Src/main.o
 .debug_macro   0x0001fa4f       0xa5 ./Core/Src/main.o
 .debug_macro   0x0001faf4      0x182 ./Core/Src/main.o
 .debug_macro   0x0001fc76      0x287 ./Core/Src/main.o
 .debug_macro   0x0001fefd       0x5f ./Core/Src/main.o
 .debug_macro   0x0001ff5c      0x236 ./Core/Src/main.o
 .debug_macro   0x00020192      0x132 ./Core/Src/main.o
 .debug_macro   0x000202c4      0x41d ./Core/Src/main.o
 .debug_macro   0x000206e1       0x2e ./Core/Src/main.o
 .debug_macro   0x0002070f      0x127 ./Core/Src/main.o
 .debug_macro   0x00020836       0xe2 ./Core/Src/main.o
 .debug_macro   0x00020918       0x89 ./Core/Src/main.o
 .debug_macro   0x000209a1      0x2aa ./Core/Src/main.o
 .debug_macro   0x00020c4b      0x293 ./Core/Src/main.o
 .debug_macro   0x00020ede       0xba ./Core/Src/main.o
 .debug_macro   0x00020f98      0x134 ./Core/Src/main.o
 .debug_macro   0x000210cc      0x130 ./Core/Src/main.o
 .debug_macro   0x000211fc       0x61 ./Core/Src/main.o
 .debug_macro   0x0002125d       0x2a ./Core/Src/main.o
 .debug_macro   0x00021287       0x43 ./Core/Src/main.o
 .debug_macro   0x000212ca       0x34 ./Core/Src/main.o
 .debug_macro   0x000212fe       0x16 ./Core/Src/main.o
 .debug_macro   0x00021314       0x35 ./Core/Src/main.o
 .debug_macro   0x00021349      0x369 ./Core/Src/main.o
 .debug_macro   0x000216b2       0x10 ./Core/Src/main.o
 .debug_macro   0x000216c2       0x16 ./Core/Src/main.o
 .debug_macro   0x000216d8       0x43 ./Core/Src/main.o
 .debug_macro   0x0002171b       0x34 ./Core/Src/main.o
 .debug_macro   0x0002174f       0x10 ./Core/Src/main.o
 .debug_macro   0x0002175f       0x58 ./Core/Src/main.o
 .debug_macro   0x000217b7       0x8e ./Core/Src/main.o
 .debug_macro   0x00021845       0x1c ./Core/Src/main.o
 .debug_macro   0x00021861      0x177 ./Core/Src/main.o
 .debug_macro   0x000219d8       0x16 ./Core/Src/main.o
 .debug_macro   0x000219ee       0x16 ./Core/Src/main.o
 .debug_macro   0x00021a04      0x146 ./Core/Src/main.o
 .debug_macro   0x00021b4a       0x16 ./Core/Src/main.o
 .debug_macro   0x00021b60       0x16 ./Core/Src/main.o
 .debug_macro   0x00021b76       0x29 ./Core/Src/main.o
 .debug_macro   0x00021b9f       0x16 ./Core/Src/main.o
 .debug_macro   0x00021bb5       0x20 ./Core/Src/main.o
 .debug_macro   0x00021bd5       0x6b ./Core/Src/main.o
 .debug_macro   0x00021c40      0x20f ./Core/Src/main.o
 .debug_macro   0x00021e4f       0x5f ./Core/Src/main.o
 .debug_macro   0x00021eae      0x19b ./Core/Src/main.o
 .debug_macro   0x00022049      0x1ed ./Core/Src/stm32f4xx_hal_msp.o
 .debug_macro   0x00022236      0x1f7 ./Core/Src/stm32f4xx_it.o
 .debug_macro   0x0002242d      0x1de ./Core/Src/system_stm32f4xx.o
 .debug_macro   0x0002260b      0x23e ./Drivers/STM32F4xx_HAL_Driver/Src/stm32f4xx_hal.o
 .debug_macro   0x00022849      0x1de ./Drivers/STM32F4xx_HAL_Driver/Src/stm32f4xx_hal_cortex.o
 .debug_macro   0x00022a27      0x1e4 ./Drivers/STM32F4xx_HAL_Driver/Src/stm32f4xx_hal_gpio.o
 .debug_macro   0x00022c0b      0x1ea ./Drivers/STM32F4xx_HAL_Driver/Src/stm32f4xx_hal_pcd.o
 .debug_macro   0x00022df5      0x1de ./Drivers/STM32F4xx_HAL_Driver/Src/stm32f4xx_hal_pcd_ex.o
 .debug_macro   0x00022fd3      0x202 ./Drivers/STM32F4xx_HAL_Driver/Src/stm32f4xx_hal_rcc.o
 .debug_macro   0x000231d5      0x1df ./Drivers/STM32F4xx_HAL_Driver/Src/stm32f4xx_hal_uart.o
 .debug_macro   0x000233b4      0x1de ./Drivers/STM32F4xx_HAL_Driver/Src/stm32f4xx_ll_usb.o
 .debug_macro   0x00023592      0x37c ./Middlewares/ST/STM32_USB_Device_Library/Class/HID/Src/usbd_hid.o
 .debug_macro   0x0002390e       0x9e ./Middlewares/ST/STM32_USB_Device_Library/Class/HID/Src/usbd_hid.o
 .debug_macro   0x000239ac      0x10b ./Middlewares/ST/STM32_USB_Device_Library/Class/HID/Src/usbd_hid.o
 .debug_macro   0x00023ab7       0x56 ./Middlewares/ST/STM32_USB_Device_Library/Class/HID/Src/usbd_hid.o
 .debug_macro   0x00023b0d      0x363 ./Middlewares/ST/STM32_USB_Device_Library/Core/Src/usbd_core.o
 .debug_macro   0x00023e70      0x215 ./Middlewares/ST/STM32_USB_Device_Library/Core/Src/usbd_core.o
 .debug_macro   0x00024085      0x36d ./Middlewares/ST/STM32_USB_Device_Library/Core/Src/usbd_ctlreq.o
 .debug_macro   0x000243f2      0x369 ./Middlewares/ST/STM32_USB_Device_Library/Core/Src/usbd_ioreq.o
 .debug_macro   0x0002475b      0x393 ./USB_DEVICE/App/usb_device.o
 .debug_macro   0x00024aee      0x136 ./USB_DEVICE/App/usb_device.o
 .debug_macro   0x00024c24       0x22 ./USB_DEVICE/App/usb_device.o
 .debug_macro   0x00024c46      0x3a6 ./USB_DEVICE/App/usbd_desc.o
 .debug_macro   0x00024fec       0x1c ./USB_DEVICE/App/usbd_desc.o
 .debug_macro   0x00025008      0x380 ./USB_DEVICE/Target/usbd_conf.o

.debug_line     0x00000000    0x11bca
 .debug_line    0x00000000      0xd4d ./Core/Src/main.o
 .debug_line    0x00000d4d      0x796 ./Core/Src/stm32f4xx_hal_msp.o
 .debug_line    0x000014e3      0x823 ./Core/Src/stm32f4xx_it.o
 .debug_line    0x00001d06      0x7cd ./Core/Src/system_stm32f4xx.o
 .debug_line    0x000024d3       0x7a ./Core/Startup/startup_stm32f429zitx.o
 .debug_line    0x0000254d      0xa6c ./Drivers/STM32F4xx_HAL_Driver/Src/stm32f4xx_hal.o
 .debug_line    0x00002fb9      0xd28 ./Drivers/STM32F4xx_HAL_Driver/Src/stm32f4xx_hal_cortex.o
 .debug_line    0x00003ce1      0xbea ./Drivers/STM32F4xx_HAL_Driver/Src/stm32f4xx_hal_gpio.o
 .debug_line    0x000048cb     0x151f ./Drivers/STM32F4xx_HAL_Driver/Src/stm32f4xx_hal_pcd.o
 .debug_line    0x00005dea      0x813 ./Drivers/STM32F4xx_HAL_Driver/Src/stm32f4xx_hal_pcd_ex.o
 .debug_line    0x000065fd      0xdc1 ./Drivers/STM32F4xx_HAL_Driver/Src/stm32f4xx_hal_rcc.o
 .debug_line    0x000073be     0x2908 ./Drivers/STM32F4xx_HAL_Driver/Src/stm32f4xx_hal_uart.o
 .debug_line    0x00009cc6     0x1e11 ./Drivers/STM32F4xx_HAL_Driver/Src/stm32f4xx_ll_usb.o
 .debug_line    0x0000bad7      0xd66 ./Middlewares/ST/STM32_USB_Device_Library/Class/HID/Src/usbd_hid.o
 .debug_line    0x0000c83d     0x1035 ./Middlewares/ST/STM32_USB_Device_Library/Core/Src/usbd_core.o
 .debug_line    0x0000d872     0x1245 ./Middlewares/ST/STM32_USB_Device_Library/Core/Src/usbd_ctlreq.o
 .debug_line    0x0000eab7      0xb4f ./Middlewares/ST/STM32_USB_Device_Library/Core/Src/usbd_ioreq.o
 .debug_line    0x0000f606      0xaf0 ./USB_DEVICE/App/usb_device.o
 .debug_line    0x000100f6      0xbd4 ./USB_DEVICE/App/usbd_desc.o
 .debug_line    0x00010cca      0xf00 ./USB_DEVICE/Target/usbd_conf.o

.debug_str      0x00000000    0xd6152
 .debug_str     0x00000000    0xd2954 ./Core/Src/main.o
                              0xd2d0d (size before relaxing)
 .debug_str     0x000d2954       0x66 ./Core/Src/stm32f4xx_hal_msp.o
                              0xcda0b (size before relaxing)
 .debug_str     0x000d29ba      0x450 ./Core/Src/stm32f4xx_it.o
                              0xcd892 (size before relaxing)
 .debug_str     0x000d2e0a       0xdb ./Core/Src/system_stm32f4xx.o
                              0xcd0e3 (size before relaxing)
 .debug_str     0x000d2ee5       0x44 ./Core/Startup/startup_stm32f429zitx.o
                                 0x5b (size before relaxing)
 .debug_str     0x000d2f29      0xba6 ./Drivers/STM32F4xx_HAL_Driver/Src/stm32f4xx_hal.o
                              0xcdd06 (size before relaxing)
 .debug_str     0x000d3acf      0x392 ./Drivers/STM32F4xx_HAL_Driver/Src/stm32f4xx_hal_cortex.o
                              0xcda34 (size before relaxing)
 .debug_str     0x000d3e61      0x110 ./Drivers/STM32F4xx_HAL_Driver/Src/stm32f4xx_hal_gpio.o
                              0xcd25e (size before relaxing)
 .debug_str     0x000d3f71      0x831 ./Drivers/STM32F4xx_HAL_Driver/Src/stm32f4xx_hal_pcd.o
                              0xcdbae (size before relaxing)
 .debug_str     0x000d47a2      0x115 ./Drivers/STM32F4xx_HAL_Driver/Src/stm32f4xx_hal_pcd_ex.o
                              0xcd49e (size before relaxing)
 .debug_str     0x000d48b7      0x21f ./Drivers/STM32F4xx_HAL_Driver/Src/stm32f4xx_hal_rcc.o
                              0xcd517 (size before relaxing)
 .debug_str     0x000d4ad6      0x65e ./Drivers/STM32F4xx_HAL_Driver/Src/stm32f4xx_hal_uart.o
                              0xcdae5 (size before relaxing)
 .debug_str     0x000d5134      0x4a4 ./Drivers/STM32F4xx_HAL_Driver/Src/stm32f4xx_ll_usb.o
                              0xcda89 (size before relaxing)
 .debug_str     0x000d55d8      0x2df ./Middlewares/ST/STM32_USB_Device_Library/Class/HID/Src/usbd_hid.o
                              0xd1f5e (size before relaxing)
 .debug_str     0x000d58b7      0x366 ./Middlewares/ST/STM32_USB_Device_Library/Core/Src/usbd_core.o
                              0xd1ec9 (size before relaxing)
 .debug_str     0x000d5c1d      0x139 ./Middlewares/ST/STM32_USB_Device_Library/Core/Src/usbd_ctlreq.o
                              0xd1cf4 (size before relaxing)
 .debug_str     0x000d5d56       0x79 ./Middlewares/ST/STM32_USB_Device_Library/Core/Src/usbd_ioreq.o
                              0xd1bc9 (size before relaxing)
 .debug_str     0x000d5dcf       0xa2 ./USB_DEVICE/App/usb_device.o
                              0xd1d5c (size before relaxing)
 .debug_str     0x000d5e71      0x26e ./USB_DEVICE/App/usbd_desc.o
                              0xd1ac9 (size before relaxing)
 .debug_str     0x000d60df       0x73 ./USB_DEVICE/Target/usbd_conf.o
                              0xd2cd5 (size before relaxing)

.comment        0x00000000       0x43
 .comment       0x00000000       0x43 ./Core/Src/main.o
                                 0x44 (size before relaxing)
 .comment       0x00000043       0x44 ./Core/Src/stm32f4xx_hal_msp.o
 .comment       0x00000043       0x44 ./Core/Src/stm32f4xx_it.o
 .comment       0x00000043       0x44 ./Core/Src/system_stm32f4xx.o
 .comment       0x00000043       0x44 ./Drivers/STM32F4xx_HAL_Driver/Src/stm32f4xx_hal.o
 .comment       0x00000043       0x44 ./Drivers/STM32F4xx_HAL_Driver/Src/stm32f4xx_hal_cortex.o
 .comment       0x00000043       0x44 ./Drivers/STM32F4xx_HAL_Driver/Src/stm32f4xx_hal_gpio.o
 .comment       0x00000043       0x44 ./Drivers/STM32F4xx_HAL_Driver/Src/stm32f4xx_hal_pcd.o
 .comment       0x00000043       0x44 ./Drivers/STM32F4xx_HAL_Driver/Src/stm32f4xx_hal_pcd_ex.o
 .comment       0x00000043       0x44 ./Drivers/STM32F4xx_HAL_Driver/Src/stm32f4xx_hal_rcc.o
 .comment       0x00000043       0x44 ./Drivers/STM32F4xx_HAL_Driver/Src/stm32f4xx_hal_uart.o
 .comment       0x00000043       0x44 ./Drivers/STM32F4xx_HAL_Driver/Src/stm32f4xx_ll_usb.o
 .comment       0x00000043       0x44 ./Middlewares/ST/STM32_USB_Device_Library/Class/HID/Src/usbd_hid.o
 .comment       0x00000043       0x44 ./Middlewares/ST/STM32_USB_Device_Library/Core/Src/usbd_core.o
 .comment       0x00000043       0x44 ./Middlewares/ST/STM32_USB_Device_Library/Core/Src/usbd_ctlreq.o
 .comment       0x00000043       0x44 ./Middlewares/ST/STM32_USB_Device_Library/Core/Src/usbd_ioreq.o
 .comment       0x00000043       0x44 ./USB_DEVICE/App/usb_device.o
 .comment       0x00000043       0x44 ./USB_DEVICE/App/usbd_desc.o
 .comment       0x00000043       0x44 ./USB_DEVICE/Target/usbd_conf.o

.debug_frame    0x00000000     0x39ac
 .debug_frame   0x00000000      0x11c ./Core/Src/main.o
 .debug_frame   0x0000011c       0x80 ./Core/Src/stm32f4xx_hal_msp.o
 .debug_frame   0x0000019c      0x120 ./Core/Src/stm32f4xx_it.o
 .debug_frame   0x000002bc       0x58 ./Core/Src/system_stm32f4xx.o
 .debug_frame   0x00000314      0x3b4 ./Drivers/STM32F4xx_HAL_Driver/Src/stm32f4xx_hal.o
 .debug_frame   0x000006c8      0x508 ./Drivers/STM32F4xx_HAL_Driver/Src/stm32f4xx_hal_cortex.o
 .debug_frame   0x00000bd0      0x14c ./Drivers/STM32F4xx_HAL_Driver/Src/stm32f4xx_hal_gpio.o
 .debug_frame   0x00000d1c      0x5b8 ./Drivers/STM32F4xx_HAL_Driver/Src/stm32f4xx_hal_pcd.o
 .debug_frame   0x000012d4       0xb0 ./Drivers/STM32F4xx_HAL_Driver/Src/stm32f4xx_hal_pcd_ex.o
 .debug_frame   0x00001384      0x1f4 ./Drivers/STM32F4xx_HAL_Driver/Src/stm32f4xx_hal_rcc.o
 .debug_frame   0x00001578      0x954 ./Drivers/STM32F4xx_HAL_Driver/Src/stm32f4xx_hal_uart.o
 .debug_frame   0x00001ecc      0x7c0 ./Drivers/STM32F4xx_HAL_Driver/Src/stm32f4xx_ll_usb.o
 .debug_frame   0x0000268c      0x184 ./Middlewares/ST/STM32_USB_Device_Library/Class/HID/Src/usbd_hid.o