12:19:57 **** Incremental Build of configuration Debug for project lecture12 ****
make -j4 all 
arm-none-eabi-gcc "../Core/Src/telnet.c" -mcpu=cortex-m4 -std=gnu11 -g3 -DDEBUG -DUSE_HAL_DRIVER -DSTM32F429xx -c -I../Core/Inc -I../Drivers/STM32F4xx_HAL_Driver/Inc -I../Drivers/STM32F4xx_HAL_Driver/Inc/Legacy -I../Drivers/CMSIS/Device/ST/STM32F4xx/Include -I../Drivers/CMSIS/Include -I../LWIP/App -I../LWIP/Target -I../Middlewares/Third_Party/LwIP/src/include -I../Middlewares/Third_Party/LwIP/system -I../Middlewares/Third_Party/FreeRTOS/Source/include -I../Middlewares/Third_Party/FreeRTOS/Source/CMSIS_RTOS -I../Middlewares/Third_Party/FreeRTOS/Source/portable/GCC/ARM_CM4F -I../Drivers/BSP/Components/lan8742 -I../Middlewares/Third_Party/LwIP/src/include/netif/ppp -I../Middlewares/Third_Party/LwIP/src/include/lwip -I../Middlewares/Third_Party/LwIP/src/include/lwip/apps -I../Middlewares/Third_Party/LwIP/src/include/lwip/priv -I../Middlewares/Third_Party/LwIP/src/include/lwip/prot -I../Middlewares/Third_Party/LwIP/src/include/netif -I../Middlewares/Third_Party/LwIP/src/include/compat/posix -I../Middlewares/Third_Party/LwIP/src/include/compat/posix/arpa -I../Middlewares/Third_Party/LwIP/src/include/compat/posix/net -I../Middlewares/Third_Party/LwIP/src/include/compat/posix/sys -I../Middlewares/Third_Party/LwIP/src/include/compat/stdc -I../Middlewares/Third_Party/LwIP/system/arch -I../Middlewares/Third_Party/LwIP/src/apps/http -O0 -ffunction-sections -fdata-sections -Wall -fstack-usage -fcyclomatic-complexity -MMD -MP -MF"Core/Src/telnet.d" -MT"Core/Src/telnet.o" --specs=nano.specs -mfpu=fpv4-sp-d16 -mfloat-abi=hard -mthumb -o "Core/Src/telnet.o"
arm-none-eabi-gcc -o "lecture12.elf" @"objects.list"   -mcpu=cortex-m4 -T"P:\MKS\lecture12\STM32F429ZITX_FLASH.ld" --specs=nosys.specs -Wl,-Map="lecture12.map" -Wl,--gc-sections -static --specs=nano.specs -mfpu=fpv4-sp-d16 -mfloat-abi=hard -mthumb -Wl,--start-group -lc -lm -Wl,--end-group
Finished building target: lecture12.elf
 
arm-none-eabi-size  lecture12.elf 
arm-none-eabi-objdump -h -S lecture12.elf  > "lecture12.list"
   text	   data	    bss	    dec	    hex	filename
 161860	    144	  71352	 233356	  38f8c	lecture12.elf
Finished building: default.size.stdout
 
Finished building: lecture12.list
 
12:21:57 **** Incremental Build of configuration Debug for project lecture12 ****
make -j4 all 
arm-none-eabi-gcc "../Core/Src/telnet.c" -mcpu=cortex-m4 -std=gnu11 -g3 -DDEBUG -DUSE_HAL_DRIVER -DSTM32F429xx -c -I../Core/Inc -I../Drivers/STM32F4xx_HAL_Driver/Inc -I../Drivers/STM32F4xx_HAL_Driver/Inc/Legacy -I../Drivers/CMSIS/Device/ST/STM32F4xx/Include -I../Drivers/CMSIS/Include -I../LWIP/App -I../LWIP/Target -I../Middlewares/Third_Party/LwIP/src/include -I../Middlewares/Third_Party/LwIP/system -I../Middlewares/Third_Party/FreeRTOS/Source/include -I../Middlewares/Third_Party/FreeRTOS/Source/CMSIS_RTOS -I../Middlewares/Third_Party/FreeRTOS/Source/portable/GCC/ARM_CM4F -I../Drivers/BSP/Components/lan8742 -I../Middlewares/Third_Party/LwIP/src/include/netif/ppp -I../Middlewares/Third_Party/LwIP/src/include/lwip -I../Middlewares/Third_Party/LwIP/src/include/lwip/apps -I../Middlewares/Third_Party/LwIP/src/include/lwip/priv -I../Middlewares/Third_Party/LwIP/src/include/lwip/prot -I../Middlewares/Third_Party/LwIP/src/include/netif -I../Middlewares/Third_Party/LwIP/src/include/compat/posix -I../Middlewares/Third_Party/LwIP/src/include/compat/posix/arpa -I../Middlewares/Third_Party/LwIP/src/include/compat/posix/net -I../Middlewares/Third_Party/LwIP/src/include/compat/posix/sys -I../Middlewares/Third_Party/LwIP/src/include/compat/stdc -I../Middlewares/Third_Party/LwIP/system/arch -I../Middlewares/Third_Party/LwIP/src/apps/http -O0 -ffunction-sections -fdata-sections -Wall -fstack-usage -fcyclomatic-complexity -MMD -MP -MF"Core/Src/telnet.d" -MT"Core/Src/telnet.o" --specs=nano.specs -mfpu=fpv4-sp-d16 -mfloat-abi=hard -mthumb -o "Core/Src/telnet.o"
arm-none-eabi-gcc -o "lecture12.elf" @"objects.list"   -mcpu=cortex-m4 -T"P:\MKS\lecture12\STM32F429ZITX_FLASH.ld" --specs=nosys.specs -Wl,-Map="lecture12.map" -Wl,--gc-sections -static --specs=nano.specs -mfpu=fpv4-sp-d16 -mfloat-abi=hard -mthumb -Wl,--start-group -lc -lm -Wl,--end-group
Finished building target: lecture12.elf
 
arm-none-eabi-size  lecture12.elf 
arm-none-eabi-objdump -h -S lecture12.elf  > "lecture12.list"
   text	   data	    bss	    dec	    hex	filename
 161860	    144	  71352	 233356	  38f8c	lecture12.elf
Finished building: default.size.stdout
 
Finished building: lecture12.list
 
12:33:46 **** Incremental Build of configuration Debug for project lecture12 ****
make -j4 all 
arm-none-eabi-gcc "../Core/Src/telnet.c" -mcpu=cortex-m4 -std=gnu11 -g3 -DDEBUG -DUSE_HAL_DRIVER -DSTM32F429xx -c -I../Core/Inc -I../Drivers/STM32F4xx_HAL_Driver/Inc -I../Drivers/STM32F4xx_HAL_Driver/Inc/Legacy -I../Drivers/CMSIS/Device/ST/STM32F4xx/Include -I../Drivers/CMSIS/Include -I../LWIP/App -I../LWIP/Target -I../Middlewares/Third_Party/LwIP/src/include -I../Middlewares/Third_Party/LwIP/system -I../Middlewares/Third_Party/FreeRTOS/Source/include -I../Middlewares/Third_Party/FreeRTOS/Source/CMSIS_RTOS -I../Middlewares/Third_Party/FreeRTOS/Source/portable/GCC/ARM_CM4F -I../Drivers/BSP/Components/lan8742 -I../Middlewares/Third_Party/LwIP/src/include/netif/ppp -I../Middlewares/Third_Party/LwIP/src/include/lwip -I../Middlewares/Third_Party/LwIP/src/include/lwip/apps -I../Middlewares/Third_Party/LwIP/src/include/lwip/priv -I../Middlewares/Third_Party/LwIP/src/include/lwip/prot -I../Middlewares/Third_Party/LwIP/src/include/netif -I../Middlewares/Third_Party/LwIP/src/include/compat/posix -I../Middlewares/Third_Party/LwIP/src/include/compat/posix/arpa -I../Middlewares/Third_Party/LwIP/src/include/compat/posix/net -I../Middlewares/Third_Party/LwIP/src/include/compat/posix/sys -I../Middlewares/Third_Party/LwIP/src/include/compat/stdc -I../Middlewares/Third_Party/LwIP/system/arch -I../Middlewares/Third_Party/LwIP/src/apps/http -O0 -ffunction-sections -fdata-sections -Wall -fstack-usage -fcyclomatic-complexity -MMD -MP -MF"Core/Src/telnet.d" -MT"Core/Src/telnet.o" --specs=nano.specs -mfpu=fpv4-sp-d16 -mfloat-abi=hard -mthumb -o "Core/Src/telnet.o"
../Core/Src/telnet.c: In function 'telnet_process_command':
../Core/Src/telnet.c:90:33: error: redefinition of 'led2'
   90 |                         uint8_t led2=HAL_GPIO_ReadPin(LED3_GPIO_Port, LED3_Pin);
      |                                 ^~~~
../Core/Src/telnet.c:89:33: note: previous definition of 'led2' with type 'uint8_t' {aka 'unsigned char'}
   89 |                         uint8_t led2=HAL_GPIO_ReadPin(LED2_GPIO_Port, LED2_Pin);
      |                                 ^~~~
../Core/Src/telnet.c:91:103: error: 'led3' undeclared (first use in this function); did you mean 'led2'?
   91 |                         sprintf(s, "LED1 status: %d\nLED2 status: %d\nLED3 status: _d\n", led1, led2, led3);
      |                                                                                                       ^~~~
      |                                                                                                       led2
../Core/Src/telnet.c:91:103: note: each undeclared identifier is reported only once for each function it appears in
make: *** [Core/Src/subdir.mk:46: Core/Src/telnet.o] Error 1
"make -j4 all" terminated with exit code 2. Build might be incomplete.
12:34:13 **** Incremental Build of configuration Debug for project lecture12 ****
make -j4 all 
arm-none-eabi-gcc "../Core/Src/telnet.c" -mcpu=cortex-m4 -std=gnu11 -g3 -DDEBUG -DUSE_HAL_DRIVER -DSTM32F429xx -c -I../Core/Inc -I../Drivers/STM32F4xx_HAL_Driver/Inc -I../Drivers/STM32F4xx_HAL_Driver/Inc/Legacy -I../Drivers/CMSIS/Device/ST/STM32F4xx/Include -I../Drivers/CMSIS/Include -I../LWIP/App -I../LWIP/Target -I../Middlewares/Third_Party/LwIP/src/include -I../Middlewares/Third_Party/LwIP/system -I../Middlewares/Third_Party/FreeRTOS/Source/include -I../Middlewares/Third_Party/FreeRTOS/Source/CMSIS_RTOS -I../Middlewares/Third_Party/FreeRTOS/Source/portable/GCC/ARM_CM4F -I../Drivers/BSP/Components/lan8742 -I../Middlewares/Third_Party/LwIP/src/include/netif/ppp -I../Middlewares/Third_Party/LwIP/src/include/lwip -I../Middlewares/Third_Party/LwIP/src/include/lwip/apps -I../Middlewares/Third_Party/LwIP/src/include/lwip/priv -I../Middlewares/Third_Party/LwIP/src/include/lwip/prot -I../Middlewares/Third_Party/LwIP/src/include/netif -I../Middlewares/Third_Party/LwIP/src/include/compat/posix -I../Middlewares/Third_Party/LwIP/src/include/compat/posix/arpa -I../Middlewares/Third_Party/LwIP/src/include/compat/posix/net -I../Middlewares/Third_Party/LwIP/src/include/compat/posix/sys -I../Middlewares/Third_Party/LwIP/src/include/compat/stdc -I../Middlewares/Third_Party/LwIP/system/arch -I../Middlewares/Third_Party/LwIP/src/apps/http -O0 -ffunction-sections -fdata-sections -Wall -fstack-usage -fcyclomatic-complexity -MMD -MP -MF"Core/Src/telnet.d" -MT"Core/Src/telnet.o" --specs=nano.specs -mfpu=fpv4-sp-d16 -mfloat-abi=hard -mthumb -o "Core/Src/telnet.o"
../Core/Src/telnet.c: In function 'telnet_process_command':
../Core/Src/telnet.c:91:36: warning: too many arguments for format [-Wformat-extra-args]
   91 |                         sprintf(s, "LED1 status: %d\nLED2 status: %d\nLED3 status: _d\n", led1, led2, led3);
      |                                    ^~~~~~~~~~~~~~~~~~~~~~~~~~~~~~~~~~~~~~~~~~~~~~~~~~~~~
../Core/Src/telnet.c:91:47: warning: 'LED1 status: ' directive writing 13 bytes into a region of size 10 [-Wformat-overflow=]
   91 |                         sprintf(s, "LED1 status: %d\nLED2 status: %d\nLED3 status: _d\n", led1, led2, led3);
      |                                     ~~~~~~~~~~^~~
../Core/Src/telnet.c:91:36: note: directive argument in the range [0, 255]
   91 |                         sprintf(s, "LED1 status: %d\nLED2 status: %d\nLED3 status: _d\n", led1, led2, led3);
      |                                    ^~~~~~~~~~~~~~~~~~~~~~~~~~~~~~~~~~~~~~~~~~~~~~~~~~~~~
../Core/Src/telnet.c:91:36: note: directive argument in the range [0, 255]
../Core/Src/telnet.c:91:25: note: 'sprintf' output between 47 and 51 bytes into a destination of size 10
   91 |                         sprintf(s, "LED1 status: %d\nLED2 status: %d\nLED3 status: _d\n", led1, led2, led3);
      |                         ^~~~~~~~~~~~~~~~~~~~~~~~~~~~~~~~~~~~~~~~~~~~~~~~~~~~~~~~~~~~~~~~~~~~~~~~~~~~~~~~~~~
arm-none-eabi-gcc -o "lecture12.elf" @"objects.list"   -mcpu=cortex-m4 -T"P:\MKS\lecture12\STM32F429ZITX_FLASH.ld" --specs=nosys.specs -Wl,-Map="lecture12.map" -Wl,--gc-sections -static --specs=nano.specs -mfpu=fpv4-sp-d16 -mfloat-abi=hard -mthumb -Wl,--start-group -lc -lm -Wl,--end-group
Finished building target: lecture12.elf
 
arm-none-eabi-size  lecture12.elf 
arm-none-eabi-objdump -h -S lecture12.elf  > "lecture12.list"
   text	   data	    bss	    dec	    hex	filename
 162072	    144	  71352	 233568	  39060	lecture12.elf
Finished building: default.size.stdout
 
Finished building: lecture12.list
 
12:36:52 **** Incremental Build of configuration Debug for project lecture12 ****
make -j4 all 
arm-none-eabi-gcc "../Core/Src/telnet.c" -mcpu=cortex-m4 -std=gnu11 -g3 -DDEBUG -DUSE_HAL_DRIVER -DSTM32F429xx -c -I../Core/Inc -I../Drivers/STM32F4xx_HAL_Driver/Inc -I../Drivers/STM32F4xx_HAL_Driver/Inc/Legacy -I../Drivers/CMSIS/Device/ST/STM32F4xx/Include -I../Drivers/CMSIS/Include -I../LWIP/App -I../LWIP/Target -I../Middlewares/Third_Party/LwIP/src/include -I../Middlewares/Third_Party/LwIP/system -I../Middlewares/Third_Party/FreeRTOS/Source/include -I../Middlewares/Third_Party/FreeRTOS/Source/CMSIS_RTOS -I../Middlewares/Third_Party/FreeRTOS/Source/portable/GCC/ARM_CM4F -I../Drivers/BSP/Components/lan8742 -I../Middlewares/Third_Party/LwIP/src/include/netif/ppp -I../Middlewares/Third_Party/LwIP/src/include/lwip -I../Middlewares/Third_Party/LwIP/src/include/lwip/apps -I../Middlewares/Third_Party/LwIP/src/include/lwip/priv -I../Middlewares/Third_Party/LwIP/src/include/lwip/prot -I../Middlewares/Third_Party/LwIP/src/include/netif -I../Middlewares/Third_Party/LwIP/src/include/compat/posix -I../Middlewares/Third_Party/LwIP/src/include/compat/posix/arpa -I../Middlewares/Third_Party/LwIP/src/include/compat/posix/net -I../Middlewares/Third_Party/LwIP/src/include/compat/posix/sys -I../Middlewares/Third_Party/LwIP/src/include/compat/stdc -I../Middlewares/Third_Party/LwIP/system/arch -I../Middlewares/Third_Party/LwIP/src/apps/http -O0 -ffunction-sections -fdata-sections -Wall -fstack-usage -fcyclomatic-complexity -MMD -MP -MF"Core/Src/telnet.d" -MT"Core/Src/telnet.o" --specs=nano.specs -mfpu=fpv4-sp-d16 -mfloat-abi=hard -mthumb -o "Core/Src/telnet.o"
../Core/Src/telnet.c: In function 'telnet_process_command':
../Core/Src/telnet.c:91:35: warning: too many arguments for format [-Wformat-extra-args]
   91 |                         sprintf(s,"LED1 status: %d\nLED2 status: %d\nLED3 status: _d\n", led1, led2, led3);
      |                                   ^~~~~~~~~~~~~~~~~~~~~~~~~~~~~~~~~~~~~~~~~~~~~~~~~~~~~
arm-none-eabi-gcc -o "lecture12.elf" @"objects.list"   -mcpu=cortex-m4 -T"P:\MKS\lecture12\STM32F429ZITX_FLASH.ld" --specs=nosys.specs -Wl,-Map="lecture12.map" -Wl,--gc-sections -static --specs=nano.specs -mfpu=fpv4-sp-d16 -mfloat-abi=hard -mthumb -Wl,--start-group -lc -lm -Wl,--end-group
Finished building target: lecture12.elf
 
arm-none-eabi-size  lecture12.elf 
arm-none-eabi-objdump -h -S lecture12.elf  > "lecture12.list"
   text	   data	    bss	    dec	    hex	filename
 162152	    144	  71352	 233648	  390b0	lecture12.elf
Finished building: default.size.stdout
 
Finished building: lecture12.list
 
12:37:49 **** Incremental Build of configuration Debug for project lecture12 ****
make -j4 all 
arm-none-eabi-gcc "../Core/Src/telnet.c" -mcpu=cortex-m4 -std=gnu11 -g3 -DDEBUG -DUSE_HAL_DRIVER -DSTM32F429xx -c -I../Core/Inc -I../Drivers/STM32F4xx_HAL_Driver/Inc -I../Drivers/STM32F4xx_HAL_Driver/Inc/Legacy -I../Drivers/CMSIS/Device/ST/STM32F4xx/Include -I../Drivers/CMSIS/Include -I../LWIP/App -I../LWIP/Target -I../Middlewares/Third_Party/LwIP/src/include -I../Middlewares/Third_Party/LwIP/system -I../Middlewares/Third_Party/FreeRTOS/Source/include -I../Middlewares/Third_Party/FreeRTOS/Source/CMSIS_RTOS -I../Middlewares/Third_Party/FreeRTOS/Source/portable/GCC/ARM_CM4F -I../Drivers/BSP/Components/lan8742 -I../Middlewares/Third_Party/LwIP/src/include/netif/ppp -I../Middlewares/Third_Party/LwIP/src/include/lwip -I../Middlewares/Third_Party/LwIP/src/include/lwip/apps -I../Middlewares/Third_Party/LwIP/src/include/lwip/priv -I../Middlewares/Third_Party/LwIP/src/include/lwip/prot -I../Middlewares/Third_Party/LwIP/src/include/netif -I../Middlewares/Third_Party/LwIP/src/include/compat/posix -I../Middlewares/Third_Party/LwIP/src/include/compat/posix/arpa -I../Middlewares/Third_Party/LwIP/src/include/compat/posix/net -I../Middlewares/Third_Party/LwIP/src/include/compat/posix/sys -I../Middlewares/Third_Party/LwIP/src/include/compat/stdc -I../Middlewares/Third_Party/LwIP/system/arch -I../Middlewares/Third_Party/LwIP/src/apps/http -O0 -ffunction-sections -fdata-sections -Wall -fstack-usage -fcyclomatic-complexity -MMD -MP -MF"Core/Src/telnet.d" -MT"Core/Src/telnet.o" --specs=nano.specs -mfpu=fpv4-sp-d16 -mfloat-abi=hard -mthumb -o "Core/Src/telnet.o"
arm-none-eabi-gcc -o "lecture12.elf" @"objects.list"   -mcpu=cortex-m4 -T"P:\MKS\lecture12\STM32F429ZITX_FLASH.ld" --specs=nosys.specs -Wl,-Map="lecture12.map" -Wl,--gc-sections -static --specs=nano.specs -mfpu=fpv4-sp-d16 -mfloat-abi=hard -mthumb -Wl,--start-group -lc -lm -Wl,--end-group
Finished building target: lecture12.elf
 
arm-none-eabi-size  lecture12.elf 
arm-none-eabi-objdump -h -S lecture12.elf  > "lecture12.list"
   text	   data	    bss	    dec	    hex	filename
 162152	    144	  71352	 233648	  390b0	lecture12.elf
Finished building: default.size.stdout
 
Finished building: lecture12.list
 
12:41:16 **** Incremental Build of configuration Debug for project lecture12 ****
make -j4 all 
arm-none-eabi-size  lecture12.elf 
   text	   data	    bss	    dec	    hex	filename
 162152	    144	  71352	 233648	  390b0	lecture12.elf
Finished building: default.size.stdout
 
12:41:51 **** Incremental Build of configuration Debug for project lecture12 ****
make -j4 all 
arm-none-eabi-size  lecture12.elf 
   text	   data	    bss	    dec	    hex	filename
 162152	    144	  71352	 233648	  390b0	lecture12.elf
Finished building: default.size.stdout
 
12:47:54 **** Incremental Build of configuration Debug for project lecture12 ****
make -j4 all 
arm-none-eabi-gcc "../Core/Src/telnet.c" -mcpu=cortex-m4 -std=gnu11 -g3 -DDEBUG -DUSE_HAL_DRIVER -DSTM32F429xx -c -I../Core/Inc -I../Drivers/STM32F4xx_HAL_Driver/Inc -I../Drivers/STM32F4xx_HAL_Driver/Inc/Legacy -I../Drivers/CMSIS/Device/ST/STM32F4xx/Include -I../Drivers/CMSIS/Include -I../LWIP/App -I../LWIP/Target -I../Middlewares/Third_Party/LwIP/src/include -I../Middlewares/Third_Party/LwIP/system -I../Middlewares/Third_Party/FreeRTOS/Source/include -I../Middlewares/Third_Party/FreeRTOS/Source/CMSIS_RTOS -I../Middlewares/Third_Party/FreeRTOS/Source/portable/GCC/ARM_CM4F -I../Drivers/BSP/Components/lan8742 -I../Middlewares/Third_Party/LwIP/src/include/netif/ppp -I../Middlewares/Third_Party/LwIP/src/include/lwip -I../Middlewares/Third_Party/LwIP/src/include/lwip/apps -I../Middlewares/Third_Party/LwIP/src/include/lwip/priv -I../Middlewares/Third_Party/LwIP/src/include/lwip/prot -I../Middlewares/Third_Party/LwIP/src/include/netif -I../Middlewares/Third_Party/LwIP/src/include/compat/posix -I../Middlewares/Third_Party/LwIP/src/include/compat/posix/arpa -I../Middlewares/Third_Party/LwIP/src/include/compat/posix/net -I../Middlewares/Third_Party/LwIP/src/include/compat/posix/sys -I../Middlewares/Third_Party/LwIP/src/include/compat/stdc -I../Middlewares/Third_Party/LwIP/system/arch -I../Middlewares/Third_Party/LwIP/src/apps/http -O0 -ffunction-sections -fdata-sections -Wall -fstack-usage -fcyclomatic-complexity -MMD -MP -MF"Core/Src/telnet.d" -MT"Core/Src/telnet.o" --specs=nano.specs -mfpu=fpv4-sp-d16 -mfloat-abi=hard -mthumb -o "Core/Src/telnet.o"
arm-none-eabi-gcc -o "lecture12.elf" @"objects.list"   -mcpu=cortex-m4 -T"P:\MKS\lecture12\STM32F429ZITX_FLASH.ld" --specs=nosys.specs -Wl,-Map="lecture12.map" -Wl,--gc-sections -static --specs=nano.specs -mfpu=fpv4-sp-d16 -mfloat-abi=hard -mthumb -Wl,--start-group -lc -lm -Wl,--end-group
Finished building target: lecture12.elf
 
arm-none-eabi-size  lecture12.elf 
arm-none-eabi-objdump -h -S lecture12.elf  > "lecture12.list"
   text	   data	    bss	    dec	    hex	filename
 162160	    144	  71352	 233656	  390b8	lecture12.elf
Finished building: default.size.stdout
 
Finished building: lecture12.list
 
12:52:44 **** Incremental Build of configuration Debug for project lecture12 ****
make -j4 all 
arm-none-eabi-size  lecture12.elf 
   text	   data	    bss	    dec	    hex	filename
 162160	    144	  71352	 233656	  390b8	lecture12.elf
Finished building: default.size.stdout
 
