11:29:59 **** Incremental Build of configuration Debug for project lecture5 ****
make -j4 all 
arm-none-eabi-gcc "../Core/Src/main.c" -mcpu=cortex-m0 -std=gnu11 -g3 -DDEBUG -DUSE_HAL_DRIVER -DSTM32F030x8 -c -I../Core/Inc -I../Drivers/STM32F0xx_HAL_Driver/Inc -I../Drivers/STM32F0xx_HAL_Driver/Inc/Legacy -I../Drivers/CMSIS/Device/ST/STM32F0xx/Include -I../Drivers/CMSIS/Include -O0 -ffunction-sections -fdata-sections -Wall -fstack-usage -fcyclomatic-complexity -MMD -MP -MF"Core/Src/main.d" -MT"Core/Src/main.o" --specs=nano.specs -mfloat-abi=soft -mthumb -o "Core/Src/main.o"
../Core/Src/main.c: In function 'uart_process_command':
../Core/Src/main.c:76:17: warning: implicit declaration of function 'strtok' [-Wimplicit-function-declaration]
   76 |         token = strtok(data, " ");
      |                 ^~~~~~
../Core/Src/main.c:76:15: warning: assignment to 'char *' from 'int' makes pointer from integer without a cast [-Wint-conversion]
   76 |         token = strtok(data, " ");
      |               ^
../Core/Src/main.c:77:13: warning: implicit declaration of function 'strcasecmp' [-Wimplicit-function-declaration]
   77 |         if (strcasecmp(token, "HELLO") == 0) {
      |             ^~~~~~~~~~
../Core/Src/main.c:81:23: warning: assignment to 'char *' from 'int' makes pointer from integer without a cast [-Wint-conversion]
   81 |                 token = strtok(NULL, " ");
      |                       ^
../Core/Src/main.c:93:23: warning: assignment to 'char *' from 'int' makes pointer from integer without a cast [-Wint-conversion]
   93 |                 token = strtok(NULL, " ");
      |                       ^
../Core/Src/main.c:106:17: error: 'led1_state' undeclared (first use in this function)
  106 |                 led1_state= HAL_GPIO_ReadPin(LED1_GPIO_Port, LED1_Pin);
      |                 ^~~~~~~~~~
../Core/Src/main.c:106:17: note: each undeclared identifier is reported only once for each function it appears in
../Core/Src/main.c:108:31: warning: format '%s' expects a matching 'char *' argument [-Wformat=]
  108 |                 printf("LED1 %s\n");
      |                              ~^
      |                               |
      |                               char *
../Core/Src/main.c:109:31: warning: format '%s' expects a matching 'char *' argument [-Wformat=]
  109 |                 printf("LED2 %s\n");
      |                              ~^
      |                               |
      |                               char *
make: *** [Core/Src/subdir.mk:34: Core/Src/main.o] Error 1
"make -j4 all" terminated with exit code 2. Build might be incomplete.
11:31:14 **** Incremental Build of configuration Debug for project lecture5 ****
make -j4 all 
arm-none-eabi-gcc "../Core/Src/main.c" -mcpu=cortex-m0 -std=gnu11 -g3 -DDEBUG -DUSE_HAL_DRIVER -DSTM32F030x8 -c -I../Core/Inc -I../Drivers/STM32F0xx_HAL_Driver/Inc -I../Drivers/STM32F0xx_HAL_Driver/Inc/Legacy -I../Drivers/CMSIS/Device/ST/STM32F0xx/Include -I../Drivers/CMSIS/Include -O0 -ffunction-sections -fdata-sections -Wall -fstack-usage -fcyclomatic-complexity -MMD -MP -MF"Core/Src/main.d" -MT"Core/Src/main.o" --specs=nano.specs -mfloat-abi=soft -mthumb -o "Core/Src/main.o"
../Core/Src/main.c: In function 'uart_process_command':
../Core/Src/main.c:107:17: error: 'led1_state' undeclared (first use in this function)
  107 |                 led1_state= HAL_GPIO_ReadPin(LED1_GPIO_Port, LED1_Pin);
      |                 ^~~~~~~~~~
../Core/Src/main.c:107:17: note: each undeclared identifier is reported only once for each function it appears in
../Core/Src/main.c:108:17: error: 'led2_state' undeclared (first use in this function)
  108 |                 led2_state= HAL_GPIO_ReadPin(LED2_GPIO_Port, LED2_Pin);
      |                 ^~~~~~~~~~
../Core/Src/main.c:109:31: warning: format '%s' expects a matching 'char *' argument [-Wformat=]
  109 |                 printf("LED1 %s\n");
      |                              ~^
      |                               |
      |                               char *
../Core/Src/main.c:110:31: warning: format '%s' expects a matching 'char *' argument [-Wformat=]
  110 |                 printf("LED2 %s\n");
      |                              ~^
      |                               |
      |                               char *
make: *** [Core/Src/subdir.mk:34: Core/Src/main.o] Error 1
"make -j4 all" terminated with exit code 2. Build might be incomplete.
11:36:57 **** Incremental Build of configuration Debug for project lecture5 ****
make -j4 all 
arm-none-eabi-gcc "../Core/Src/main.c" -mcpu=cortex-m0 -std=gnu11 -g3 -DDEBUG -DUSE_HAL_DRIVER -DSTM32F030x8 -c -I../Core/Inc -I../Drivers/STM32F0xx_HAL_Driver/Inc -I../Drivers/STM32F0xx_HAL_Driver/Inc/Legacy -I../Drivers/CMSIS/Device/ST/STM32F0xx/Include -I../Drivers/CMSIS/Include -O0 -ffunction-sections -fdata-sections -Wall -fstack-usage -fcyclomatic-complexity -MMD -MP -MF"Core/Src/main.d" -MT"Core/Src/main.o" --specs=nano.specs -mfloat-abi=soft -mthumb -o "Core/Src/main.o"
arm-none-eabi-gcc -o "lecture5.elf" @"objects.list"   -mcpu=cortex-m0 -T"P:\MKS\lecture5\STM32F030R8TX_FLASH.ld" --specs=nosys.specs -Wl,-Map="lecture5.map" -Wl,--gc-sections -static --specs=nano.specs -mfloat-abi=soft -mthumb -Wl,--start-group -lc -lm -Wl,--end-group
Finished building target: lecture5.elf
 
arm-none-eabi-size  lecture5.elf 
arm-none-eabi-objdump -h -S lecture5.elf  > "lecture5.list"
   text	   data	    bss	    dec	    hex	filename
  15860	    104	   2240	  18204	   471c	lecture5.elf
Finished building: default.size.stdout
 
Finished building: lecture5.list
 
12:02:39 **** Incremental Build of configuration Debug for project lecture5 ****
make -j4 all 
arm-none-eabi-gcc "../Core/Src/main.c" -mcpu=cortex-m0 -std=gnu11 -g3 -DDEBUG -DUSE_HAL_DRIVER -DSTM32F030x8 -c -I../Core/Inc -I../Drivers/STM32F0xx_HAL_Driver/Inc -I../Drivers/STM32F0xx_HAL_Driver/Inc/Legacy -I../Drivers/CMSIS/Device/ST/STM32F0xx/Include -I../Drivers/CMSIS/Include -O0 -ffunction-sections -fdata-sections -Wall -fstack-usage -fcyclomatic-complexity -MMD -MP -MF"Core/Src/main.d" -MT"Core/Src/main.o" --specs=nano.specs -mfloat-abi=soft -mthumb -o "Core/Src/main.o"
arm-none-eabi-gcc "../Core/Src/stm32f0xx_hal_msp.c" -mcpu=cortex-m0 -std=gnu11 -g3 -DDEBUG -DUSE_HAL_DRIVER -DSTM32F030x8 -c -I../Core/Inc -I../Drivers/STM32F0xx_HAL_Driver/Inc -I../Drivers/STM32F0xx_HAL_Driver/Inc/Legacy -I../Drivers/CMSIS/Device/ST/STM32F0xx/Include -I../Drivers/CMSIS/Include -O0 -ffunction-sections -fdata-sections -Wall -fstack-usage -fcyclomatic-complexity -MMD -MP -MF"Core/Src/stm32f0xx_hal_msp.d" -MT"Core/Src/stm32f0xx_hal_msp.o" --specs=nano.specs -mfloat-abi=soft -mthumb -o "Core/Src/stm32f0xx_hal_msp.o"
../Core/Src/main.c: In function 'main':
../Core/Src/main.c:264:13: error: invalid storage class for function 'MX_I2C1_Init'
  264 | static void MX_I2C1_Init(void)
      |             ^~~~~~~~~~~~
../Core/Src/main.c:312:13: error: invalid storage class for function 'MX_USART2_UART_Init'
  312 | static void MX_USART2_UART_Init(void)
      |             ^~~~~~~~~~~~~~~~~~~
../Core/Src/main.c:345:13: error: invalid storage class for function 'MX_DMA_Init'
  345 | static void MX_DMA_Init(void)
      |             ^~~~~~~~~~~
../Core/Src/main.c:363:13: error: invalid storage class for function 'MX_GPIO_Init'
  363 | static void MX_GPIO_Init(void)
      |             ^~~~~~~~~~~~
../Core/Src/main.c:422:1: error: expected declaration or statement at end of input
  422 | }
      | ^
../Core/Src/main.c: At top level:
../Core/Src/main.c:60:13: warning: 'MX_GPIO_Init' used but never defined
   60 | static void MX_GPIO_Init(void);
      |             ^~~~~~~~~~~~
../Core/Src/main.c:61:13: warning: 'MX_DMA_Init' used but never defined
   61 | static void MX_DMA_Init(void);
      |             ^~~~~~~~~~~
../Core/Src/main.c:62:13: warning: 'MX_USART2_UART_Init' used but never defined
   62 | static void MX_USART2_UART_Init(void);
      |             ^~~~~~~~~~~~~~~~~~~
../Core/Src/main.c:63:13: warning: 'MX_I2C1_Init' used but never defined
   63 | static void MX_I2C1_Init(void);
      |             ^~~~~~~~~~~~
../Core/Src/main.c:413:6: warning: 'Error_Handler' defined but not used [-Wunused-function]
  413 | void Error_Handler(void)
      |      ^~~~~~~~~~~~~
../Core/Src/main.c:363:13: warning: 'MX_GPIO_Init' defined but not used [-Wunused-function]
  363 | static void MX_GPIO_Init(void)
      |             ^~~~~~~~~~~~
../Core/Src/main.c:345:13: warning: 'MX_DMA_Init' defined but not used [-Wunused-function]
  345 | static void MX_DMA_Init(void)
      |             ^~~~~~~~~~~
../Core/Src/main.c:312:13: warning: 'MX_USART2_UART_Init' defined but not used [-Wunused-function]
  312 | static void MX_USART2_UART_Init(void)
      |             ^~~~~~~~~~~~~~~~~~~
../Core/Src/main.c:264:13: warning: 'MX_I2C1_Init' defined but not used [-Wunused-function]
  264 | static void MX_I2C1_Init(void)
      |             ^~~~~~~~~~~~
../Core/Src/main.c:218:6: warning: 'SystemClock_Config' defined but not used [-Wunused-function]
  218 | void SystemClock_Config(void)
      |      ^~~~~~~~~~~~~~~~~~
make: *** [Core/Src/subdir.mk:34: Core/Src/main.o] Error 1
"make -j4 all" terminated with exit code 2. Build might be incomplete.
12:03:15 **** Incremental Build of configuration Debug for project lecture5 ****
make -j4 all 
arm-none-eabi-gcc "../Core/Src/main.c" -mcpu=cortex-m0 -std=gnu11 -g3 -DDEBUG -DUSE_HAL_DRIVER -DSTM32F030x8 -c -I../Core/Inc -I../Drivers/STM32F0xx_HAL_Driver/Inc -I../Drivers/STM32F0xx_HAL_Driver/Inc/Legacy -I../Drivers/CMSIS/Device/ST/STM32F0xx/Include -I../Drivers/CMSIS/Include -O0 -ffunction-sections -fdata-sections -Wall -fstack-usage -fcyclomatic-complexity -MMD -MP -MF"Core/Src/main.d" -MT"Core/Src/main.o" --specs=nano.specs -mfloat-abi=soft -mthumb -o "Core/Src/main.o"
arm-none-eabi-gcc -o "lecture5.elf" @"objects.list"   -mcpu=cortex-m0 -T"P:\MKS\lecture5\STM32F030R8TX_FLASH.ld" --specs=nosys.specs -Wl,-Map="lecture5.map" -Wl,--gc-sections -static --specs=nano.specs -mfloat-abi=soft -mthumb -Wl,--start-group -lc -lm -Wl,--end-group
Finished building target: lecture5.elf
 
arm-none-eabi-size  lecture5.elf 
arm-none-eabi-objdump -h -S lecture5.elf  > "lecture5.list"
   text	   data	    bss	    dec	    hex	filename
  19676	    104	   2328	  22108	   565c	lecture5.elf
Finished building: default.size.stdout
 
Finished building: lecture5.list
 
12:28:33 **** Incremental Build of configuration Debug for project lecture5 ****
make -j4 all 
arm-none-eabi-gcc "../Core/Src/main.c" -mcpu=cortex-m0 -std=gnu11 -g3 -DDEBUG -DUSE_HAL_DRIVER -DSTM32F030x8 -c -I../Core/Inc -I../Drivers/STM32F0xx_HAL_Driver/Inc -I../Drivers/STM32F0xx_HAL_Driver/Inc/Legacy -I../Drivers/CMSIS/Device/ST/STM32F0xx/Include -I../Drivers/CMSIS/Include -O0 -ffunction-sections -fdata-sections -Wall -fstack-usage -fcyclomatic-complexity -MMD -MP -MF"Core/Src/main.d" -MT"Core/Src/main.o" --specs=nano.specs -mfloat-abi=soft -mthumb -o "Core/Src/main.o"
../Core/Src/main.c: In function 'uart_process_command':
../Core/Src/main.c:137:34: warning: unused variable 'addr' [-Wunused-variable]
  137 |                         uint16_t addr = atoi(token);
      |                                  ^~~~
../Core/Src/main.c:142:72: error: 'addr' undeclared (first use in this function)
  142 |                                 HAL_I2C_Mem_Write(&hi2c1, EEPROM_ADDR, addr, I2C_MEMADD_SIZE_16BIT, &value, 1, 1000);
      |                                                                        ^~~~
../Core/Src/main.c:142:72: note: each undeclared identifier is reported only once for each function it appears in
../Core/Src/main.c:150:17: error: expected '}' before 'else'
  150 |                 else{
      |                 ^~~~
../Core/Src/main.c: At top level:
../Core/Src/main.c:155:9: error: expected identifier or '(' before 'else'
  155 |         else if(strcasecmp(token, "DUMP") == 0){
      |         ^~~~
../Core/Src/main.c:170:34: error: expected declaration specifiers or '...' before '&' token
  170 |                 HAL_I2C_Mem_Read(&hi2c1, EEPROM_ADDR, addr, I2C_MEMADD_SIZE_16BIT, &value, 1, 1000);
      |                                  ^
../Core/Src/main.c:39:21: error: expected declaration specifiers or '...' before numeric constant
   39 | #define EEPROM_ADDR 0x40
      |                     ^~~~
../Core/Src/main.c:170:42: note: in expansion of macro 'EEPROM_ADDR'
  170 |                 HAL_I2C_Mem_Read(&hi2c1, EEPROM_ADDR, addr, I2C_MEMADD_SIZE_16BIT, &value, 1, 1000);
      |                                          ^~~~~~~~~~~
../Core/Src/main.c:170:55: error: unknown type name 'addr'
  170 |                 HAL_I2C_Mem_Read(&hi2c1, EEPROM_ADDR, addr, I2C_MEMADD_SIZE_16BIT, &value, 1, 1000);
      |                                                       ^~~~
In file included from ../Core/Inc/stm32f0xx_hal_conf.h:241,
                 from ../Drivers/STM32F0xx_HAL_Driver/Inc/stm32f0xx_hal.h:29,
                 from ../Core/Inc/main.h:30,
                 from ../Core/Src/main.c:20:
../Drivers/STM32F0xx_HAL_Driver/Inc/stm32f0xx_hal_i2c.h:372:41: error: expected declaration specifiers or '...' before '(' token
  372 | #define I2C_MEMADD_SIZE_16BIT           (0x00000002U)
      |                                         ^
../Core/Src/main.c:170:61: note: in expansion of macro 'I2C_MEMADD_SIZE_16BIT'
  170 |                 HAL_I2C_Mem_Read(&hi2c1, EEPROM_ADDR, addr, I2C_MEMADD_SIZE_16BIT, &value, 1, 1000);
      |                                                             ^~~~~~~~~~~~~~~~~~~~~
../Core/Src/main.c:170:84: error: expected declaration specifiers or '...' before '&' token
  170 |                 HAL_I2C_Mem_Read(&hi2c1, EEPROM_ADDR, addr, I2C_MEMADD_SIZE_16BIT, &value, 1, 1000);
      |                                                                                    ^
../Core/Src/main.c:170:92: error: expected declaration specifiers or '...' before numeric constant
  170 |                 HAL_I2C_Mem_Read(&hi2c1, EEPROM_ADDR, addr, I2C_MEMADD_SIZE_16BIT, &value, 1, 1000);
      |                                                                                            ^
../Core/Src/main.c:170:95: error: expected declaration specifiers or '...' before numeric constant
  170 |                 HAL_I2C_Mem_Read(&hi2c1, EEPROM_ADDR, addr, I2C_MEMADD_SIZE_16BIT, &value, 1, 1000);
      |                                                                                               ^~~~
../Core/Src/main.c:171:24: error: expected declaration specifiers or '...' before string constant
  171 |                 printf("Addr 0x%02X: 0x%02x\n", addr, value);
      |                        ^~~~~~~~~~~~~~~~~~~~~~~
../Core/Src/main.c:171:49: error: unknown type name 'addr'
  171 |                 printf("Addr 0x%02X: 0x%02x\n", addr, value);
      |                                                 ^~~~
../Core/Src/main.c:171:55: error: unknown type name 'value'
  171 |                 printf("Addr 0x%02X: 0x%02x\n", addr, value);
      |                                                       ^~~~~
../Core/Src/main.c:172:9: error: expected identifier or '(' before '}' token
  172 |         }
      |         ^
../Core/Src/main.c:173:1: error: expected identifier or '(' before '}' token
  173 | }
      | ^
make: *** [Core/Src/subdir.mk:34: Core/Src/main.o] Error 1
"make -j4 all" terminated with exit code 2. Build might be incomplete.
12:32:51 **** Incremental Build of configuration Debug for project lecture5 ****
make -j4 all 
arm-none-eabi-gcc "../Core/Src/main.c" -mcpu=cortex-m0 -std=gnu11 -g3 -DDEBUG -DUSE_HAL_DRIVER -DSTM32F030x8 -c -I../Core/Inc -I../Drivers/STM32F0xx_HAL_Driver/Inc -I../Drivers/STM32F0xx_HAL_Driver/Inc/Legacy -I../Drivers/CMSIS/Device/ST/STM32F0xx/Include -I../Drivers/CMSIS/Include -O0 -ffunction-sections -fdata-sections -Wall -fstack-usage -fcyclomatic-complexity -MMD -MP -MF"Core/Src/main.d" -MT"Core/Src/main.o" --specs=nano.specs -mfloat-abi=soft -mthumb -o "Core/Src/main.o"
arm-none-eabi-gcc -o "lecture5.elf" @"objects.list"   -mcpu=cortex-m0 -T"P:\MKS\lecture5\STM32F030R8TX_FLASH.ld" --specs=nosys.specs -Wl,-Map="lecture5.map" -Wl,--gc-sections -static --specs=nano.specs -mfloat-abi=soft -mthumb -Wl,--start-group -lc -lm -Wl,--end-group
Finished building target: lecture5.elf
 
arm-none-eabi-size  lecture5.elf 
arm-none-eabi-objdump -h -S lecture5.elf  > "lecture5.list"
   text	   data	    bss	    dec	    hex	filename
  21628	    104	   2328	  24060	   5dfc	lecture5.elf
Finished building: default.size.stdout
 
Finished building: lecture5.list
 
12:39:47 **** Incremental Build of configuration Debug for project lecture5 ****
make -j4 all 
arm-none-eabi-gcc "../Core/Src/main.c" -mcpu=cortex-m0 -std=gnu11 -g3 -DDEBUG -DUSE_HAL_DRIVER -DSTM32F030x8 -c -I../Core/Inc -I../Drivers/STM32F0xx_HAL_Driver/Inc -I../Drivers/STM32F0xx_HAL_Driver/Inc/Legacy -I../Drivers/CMSIS/Device/ST/STM32F0xx/Include -I../Drivers/CMSIS/Include -O0 -ffunction-sections -fdata-sections -Wall -fstack-usage -fcyclomatic-complexity -MMD -MP -MF"Core/Src/main.d" -MT"Core/Src/main.o" --specs=nano.specs -mfloat-abi=soft -mthumb -o "Core/Src/main.o"
arm-none-eabi-gcc -o "lecture5.elf" @"objects.list"   -mcpu=cortex-m0 -T"P:\MKS\lecture5\STM32F030R8TX_FLASH.ld" --specs=nosys.specs -Wl,-Map="lecture5.map" -Wl,--gc-sections -static --specs=nano.specs -mfloat-abi=soft -mthumb -Wl,--start-group -lc -lm -Wl,--end-group
Finished building target: lecture5.elf
 
arm-none-eabi-size  lecture5.elf 
arm-none-eabi-objdump -h -S lecture5.elf  > "lecture5.list"
   text	   data	    bss	    dec	    hex	filename
  21500	    104	   2328	  23932	   5d7c	lecture5.elf
Finished building: default.size.stdout
 
Finished building: lecture5.list
 
12:40:48 **** Incremental Build of configuration Debug for project lecture5 ****
make -j4 all 
arm-none-eabi-gcc "../Core/Src/main.c" -mcpu=cortex-m0 -std=gnu11 -g3 -DDEBUG -DUSE_HAL_DRIVER -DSTM32F030x8 -c -I../Core/Inc -I../Drivers/STM32F0xx_HAL_Driver/Inc -I../Drivers/STM32F0xx_HAL_Driver/Inc/Legacy -I../Drivers/CMSIS/Device/ST/STM32F0xx/Include -I../Drivers/CMSIS/Include -O0 -ffunction-sections -fdata-sections -Wall -fstack-usage -fcyclomatic-complexity -MMD -MP -MF"Core/Src/main.d" -MT"Core/Src/main.o" --specs=nano.specs -mfloat-abi=soft -mthumb -o "Core/Src/main.o"
../Core/Src/main.c: In function 'uart_process_command':
../Core/Src/main.c:168:28: warning: too many arguments for format [-Wformat-extra-args]
  168 |                     printf("0x%02X ", addr, value);
      |                            ^~~~~~~~~
arm-none-eabi-gcc -o "lecture5.elf" @"objects.list"   -mcpu=cortex-m0 -T"P:\MKS\lecture5\STM32F030R8TX_FLASH.ld" --specs=nosys.specs -Wl,-Map="lecture5.map" -Wl,--gc-sections -static --specs=nano.specs -mfloat-abi=soft -mthumb -Wl,--start-group -lc -lm -Wl,--end-group
Finished building target: lecture5.elf
 
arm-none-eabi-size  lecture5.elf 
arm-none-eabi-objdump -h -S lecture5.elf  > "lecture5.list"
   text	   data	    bss	    dec	    hex	filename
  21616	    104	   2328	  24048	   5df0	lecture5.elf
Finished building: default.size.stdout
 
Finished building: lecture5.list
 
12:41:55 **** Incremental Build of configuration Debug for project lecture5 ****
make -j4 all 
arm-none-eabi-gcc "../Core/Src/main.c" -mcpu=cortex-m0 -std=gnu11 -g3 -DDEBUG -DUSE_HAL_DRIVER -DSTM32F030x8 -c -I../Core/Inc -I../Drivers/STM32F0xx_HAL_Driver/Inc -I../Drivers/STM32F0xx_HAL_Driver/Inc/Legacy -I../Drivers/CMSIS/Device/ST/STM32F0xx/Include -I../Drivers/CMSIS/Include -O0 -ffunction-sections -fdata-sections -Wall -fstack-usage -fcyclomatic-complexity -MMD -MP -MF"Core/Src/main.d" -MT"Core/Src/main.o" --specs=nano.specs -mfloat-abi=soft -mthumb -o "Core/Src/main.o"
../Core/Src/main.c: In function 'uart_process_command':
../Core/Src/main.c:167:29: warning: unused variable 'value' [-Wunused-variable]
  167 |                     uint8_t value = EEPROM_Read(addr);
      |                             ^~~~~
arm-none-eabi-gcc -o "lecture5.elf" @"objects.list"   -mcpu=cortex-m0 -T"P:\MKS\lecture5\STM32F030R8TX_FLASH.ld" --specs=nosys.specs -Wl,-Map="lecture5.map" -Wl,--gc-sections -static --specs=nano.specs -mfloat-abi=soft -mthumb -Wl,--start-group -lc -lm -Wl,--end-group
Finished building target: lecture5.elf
 
arm-none-eabi-size  lecture5.elf 
arm-none-eabi-objdump -h -S lecture5.elf  > "lecture5.list"
   text	   data	    bss	    dec	    hex	filename
  21612	    104	   2328	  24044	   5dec	lecture5.elf
Finished building: default.size.stdout
 
Finished building: lecture5.list
 
12:43:09 **** Incremental Build of configuration Debug for project lecture5 ****
make -j4 all 
arm-none-eabi-gcc "../Core/Src/main.c" -mcpu=cortex-m0 -std=gnu11 -g3 -DDEBUG -DUSE_HAL_DRIVER -DSTM32F030x8 -c -I../Core/Inc -I../Drivers/STM32F0xx_HAL_Driver/Inc -I../Drivers/STM32F0xx_HAL_Driver/Inc/Legacy -I../Drivers/CMSIS/Device/ST/STM32F0xx/Include -I../Drivers/CMSIS/Include -O0 -ffunction-sections -fdata-sections -Wall -fstack-usage -fcyclomatic-complexity -MMD -MP -MF"Core/Src/main.d" -MT"Core/Src/main.o" --specs=nano.specs -mfloat-abi=soft -mthumb -o "Core/Src/main.o"
../Core/Src/main.c: In function 'uart_process_command':
../Core/Src/main.c:168:34: warning: format '%x' expects a matching 'unsigned int' argument [-Wformat=]
  168 |                     printf("0x%02x\n ");
      |                               ~~~^
      |                                  |
      |                                  unsigned int
../Core/Src/main.c:167:29: warning: unused variable 'value' [-Wunused-variable]
  167 |                     uint8_t value = EEPROM_Read(addr);
      |                             ^~~~~
arm-none-eabi-gcc -o "lecture5.elf" @"objects.list"   -mcpu=cortex-m0 -T"P:\MKS\lecture5\STM32F030R8TX_FLASH.ld" --specs=nosys.specs -Wl,-Map="lecture5.map" -Wl,--gc-sections -static --specs=nano.specs -mfloat-abi=soft -mthumb -Wl,--start-group -lc -lm -Wl,--end-group
Finished building target: lecture5.elf
 
arm-none-eabi-size  lecture5.elf 
arm-none-eabi-objdump -h -S lecture5.elf  > "lecture5.list"
   text	   data	    bss	    dec	    hex	filename
  21612	    104	   2328	  24044	   5dec	lecture5.elf
Finished building: default.size.stdout
 
Finished building: lecture5.list
 
12:43:54 **** Incremental Build of configuration Debug for project lecture5 ****
make -j4 all 
arm-none-eabi-gcc "../Core/Src/main.c" -mcpu=cortex-m0 -std=gnu11 -g3 -DDEBUG -DUSE_HAL_DRIVER -DSTM32F030x8 -c -I../Core/Inc -I../Drivers/STM32F0xx_HAL_Driver/Inc -I../Drivers/STM32F0xx_HAL_Driver/Inc/Legacy -I../Drivers/CMSIS/Device/ST/STM32F0xx/Include -I../Drivers/CMSIS/Include -O0 -ffunction-sections -fdata-sections -Wall -fstack-usage -fcyclomatic-complexity -MMD -MP -MF"Core/Src/main.d" -MT"Core/Src/main.o" --specs=nano.specs -mfloat-abi=soft -mthumb -o "Core/Src/main.o"
../Core/Src/main.c: In function 'uart_process_command':
../Core/Src/main.c:168:28: warning: too many arguments for format [-Wformat-extra-args]
  168 |                     printf("0x%02x\n ", addr,value);
      |                            ^~~~~~~~~~~
arm-none-eabi-gcc -o "lecture5.elf" @"objects.list"   -mcpu=cortex-m0 -T"P:\MKS\lecture5\STM32F030R8TX_FLASH.ld" --specs=nosys.specs -Wl,-Map="lecture5.map" -Wl,--gc-sections -static --specs=nano.specs -mfloat-abi=soft -mthumb -Wl,--start-group -lc -lm -Wl,--end-group
Finished building target: lecture5.elf
 
arm-none-eabi-size  lecture5.elf 
arm-none-eabi-objdump -h -S lecture5.elf  > "lecture5.list"
   text	   data	    bss	    dec	    hex	filename
  21620	    104	   2328	  24052	   5df4	lecture5.elf
Finished building: default.size.stdout
 
Finished building: lecture5.list
 
12:45:49 **** Incremental Build of configuration Debug for project lecture5 ****
make -j4 all 
arm-none-eabi-gcc "../Core/Src/main.c" -mcpu=cortex-m0 -std=gnu11 -g3 -DDEBUG -DUSE_HAL_DRIVER -DSTM32F030x8 -c -I../Core/Inc -I../Drivers/STM32F0xx_HAL_Driver/Inc -I../Drivers/STM32F0xx_HAL_Driver/Inc/Legacy -I../Drivers/CMSIS/Device/ST/STM32F0xx/Include -I../Drivers/CMSIS/Include -O0 -ffunction-sections -fdata-sections -Wall -fstack-usage -fcyclomatic-complexity -MMD -MP -MF"Core/Src/main.d" -MT"Core/Src/main.o" --specs=nano.specs -mfloat-abi=soft -mthumb -o "Core/Src/main.o"
../Core/Src/main.c: In function 'uart_process_command':
../Core/Src/main.c:169:41: warning: embedded '\0' in format [-Wformat-contains-nul]
  169 |                     printf("dump 0x%02x:\0x%02xn",addr, value);
      |                                         ^~
../Core/Src/main.c:169:28: warning: too many arguments for format [-Wformat-extra-args]
  169 |                     printf("dump 0x%02x:\0x%02xn",addr, value);
      |                            ^~~~~~~~~~~~~~~~~~~~~~
arm-none-eabi-gcc -o "lecture5.elf" @"objects.list"   -mcpu=cortex-m0 -T"P:\MKS\lecture5\STM32F030R8TX_FLASH.ld" --specs=nosys.specs -Wl,-Map="lecture5.map" -Wl,--gc-sections -static --specs=nano.specs -mfloat-abi=soft -mthumb -Wl,--start-group -lc -lm -Wl,--end-group
Finished building target: lecture5.elf
 
arm-none-eabi-size  lecture5.elf 
arm-none-eabi-objdump -h -S lecture5.elf  > "lecture5.list"
   text	   data	    bss	    dec	    hex	filename
  21572	    104	   2328	  24004	   5dc4	lecture5.elf
Finished building: default.size.stdout
 
Finished building: lecture5.list
 
12:46:54 **** Incremental Build of configuration Debug for project lecture5 ****
make -j4 all 
arm-none-eabi-gcc "../Core/Src/main.c" -mcpu=cortex-m0 -std=gnu11 -g3 -DDEBUG -DUSE_HAL_DRIVER -DSTM32F030x8 -c -I../Core/Inc -I../Drivers/STM32F0xx_HAL_Driver/Inc -I../Drivers/STM32F0xx_HAL_Driver/Inc/Legacy -I../Drivers/CMSIS/Device/ST/STM32F0xx/Include -I../Drivers/CMSIS/Include -O0 -ffunction-sections -fdata-sections -Wall -fstack-usage -fcyclomatic-complexity -MMD -MP -MF"Core/Src/main.d" -MT"Core/Src/main.o" --specs=nano.specs -mfloat-abi=soft -mthumb -o "Core/Src/main.o"
../Core/Src/main.c: In function 'uart_process_command':
../Core/Src/main.c:169:41: warning: embedded '\0' in format [-Wformat-contains-nul]
  169 |                     printf("dump 0x%02x:\0x%02x\n",addr, value);
      |                                         ^~
../Core/Src/main.c:169:28: warning: too many arguments for format [-Wformat-extra-args]
  169 |                     printf("dump 0x%02x:\0x%02x\n",addr, value);
      |                            ^~~~~~~~~~~~~~~~~~~~~~~
arm-none-eabi-gcc -o "lecture5.elf" @"objects.list"   -mcpu=cortex-m0 -T"P:\MKS\lecture5\STM32F030R8TX_FLASH.ld" --specs=nosys.specs -Wl,-Map="lecture5.map" -Wl,--gc-sections -static --specs=nano.specs -mfloat-abi=soft -mthumb -Wl,--start-group -lc -lm -Wl,--end-group
Finished building target: lecture5.elf
 
arm-none-eabi-size  lecture5.elf 
arm-none-eabi-objdump -h -S lecture5.elf  > "lecture5.list"
   text	   data	    bss	    dec	    hex	filename
  21572	    104	   2328	  24004	   5dc4	lecture5.elf
Finished building: default.size.stdout
 
Finished building: lecture5.list
 
12:47:45 **** Incremental Build of configuration Debug for project lecture5 ****
make -j4 all 
arm-none-eabi-gcc "../Core/Src/main.c" -mcpu=cortex-m0 -std=gnu11 -g3 -DDEBUG -DUSE_HAL_DRIVER -DSTM32F030x8 -c -I../Core/Inc -I../Drivers/STM32F0xx_HAL_Driver/Inc -I../Drivers/STM32F0xx_HAL_Driver/Inc/Legacy -I../Drivers/CMSIS/Device/ST/STM32F0xx/Include -I../Drivers/CMSIS/Include -O0 -ffunction-sections -fdata-sections -Wall -fstack-usage -fcyclomatic-complexity -MMD -MP -MF"Core/Src/main.d" -MT"Core/Src/main.o" --specs=nano.specs -mfloat-abi=soft -mthumb -o "Core/Src/main.o"
../Core/Src/main.c: In function 'uart_process_command':
../Core/Src/main.c:169:36: warning: embedded '\0' in format [-Wformat-contains-nul]
  169 |                     printf("0x%02x:\0x%02x\n",addr, value);
      |                                    ^~
../Core/Src/main.c:169:28: warning: too many arguments for format [-Wformat-extra-args]
  169 |                     printf("0x%02x:\0x%02x\n",addr, value);
      |                            ^~~~~~~~~~~~~~~~~~
arm-none-eabi-gcc -o "lecture5.elf" @"objects.list"   -mcpu=cortex-m0 -T"P:\MKS\lecture5\STM32F030R8TX_FLASH.ld" --specs=nosys.specs -Wl,-Map="lecture5.map" -Wl,--gc-sections -static --specs=nano.specs -mfloat-abi=soft -mthumb -Wl,--start-group -lc -lm -Wl,--end-group
Finished building target: lecture5.elf
 
arm-none-eabi-size  lecture5.elf 
arm-none-eabi-objdump -h -S lecture5.elf  > "lecture5.list"
   text	   data	    bss	    dec	    hex	filename
  21568	    104	   2328	  24000	   5dc0	lecture5.elf
Finished building: default.size.stdout
 
Finished building: lecture5.list
 
12:48:29 **** Incremental Build of configuration Debug for project lecture5 ****
make -j4 all 
arm-none-eabi-gcc "../Core/Src/main.c" -mcpu=cortex-m0 -std=gnu11 -g3 -DDEBUG -DUSE_HAL_DRIVER -DSTM32F030x8 -c -I../Core/Inc -I../Drivers/STM32F0xx_HAL_Driver/Inc -I../Drivers/STM32F0xx_HAL_Driver/Inc/Legacy -I../Drivers/CMSIS/Device/ST/STM32F0xx/Include -I../Drivers/CMSIS/Include -O0 -ffunction-sections -fdata-sections -Wall -fstack-usage -fcyclomatic-complexity -MMD -MP -MF"Core/Src/main.d" -MT"Core/Src/main.o" --specs=nano.specs -mfloat-abi=soft -mthumb -o "Core/Src/main.o"
../Core/Src/main.c: In function 'uart_process_command':
../Core/Src/main.c:169:36: warning: embedded '\0' in format [-Wformat-contains-nul]
  169 |                     printf("0x%02x:\0x%02x\n",value);
      |                                    ^~
arm-none-eabi-gcc -o "lecture5.elf" @"objects.list"   -mcpu=cortex-m0 -T"P:\MKS\lecture5\STM32F030R8TX_FLASH.ld" --specs=nosys.specs -Wl,-Map="lecture5.map" -Wl,--gc-sections -static --specs=nano.specs -mfloat-abi=soft -mthumb -Wl,--start-group -lc -lm -Wl,--end-group
Finished building target: lecture5.elf
 
arm-none-eabi-size  lecture5.elf 
arm-none-eabi-objdump -h -S lecture5.elf  > "lecture5.list"
   text	   data	    bss	    dec	    hex	filename
  21568	    104	   2328	  24000	   5dc0	lecture5.elf
Finished building: default.size.stdout
 
Finished building: lecture5.list
 
12:50:15 **** Incremental Build of configuration Debug for project lecture5 ****
make -j4 all 
arm-none-eabi-gcc "../Core/Src/main.c" -mcpu=cortex-m0 -std=gnu11 -g3 -DDEBUG -DUSE_HAL_DRIVER -DSTM32F030x8 -c -I../Core/Inc -I../Drivers/STM32F0xx_HAL_Driver/Inc -I../Drivers/STM32F0xx_HAL_Driver/Inc/Legacy -I../Drivers/CMSIS/Device/ST/STM32F0xx/Include -I../Drivers/CMSIS/Include -O0 -ffunction-sections -fdata-sections -Wall -fstack-usage -fcyclomatic-complexity -MMD -MP -MF"Core/Src/main.d" -MT"Core/Src/main.o" --specs=nano.specs -mfloat-abi=soft -mthumb -o "Core/Src/main.o"
../Core/Src/main.c: In function 'uart_process_command':
../Core/Src/main.c:169:42: warning: format '%x' expects a matching 'unsigned int' argument [-Wformat=]
  169 |                     printf("0x%02x: 0x%02x\n",value);
      |                                       ~~~^
      |                                          |
      |                                          unsigned int
arm-none-eabi-gcc -o "lecture5.elf" @"objects.list"   -mcpu=cortex-m0 -T"P:\MKS\lecture5\STM32F030R8TX_FLASH.ld" --specs=nosys.specs -Wl,-Map="lecture5.map" -Wl,--gc-sections -static --specs=nano.specs -mfloat-abi=soft -mthumb -Wl,--start-group -lc -lm -Wl,--end-group
Finished building target: lecture5.elf
 
arm-none-eabi-size  lecture5.elf 
arm-none-eabi-objdump -h -S lecture5.elf  > "lecture5.list"
   text	   data	    bss	    dec	    hex	filename
  21568	    104	   2328	  24000	   5dc0	lecture5.elf
Finished building: default.size.stdout
 
Finished building: lecture5.list
 
12:51:20 **** Incremental Build of configuration Debug for project lecture5 ****
make -j4 all 
arm-none-eabi-gcc "../Core/Src/main.c" -mcpu=cortex-m0 -std=gnu11 -g3 -DDEBUG -DUSE_HAL_DRIVER -DSTM32F030x8 -c -I../Core/Inc -I../Drivers/STM32F0xx_HAL_Driver/Inc -I../Drivers/STM32F0xx_HAL_Driver/Inc/Legacy -I../Drivers/CMSIS/Device/ST/STM32F0xx/Include -I../Drivers/CMSIS/Include -O0 -ffunction-sections -fdata-sections -Wall -fstack-usage -fcyclomatic-complexity -MMD -MP -MF"Core/Src/main.d" -MT"Core/Src/main.o" --specs=nano.specs -mfloat-abi=soft -mthumb -o "Core/Src/main.o"
arm-none-eabi-gcc -o "lecture5.elf" @"objects.list"   -mcpu=cortex-m0 -T"P:\MKS\lecture5\STM32F030R8TX_FLASH.ld" --specs=nosys.specs -Wl,-Map="lecture5.map" -Wl,--gc-sections -static --specs=nano.specs -mfloat-abi=soft -mthumb -Wl,--start-group -lc -lm -Wl,--end-group
Finished building target: lecture5.elf
 
arm-none-eabi-size  lecture5.elf 
arm-none-eabi-objdump -h -S lecture5.elf  > "lecture5.list"
   text	   data	    bss	    dec	    hex	filename
  21572	    104	   2328	  24004	   5dc4	lecture5.elf
Finished building: default.size.stdout
 
Finished building: lecture5.list
 
12:52:45 **** Incremental Build of configuration Debug for project lecture5 ****
make -j4 all 
arm-none-eabi-gcc "../Core/Src/main.c" -mcpu=cortex-m0 -std=gnu11 -g3 -DDEBUG -DUSE_HAL_DRIVER -DSTM32F030x8 -c -I../Core/Inc -I../Drivers/STM32F0xx_HAL_Driver/Inc -I../Drivers/STM32F0xx_HAL_Driver/Inc/Legacy -I../Drivers/CMSIS/Device/ST/STM32F0xx/Include -I../Drivers/CMSIS/Include -O0 -ffunction-sections -fdata-sections -Wall -fstack-usage -fcyclomatic-complexity -MMD -MP -MF"Core/Src/main.d" -MT"Core/Src/main.o" --specs=nano.specs -mfloat-abi=soft -mthumb -o "Core/Src/main.o"
arm-none-eabi-gcc -o "lecture5.elf" @"objects.list"   -mcpu=cortex-m0 -T"P:\MKS\lecture5\STM32F030R8TX_FLASH.ld" --specs=nosys.specs -Wl,-Map="lecture5.map" -Wl,--gc-sections -static --specs=nano.specs -mfloat-abi=soft -mthumb -Wl,--start-group -lc -lm -Wl,--end-group
Finished building target: lecture5.elf
 
arm-none-eabi-size  lecture5.elf 
arm-none-eabi-objdump -h -S lecture5.elf  > "lecture5.list"
   text	   data	    bss	    dec	    hex	filename
  21564	    104	   2328	  23996	   5dbc	lecture5.elf
Finished building: default.size.stdout
 
Finished building: lecture5.list
 
10:24:44 **** Build of configuration Debug for project lecture6 ****
make -j4 all 
arm-none-eabi-gcc "../Drivers/STM32F0xx_HAL_Driver/Src/stm32f0xx_hal.c" -mcpu=cortex-m0 -std=gnu11 -g3 -DDEBUG -DUSE_HAL_DRIVER -DSTM32F030x8 -c -I../Core/Inc -I../Drivers/STM32F0xx_HAL_Driver/Inc -I../Drivers/STM32F0xx_HAL_Driver/Inc/Legacy -I../Drivers/CMSIS/Device/ST/STM32F0xx/Include -I../Drivers/CMSIS/Include -O0 -ffunction-sections -fdata-sections -Wall -fstack-usage -fcyclomatic-complexity -MMD -MP -MF"Drivers/STM32F0xx_HAL_Driver/Src/stm32f0xx_hal.d" -MT"Drivers/STM32F0xx_HAL_Driver/Src/stm32f0xx_hal.o" --specs=nano.specs -mfloat-abi=soft -mthumb -o "Drivers/STM32F0xx_HAL_Driver/Src/stm32f0xx_hal.o"
arm-none-eabi-gcc "../Drivers/STM32F0xx_HAL_Driver/Src/stm32f0xx_hal_cortex.c" -mcpu=cortex-m0 -std=gnu11 -g3 -DDEBUG -DUSE_HAL_DRIVER -DSTM32F030x8 -c -I../Core/Inc -I../Drivers/STM32F0xx_HAL_Driver/Inc -I../Drivers/STM32F0xx_HAL_Driver/Inc/Legacy -I../Drivers/CMSIS/Device/ST/STM32F0xx/Include -I../Drivers/CMSIS/Include -O0 -ffunction-sections -fdata-sections -Wall -fstack-usage -fcyclomatic-complexity -MMD -MP -MF"Drivers/STM32F0xx_HAL_Driver/Src/stm32f0xx_hal_cortex.d" -MT"Drivers/STM32F0xx_HAL_Driver/Src/stm32f0xx_hal_cortex.o" --specs=nano.specs -mfloat-abi=soft -mthumb -o "Drivers/STM32F0xx_HAL_Driver/Src/stm32f0xx_hal_cortex.o"
arm-none-eabi-gcc "../Drivers/STM32F0xx_HAL_Driver/Src/stm32f0xx_hal_dma.c" -mcpu=cortex-m0 -std=gnu11 -g3 -DDEBUG -DUSE_HAL_DRIVER -DSTM32F030x8 -c -I../Core/Inc -I../Drivers/STM32F0xx_HAL_Driver/Inc -I../Drivers/STM32F0xx_HAL_Driver/Inc/Legacy -I../Drivers/CMSIS/Device/ST/STM32F0xx/Include -I../Drivers/CMSIS/Include -O0 -ffunction-sections -fdata-sections -Wall -fstack-usage -fcyclomatic-complexity -MMD -MP -MF"Drivers/STM32F0xx_HAL_Driver/Src/stm32f0xx_hal_dma.d" -MT"Drivers/STM32F0xx_HAL_Driver/Src/stm32f0xx_hal_dma.o" --specs=nano.specs -mfloat-abi=soft -mthumb -o "Drivers/STM32F0xx_HAL_Driver/Src/stm32f0xx_hal_dma.o"
arm-none-eabi-gcc "../Drivers/STM32F0xx_HAL_Driver/Src/stm32f0xx_hal_exti.c" -mcpu=cortex-m0 -std=gnu11 -g3 -DDEBUG -DUSE_HAL_DRIVER -DSTM32F030x8 -c -I../Core/Inc -I../Drivers/STM32F0xx_HAL_Driver/Inc -I../Drivers/STM32F0xx_HAL_Driver/Inc/Legacy -I../Drivers/CMSIS/Device/ST/STM32F0xx/Include -I../Drivers/CMSIS/Include -O0 -ffunction-sections -fdata-sections -Wall -fstack-usage -fcyclomatic-complexity -MMD -MP -MF"Drivers/STM32F0xx_HAL_Driver/Src/stm32f0xx_hal_exti.d" -MT"Drivers/STM32F0xx_HAL_Driver/Src/stm32f0xx_hal_exti.o" --specs=nano.specs -mfloat-abi=soft -mthumb -o "Drivers/STM32F0xx_HAL_Driver/Src/stm32f0xx_hal_exti.o"
arm-none-eabi-gcc "../Drivers/STM32F0xx_HAL_Driver/Src/stm32f0xx_hal_flash.c" -mcpu=cortex-m0 -std=gnu11 -g3 -DDEBUG -DUSE_HAL_DRIVER -DSTM32F030x8 -c -I../Core/Inc -I../Drivers/STM32F0xx_HAL_Driver/Inc -I../Drivers/STM32F0xx_HAL_Driver/Inc/Legacy -I../Drivers/CMSIS/Device/ST/STM32F0xx/Include -I../Drivers/CMSIS/Include -O0 -ffunction-sections -fdata-sections -Wall -fstack-usage -fcyclomatic-complexity -MMD -MP -MF"Drivers/STM32F0xx_HAL_Driver/Src/stm32f0xx_hal_flash.d" -MT"Drivers/STM32F0xx_HAL_Driver/Src/stm32f0xx_hal_flash.o" --specs=nano.specs -mfloat-abi=soft -mthumb -o "Drivers/STM32F0xx_HAL_Driver/Src/stm32f0xx_hal_flash.o"
arm-none-eabi-gcc "../Drivers/STM32F0xx_HAL_Driver/Src/stm32f0xx_hal_flash_ex.c" -mcpu=cortex-m0 -std=gnu11 -g3 -DDEBUG -DUSE_HAL_DRIVER -DSTM32F030x8 -c -I../Core/Inc -I../Drivers/STM32F0xx_HAL_Driver/Inc -I../Drivers/STM32F0xx_HAL_Driver/Inc/Legacy -I../Drivers/CMSIS/Device/ST/STM32F0xx/Include -I../Drivers/CMSIS/Include -O0 -ffunction-sections -fdata-sections -Wall -fstack-usage -fcyclomatic-complexity -MMD -MP -MF"Drivers/STM32F0xx_HAL_Driver/Src/stm32f0xx_hal_flash_ex.d" -MT"Drivers/STM32F0xx_HAL_Driver/Src/stm32f0xx_hal_flash_ex.o" --specs=nano.specs -mfloat-abi=soft -mthumb -o "Drivers/STM32F0xx_HAL_Driver/Src/stm32f0xx_hal_flash_ex.o"
arm-none-eabi-gcc "../Drivers/STM32F0xx_HAL_Driver/Src/stm32f0xx_hal_gpio.c" -mcpu=cortex-m0 -std=gnu11 -g3 -DDEBUG -DUSE_HAL_DRIVER -DSTM32F030x8 -c -I../Core/Inc -I../Drivers/STM32F0xx_HAL_Driver/Inc -I../Drivers/STM32F0xx_HAL_Driver/Inc/Legacy -I../Drivers/CMSIS/Device/ST/STM32F0xx/Include -I../Drivers/CMSIS/Include -O0 -ffunction-sections -fdata-sections -Wall -fstack-usage -fcyclomatic-complexity -MMD -MP -MF"Drivers/STM32F0xx_HAL_Driver/Src/stm32f0xx_hal_gpio.d" -MT"Drivers/STM32F0xx_HAL_Driver/Src/stm32f0xx_hal_gpio.o" --specs=nano.specs -mfloat-abi=soft -mthumb -o "Drivers/STM32F0xx_HAL_Driver/Src/stm32f0xx_hal_gpio.o"
arm-none-eabi-gcc "../Drivers/STM32F0xx_HAL_Driver/Src/stm32f0xx_hal_i2c.c" -mcpu=cortex-m0 -std=gnu11 -g3 -DDEBUG -DUSE_HAL_DRIVER -DSTM32F030x8 -c -I../Core/Inc -I../Drivers/STM32F0xx_HAL_Driver/Inc -I../Drivers/STM32F0xx_HAL_Driver/Inc/Legacy -I../Drivers/CMSIS/Device/ST/STM32F0xx/Include -I../Drivers/CMSIS/Include -O0 -ffunction-sections -fdata-sections -Wall -fstack-usage -fcyclomatic-complexity -MMD -MP -MF"Drivers/STM32F0xx_HAL_Driver/Src/stm32f0xx_hal_i2c.d" -MT"Drivers/STM32F0xx_HAL_Driver/Src/stm32f0xx_hal_i2c.o" --specs=nano.specs -mfloat-abi=soft -mthumb -o "Drivers/STM32F0xx_HAL_Driver/Src/stm32f0xx_hal_i2c.o"
arm-none-eabi-gcc "../Drivers/STM32F0xx_HAL_Driver/Src/stm32f0xx_hal_i2c_ex.c" -mcpu=cortex-m0 -std=gnu11 -g3 -DDEBUG -DUSE_HAL_DRIVER -DSTM32F030x8 -c -I../Core/Inc -I../Drivers/STM32F0xx_HAL_Driver/Inc -I../Drivers/STM32F0xx_HAL_Driver/Inc/Legacy -I../Drivers/CMSIS/Device/ST/STM32F0xx/Include -I../Drivers/CMSIS/Include -O0 -ffunction-sections -fdata-sections -Wall -fstack-usage -fcyclomatic-complexity -MMD -MP -MF"Drivers/STM32F0xx_HAL_Driver/Src/stm32f0xx_hal_i2c_ex.d" -MT"Drivers/STM32F0xx_HAL_Driver/Src/stm32f0xx_hal_i2c_ex.o" --specs=nano.specs -mfloat-abi=soft -mthumb -o "Drivers/STM32F0xx_HAL_Driver/Src/stm32f0xx_hal_i2c_ex.o"
arm-none-eabi-gcc "../Drivers/STM32F0xx_HAL_Driver/Src/stm32f0xx_hal_pwr.c" -mcpu=cortex-m0 -std=gnu11 -g3 -DDEBUG -DUSE_HAL_DRIVER -DSTM32F030x8 -c -I../Core/Inc -I../Drivers/STM32F0xx_HAL_Driver/Inc -I../Drivers/STM32F0xx_HAL_Driver/Inc/Legacy -I../Drivers/CMSIS/Device/ST/STM32F0xx/Include -I../Drivers/CMSIS/Include -O0 -ffunction-sections -fdata-sections -Wall -fstack-usage -fcyclomatic-complexity -MMD -MP -MF"Drivers/STM32F0xx_HAL_Driver/Src/stm32f0xx_hal_pwr.d" -MT"Drivers/STM32F0xx_HAL_Driver/Src/stm32f0xx_hal_pwr.o" --specs=nano.specs -mfloat-abi=soft -mthumb -o "Drivers/STM32F0xx_HAL_Driver/Src/stm32f0xx_hal_pwr.o"
arm-none-eabi-gcc "../Drivers/STM32F0xx_HAL_Driver/Src/stm32f0xx_hal_pwr_ex.c" -mcpu=cortex-m0 -std=gnu11 -g3 -DDEBUG -DUSE_HAL_DRIVER -DSTM32F030x8 -c -I../Core/Inc -I../Drivers/STM32F0xx_HAL_Driver/Inc -I../Drivers/STM32F0xx_HAL_Driver/Inc/Legacy -I../Drivers/CMSIS/Device/ST/STM32F0xx/Include -I../Drivers/CMSIS/Include -O0 -ffunction-sections -fdata-sections -Wall -fstack-usage -fcyclomatic-complexity -MMD -MP -MF"Drivers/STM32F0xx_HAL_Driver/Src/stm32f0xx_hal_pwr_ex.d" -MT"Drivers/STM32F0xx_HAL_Driver/Src/stm32f0xx_hal_pwr_ex.o" --specs=nano.specs -mfloat-abi=soft -mthumb -o "Drivers/STM32F0xx_HAL_Driver/Src/stm32f0xx_hal_pwr_ex.o"
arm-none-eabi-gcc "../Drivers/STM32F0xx_HAL_Driver/Src/stm32f0xx_hal_rcc.c" -mcpu=cortex-m0 -std=gnu11 -g3 -DDEBUG -DUSE_HAL_DRIVER -DSTM32F030x8 -c -I../Core/Inc -I../Drivers/STM32F0xx_HAL_Driver/Inc -I../Drivers/STM32F0xx_HAL_Driver/Inc/Legacy -I../Drivers/CMSIS/Device/ST/STM32F0xx/Include -I../Drivers/CMSIS/Include -O0 -ffunction-sections -fdata-sections -Wall -fstack-usage -fcyclomatic-complexity -MMD -MP -MF"Drivers/STM32F0xx_HAL_Driver/Src/stm32f0xx_hal_rcc.d" -MT"Drivers/STM32F0xx_HAL_Driver/Src/stm32f0xx_hal_rcc.o" --specs=nano.specs -mfloat-abi=soft -mthumb -o "Drivers/STM32F0xx_HAL_Driver/Src/stm32f0xx_hal_rcc.o"
arm-none-eabi-gcc "../Drivers/STM32F0xx_HAL_Driver/Src/stm32f0xx_hal_rcc_ex.c" -mcpu=cortex-m0 -std=gnu11 -g3 -DDEBUG -DUSE_HAL_DRIVER -DSTM32F030x8 -c -I../Core/Inc -I../Drivers/STM32F0xx_HAL_Driver/Inc -I../Drivers/STM32F0xx_HAL_Driver/Inc/Legacy -I../Drivers/CMSIS/Device/ST/STM32F0xx/Include -I../Drivers/CMSIS/Include -O0 -ffunction-sections -fdata-sections -Wall -fstack-usage -fcyclomatic-complexity -MMD -MP -MF"Drivers/STM32F0xx_HAL_Driver/Src/stm32f0xx_hal_rcc_ex.d" -MT"Drivers/STM32F0xx_HAL_Driver/Src/stm32f0xx_hal_rcc_ex.o" --specs=nano.specs -mfloat-abi=soft -mthumb -o "Drivers/STM32F0xx_HAL_Driver/Src/stm32f0xx_hal_rcc_ex.o"
arm-none-eabi-gcc "../Drivers/STM32F0xx_HAL_Driver/Src/stm32f0xx_hal_tim.c" -mcpu=cortex-m0 -std=gnu11 -g3 -DDEBUG -DUSE_HAL_DRIVER -DSTM32F030x8 -c -I../Core/Inc -I../Drivers/STM32F0xx_HAL_Driver/Inc -I../Drivers/STM32F0xx_HAL_Driver/Inc/Legacy -I../Drivers/CMSIS/Device/ST/STM32F0xx/Include -I../Drivers/CMSIS/Include -O0 -ffunction-sections -fdata-sections -Wall -fstack-usage -fcyclomatic-complexity -MMD -MP -MF"Drivers/STM32F0xx_HAL_Driver/Src/stm32f0xx_hal_tim.d" -MT"Drivers/STM32F0xx_HAL_Driver/Src/stm32f0xx_hal_tim.o" --specs=nano.specs -mfloat-abi=soft -mthumb -o "Drivers/STM32F0xx_HAL_Driver/Src/stm32f0xx_hal_tim.o"
arm-none-eabi-gcc "../Drivers/STM32F0xx_HAL_Driver/Src/stm32f0xx_hal_tim_ex.c" -mcpu=cortex-m0 -std=gnu11 -g3 -DDEBUG -DUSE_HAL_DRIVER -DSTM32F030x8 -c -I../Core/Inc -I../Drivers/STM32F0xx_HAL_Driver/Inc -I../Drivers/STM32F0xx_HAL_Driver/Inc/Legacy -I../Drivers/CMSIS/Device/ST/STM32F0xx/Include -I../Drivers/CMSIS/Include -O0 -ffunction-sections -fdata-sections -Wall -fstack-usage -fcyclomatic-complexity -MMD -MP -MF"Drivers/STM32F0xx_HAL_Driver/Src/stm32f0xx_hal_tim_ex.d" -MT"Drivers/STM32F0xx_HAL_Driver/Src/stm32f0xx_hal_tim_ex.o" --specs=nano.specs -mfloat-abi=soft -mthumb -o "Drivers/STM32F0xx_HAL_Driver/Src/stm32f0xx_hal_tim_ex.o"
arm-none-eabi-gcc "../Drivers/STM32F0xx_HAL_Driver/Src/stm32f0xx_hal_uart.c" -mcpu=cortex-m0 -std=gnu11 -g3 -DDEBUG -DUSE_HAL_DRIVER -DSTM32F030x8 -c -I../Core/Inc -I../Drivers/STM32F0xx_HAL_Driver/Inc -I../Drivers/STM32F0xx_HAL_Driver/Inc/Legacy -I../Drivers/CMSIS/Device/ST/STM32F0xx/Include -I../Drivers/CMSIS/Include -O0 -ffunction-sections -fdata-sections -Wall -fstack-usage -fcyclomatic-complexity -MMD -MP -MF"Drivers/STM32F0xx_HAL_Driver/Src/stm32f0xx_hal_uart.d" -MT"Drivers/STM32F0xx_HAL_Driver/Src/stm32f0xx_hal_uart.o" --specs=nano.specs -mfloat-abi=soft -mthumb -o "Drivers/STM32F0xx_HAL_Driver/Src/stm32f0xx_hal_uart.o"
arm-none-eabi-gcc "../Drivers/STM32F0xx_HAL_Driver/Src/stm32f0xx_hal_uart_ex.c" -mcpu=cortex-m0 -std=gnu11 -g3 -DDEBUG -DUSE_HAL_DRIVER -DSTM32F030x8 -c -I../Core/Inc -I../Drivers/STM32F0xx_HAL_Driver/Inc -I../Drivers/STM32F0xx_HAL_Driver/Inc/Legacy -I../Drivers/CMSIS/Device/ST/STM32F0xx/Include -I../Drivers/CMSIS/Include -O0 -ffunction-sections -fdata-sections -Wall -fstack-usage -fcyclomatic-complexity -MMD -MP -MF"Drivers/STM32F0xx_HAL_Driver/Src/stm32f0xx_hal_uart_ex.d" -MT"Drivers/STM32F0xx_HAL_Driver/Src/stm32f0xx_hal_uart_ex.o" --specs=nano.specs -mfloat-abi=soft -mthumb -o "Drivers/STM32F0xx_HAL_Driver/Src/stm32f0xx_hal_uart_ex.o"
arm-none-eabi-gcc -mcpu=cortex-m0 -g3 -DDEBUG -c -x assembler-with-cpp -MMD -MP -MF"Core/Startup/startup_stm32f030r8tx.d" -MT"Core/Startup/startup_stm32f030r8tx.o" --specs=nano.specs -mfloat-abi=soft -mthumb -o "Core/Startup/startup_stm32f030r8tx.o" "../Core/Startup/startup_stm32f030r8tx.s"
arm-none-eabi-gcc "../Core/Src/1wire.c" -mcpu=cortex-m0 -std=gnu11 -g3 -DDEBUG -DUSE_HAL_DRIVER -DSTM32F030x8 -c -I../Core/Inc -I../Drivers/STM32F0xx_HAL_Driver/Inc -I../Drivers/STM32F0xx_HAL_Driver/Inc/Legacy -I../Drivers/CMSIS/Device/ST/STM32F0xx/Include -I../Drivers/CMSIS/Include -O0 -ffunction-sections -fdata-sections -Wall -fstack-usage -fcyclomatic-complexity -MMD -MP -MF"Core/Src/1wire.d" -MT"Core/Src/1wire.o" --specs=nano.specs -mfloat-abi=soft -mthumb -o "Core/Src/1wire.o"
arm-none-eabi-gcc "../Core/Src/main.c" -mcpu=cortex-m0 -std=gnu11 -g3 -DDEBUG -DUSE_HAL_DRIVER -DSTM32F030x8 -c -I../Core/Inc -I../Drivers/STM32F0xx_HAL_Driver/Inc -I../Drivers/STM32F0xx_HAL_Driver/Inc/Legacy -I../Drivers/CMSIS/Device/ST/STM32F0xx/Include -I../Drivers/CMSIS/Include -O0 -ffunction-sections -fdata-sections -Wall -fstack-usage -fcyclomatic-complexity -MMD -MP -MF"Core/Src/main.d" -MT"Core/Src/main.o" --specs=nano.specs -mfloat-abi=soft -mthumb -o "Core/Src/main.o"
In file included from ../Core/Src/1wire.c:10:
../Core/Src/1wire.c: In function 'OWInit':
../Core/Inc/1wire.h:14:38: error: 'DQ_GPIO_Port' undeclared (first use in this function); did you mean 'LD2_GPIO_Port'?
   14 | #define OWSetLink(x)        { if (x) DQ_GPIO_Port->BSRR = DQ_Pin; else DQ_GPIO_Port->BRR = DQ_Pin; }
      |                                      ^~~~~~~~~~~~
../Core/Src/1wire.c:19:5: note: in expansion of macro 'OWSetLink'
   19 |     OWSetLink(1);
      |     ^~~~~~~~~
../Core/Inc/1wire.h:14:38: note: each undeclared identifier is reported only once for each function it appears in
   14 | #define OWSetLink(x)        { if (x) DQ_GPIO_Port->BSRR = DQ_Pin; else DQ_GPIO_Port->BRR = DQ_Pin; }
      |                                      ^~~~~~~~~~~~
../Core/Src/1wire.c:19:5: note: in expansion of macro 'OWSetLink'
   19 |     OWSetLink(1);
      |     ^~~~~~~~~
../Core/Inc/1wire.h:14:59: error: 'DQ_Pin' undeclared (first use in this function); did you mean 'S2_Pin'?
   14 | #define OWSetLink(x)        { if (x) DQ_GPIO_Port->BSRR = DQ_Pin; else DQ_GPIO_Port->BRR = DQ_Pin; }
      |                                                           ^~~~~~
../Core/Src/1wire.c:19:5: note: in expansion of macro 'OWSetLink'
   19 |     OWSetLink(1);
      |     ^~~~~~~~~
../Core/Src/1wire.c: In function 'OWReset':
../Core/Inc/1wire.h:14:38: error: 'DQ_GPIO_Port' undeclared (first use in this function); did you mean 'LD2_GPIO_Port'?
   14 | #define OWSetLink(x)        { if (x) DQ_GPIO_Port->BSRR = DQ_Pin; else DQ_GPIO_Port->BRR = DQ_Pin; }
      |                                      ^~~~~~~~~~~~
../Core/Src/1wire.c:31:5: note: in expansion of macro 'OWSetLink'
   31 |     OWSetLink(0);
      |     ^~~~~~~~~
arm-none-eabi-gcc "../Core/Src/sct.c" -mcpu=cortex-m0 -std=gnu11 -g3 -DDEBUG -DUSE_HAL_DRIVER -DSTM32F030x8 -c -I../Core/Inc -I../Drivers/STM32F0xx_HAL_Driver/Inc -I../Drivers/STM32F0xx_HAL_Driver/Inc/Legacy -I../Drivers/CMSIS/Device/ST/STM32F0xx/Include -I../Drivers/CMSIS/Include -O0 -ffunction-sections -fdata-sections -Wall -fstack-usage -fcyclomatic-complexity -MMD -MP -MF"Core/Src/sct.d" -MT"Core/Src/sct.o" --specs=nano.specs -mfloat-abi=soft -mthumb -o "Core/Src/sct.o"
../Core/Inc/1wire.h:14:59: error: 'DQ_Pin' undeclared (first use in this function); did you mean 'S2_Pin'?
   14 | #define OWSetLink(x)        { if (x) DQ_GPIO_Port->BSRR = DQ_Pin; else DQ_GPIO_Port->BRR = DQ_Pin; }
      |                                                           ^~~~~~
../Core/Src/1wire.c:31:5: note: in expansion of macro 'OWSetLink'
   31 |     OWSetLink(0);
      |     ^~~~~~~~~
../Core/Src/1wire.c: In function 'OWWriteBit':
../Core/Inc/1wire.h:14:38: error: 'DQ_GPIO_Port' undeclared (first use in this function); did you mean 'LD2_GPIO_Port'?
   14 | #define OWSetLink(x)        { if (x) DQ_GPIO_Port->BSRR = DQ_Pin; else DQ_GPIO_Port->BRR = DQ_Pin; }
      |                                      ^~~~~~~~~~~~
../Core/Src/1wire.c:45:9: note: in expansion of macro 'OWSetLink'
   45 |         OWSetLink(0);
      |         ^~~~~~~~~
../Core/Inc/1wire.h:14:59: error: 'DQ_Pin' undeclared (first use in this function); did you mean 'S2_Pin'?
   14 | #define OWSetLink(x)        { if (x) DQ_GPIO_Port->BSRR = DQ_Pin; else DQ_GPIO_Port->BRR = DQ_Pin; }
      |                                                           ^~~~~~
../Core/Src/1wire.c:45:9: note: in expansion of macro 'OWSetLink'
   45 |         OWSetLink(0);
      |         ^~~~~~~~~
../Core/Src/1wire.c: In function 'OWReadBit':
../Core/Inc/1wire.h:14:38: error: 'DQ_GPIO_Port' undeclared (first use in this function); did you mean 'LD2_GPIO_Port'?
   14 | #define OWSetLink(x)        { if (x) DQ_GPIO_Port->BSRR = DQ_Pin; else DQ_GPIO_Port->BRR = DQ_Pin; }
      |                                      ^~~~~~~~~~~~
../Core/Src/1wire.c:63:5: note: in expansion of macro 'OWSetLink'
   63 |     OWSetLink(0);
      |     ^~~~~~~~~
../Core/Inc/1wire.h:14:59: error: 'DQ_Pin' undeclared (first use in this function); did you mean 'S2_Pin'?
   14 | #define OWSetLink(x)        { if (x) DQ_GPIO_Port->BSRR = DQ_Pin; else DQ_GPIO_Port->BRR = DQ_Pin; }
      |                                                           ^~~~~~
../Core/Src/1wire.c:63:5: note: in expansion of macro 'OWSetLink'
   63 |     OWSetLink(0);
      |     ^~~~~~~~~
make: *** [Core/Src/subdir.mk:40: Core/Src/1wire.o] Error 1
make: *** Waiting for unfinished jobs....
"make -j4 all" terminated with exit code 2. Build might be incomplete.
10:26:44 **** Incremental Build of configuration Debug for project lecture6 ****
make -j4 all 
arm-none-eabi-gcc "../Core/Src/1wire.c" -mcpu=cortex-m0 -std=gnu11 -g3 -DDEBUG -DUSE_HAL_DRIVER -DSTM32F030x8 -c -I../Core/Inc -I../Drivers/STM32F0xx_HAL_Driver/Inc -I../Drivers/STM32F0xx_HAL_Driver/Inc/Legacy -I../Drivers/CMSIS/Device/ST/STM32F0xx/Include -I../Drivers/CMSIS/Include -O0 -ffunction-sections -fdata-sections -Wall -fstack-usage -fcyclomatic-complexity -MMD -MP -MF"Core/Src/1wire.d" -MT"Core/Src/1wire.o" --specs=nano.specs -mfloat-abi=soft -mthumb -o "Core/Src/1wire.o"
arm-none-eabi-gcc "../Core/Src/main.c" -mcpu=cortex-m0 -std=gnu11 -g3 -DDEBUG -DUSE_HAL_DRIVER -DSTM32F030x8 -c -I../Core/Inc -I../Drivers/STM32F0xx_HAL_Driver/Inc -I../Drivers/STM32F0xx_HAL_Driver/Inc/Legacy -I../Drivers/CMSIS/Device/ST/STM32F0xx/Include -I../Drivers/CMSIS/Include -O0 -ffunction-sections -fdata-sections -Wall -fstack-usage -fcyclomatic-complexity -MMD -MP -MF"Core/Src/main.d" -MT"Core/Src/main.o" --specs=nano.specs -mfloat-abi=soft -mthumb -o "Core/Src/main.o"
arm-none-eabi-gcc "../Core/Src/sct.c" -mcpu=cortex-m0 -std=gnu11 -g3 -DDEBUG -DUSE_HAL_DRIVER -DSTM32F030x8 -c -I../Core/Inc -I../Drivers/STM32F0xx_HAL_Driver/Inc -I../Drivers/STM32F0xx_HAL_Driver/Inc/Legacy -I../Drivers/CMSIS/Device/ST/STM32F0xx/Include -I../Drivers/CMSIS/Include -O0 -ffunction-sections -fdata-sections -Wall -fstack-usage -fcyclomatic-complexity -MMD -MP -MF"Core/Src/sct.d" -MT"Core/Src/sct.o" --specs=nano.specs -mfloat-abi=soft -mthumb -o "Core/Src/sct.o"
arm-none-eabi-gcc "../Core/Src/stm32f0xx_hal_msp.c" -mcpu=cortex-m0 -std=gnu11 -g3 -DDEBUG -DUSE_HAL_DRIVER -DSTM32F030x8 -c -I../Core/Inc -I../Drivers/STM32F0xx_HAL_Driver/Inc -I../Drivers/STM32F0xx_HAL_Driver/Inc/Legacy -I../Drivers/CMSIS/Device/ST/STM32F0xx/Include -I../Drivers/CMSIS/Include -O0 -ffunction-sections -fdata-sections -Wall -fstack-usage -fcyclomatic-complexity -MMD -MP -MF"Core/Src/stm32f0xx_hal_msp.d" -MT"Core/Src/stm32f0xx_hal_msp.o" --specs=nano.specs -mfloat-abi=soft -mthumb -o "Core/Src/stm32f0xx_hal_msp.o"
../Core/Src/main.c: In function 'main':
../Core/Src/main.c:108:19: error: too many arguments to function 'sct_value'
  108 |                   sct_value(value/10, 0, 0);
      |                   ^~~~~~~~~
In file included from ../Core/Src/main.c:25:
../Core/Inc/sct.h:17:6: note: declared here
   17 | void sct_value(uint16_t value, uint8_t led);
      |      ^~~~~~~~~
make: *** [Core/Src/subdir.mk:40: Core/Src/main.o] Error 1
make: *** Waiting for unfinished jobs....
"make -j4 all" terminated with exit code 2. Build might be incomplete.
10:27:35 **** Incremental Build of configuration Debug for project lecture6 ****
make -j4 all 
arm-none-eabi-gcc "../Core/Src/main.c" -mcpu=cortex-m0 -std=gnu11 -g3 -DDEBUG -DUSE_HAL_DRIVER -DSTM32F030x8 -c -I../Core/Inc -I../Drivers/STM32F0xx_HAL_Driver/Inc -I../Drivers/STM32F0xx_HAL_Driver/Inc/Legacy -I../Drivers/CMSIS/Device/ST/STM32F0xx/Include -I../Drivers/CMSIS/Include -O0 -ffunction-sections -fdata-sections -Wall -fstack-usage -fcyclomatic-complexity -MMD -MP -MF"Core/Src/main.d" -MT"Core/Src/main.o" --specs=nano.specs -mfloat-abi=soft -mthumb -o "Core/Src/main.o"
arm-none-eabi-gcc "../Core/Src/stm32f0xx_it.c" -mcpu=cortex-m0 -std=gnu11 -g3 -DDEBUG -DUSE_HAL_DRIVER -DSTM32F030x8 -c -I../Core/Inc -I../Drivers/STM32F0xx_HAL_Driver/Inc -I../Drivers/STM32F0xx_HAL_Driver/Inc/Legacy -I../Drivers/CMSIS/Device/ST/STM32F0xx/Include -I../Drivers/CMSIS/Include -O0 -ffunction-sections -fdata-sections -Wall -fstack-usage -fcyclomatic-complexity -MMD -MP -MF"Core/Src/stm32f0xx_it.d" -MT"Core/Src/stm32f0xx_it.o" --specs=nano.specs -mfloat-abi=soft -mthumb -o "Core/Src/stm32f0xx_it.o"
arm-none-eabi-gcc "../Core/Src/syscalls.c" -mcpu=cortex-m0 -std=gnu11 -g3 -DDEBUG -DUSE_HAL_DRIVER -DSTM32F030x8 -c -I../Core/Inc -I../Drivers/STM32F0xx_HAL_Driver/Inc -I../Drivers/STM32F0xx_HAL_Driver/Inc/Legacy -I../Drivers/CMSIS/Device/ST/STM32F0xx/Include -I../Drivers/CMSIS/Include -O0 -ffunction-sections -fdata-sections -Wall -fstack-usage -fcyclomatic-complexity -MMD -MP -MF"Core/Src/syscalls.d" -MT"Core/Src/syscalls.o" --specs=nano.specs -mfloat-abi=soft -mthumb -o "Core/Src/syscalls.o"
arm-none-eabi-gcc "../Core/Src/sysmem.c" -mcpu=cortex-m0 -std=gnu11 -g3 -DDEBUG -DUSE_HAL_DRIVER -DSTM32F030x8 -c -I../Core/Inc -I../Drivers/STM32F0xx_HAL_Driver/Inc -I../Drivers/STM32F0xx_HAL_Driver/Inc/Legacy -I../Drivers/CMSIS/Device/ST/STM32F0xx/Include -I../Drivers/CMSIS/Include -O0 -ffunction-sections -fdata-sections -Wall -fstack-usage -fcyclomatic-complexity -MMD -MP -MF"Core/Src/sysmem.d" -MT"Core/Src/sysmem.o" --specs=nano.specs -mfloat-abi=soft -mthumb -o "Core/Src/sysmem.o"
arm-none-eabi-gcc "../Core/Src/system_stm32f0xx.c" -mcpu=cortex-m0 -std=gnu11 -g3 -DDEBUG -DUSE_HAL_DRIVER -DSTM32F030x8 -c -I../Core/Inc -I../Drivers/STM32F0xx_HAL_Driver/Inc -I../Drivers/STM32F0xx_HAL_Driver/Inc/Legacy -I../Drivers/CMSIS/Device/ST/STM32F0xx/Include -I../Drivers/CMSIS/Include -O0 -ffunction-sections -fdata-sections -Wall -fstack-usage -fcyclomatic-complexity -MMD -MP -MF"Core/Src/system_stm32f0xx.d" -MT"Core/Src/system_stm32f0xx.o" --specs=nano.specs -mfloat-abi=soft -mthumb -o "Core/Src/system_stm32f0xx.o"
../Core/Src/main.c: In function 'main':
../Core/Src/main.c:108:19: error: too many arguments to function 'sct_value'
  108 |                   sct_value(value/10, 0, 0);
      |                   ^~~~~~~~~
In file included from ../Core/Src/main.c:25:
../Core/Inc/sct.h:17:6: note: declared here
   17 | void sct_value(uint16_t value, uint8_t led);
      |      ^~~~~~~~~
make: *** [Core/Src/subdir.mk:40: Core/Src/main.o] Error 1
make: *** Waiting for unfinished jobs....
"make -j4 all" terminated with exit code 2. Build might be incomplete.
10:28:11 **** Incremental Build of configuration Debug for project lecture6 ****
make -j4 all 
arm-none-eabi-gcc "../Core/Src/main.c" -mcpu=cortex-m0 -std=gnu11 -g3 -DDEBUG -DUSE_HAL_DRIVER -DSTM32F030x8 -c -I../Core/Inc -I../Drivers/STM32F0xx_HAL_Driver/Inc -I../Drivers/STM32F0xx_HAL_Driver/Inc/Legacy -I../Drivers/CMSIS/Device/ST/STM32F0xx/Include -I../Drivers/CMSIS/Include -O0 -ffunction-sections -fdata-sections -Wall -fstack-usage -fcyclomatic-complexity -MMD -MP -MF"Core/Src/main.d" -MT"Core/Src/main.o" --specs=nano.specs -mfloat-abi=soft -mthumb -o "Core/Src/main.o"
arm-none-eabi-gcc -o "lecture6.elf" @"objects.list"   -mcpu=cortex-m0 -T"P:\MKS\lecture6\STM32F030R8TX_FLASH.ld" --specs=nosys.specs -Wl,-Map="lecture6.map" -Wl,--gc-sections -static --specs=nano.specs -mfloat-abi=soft -mthumb -Wl,--start-group -lc -lm -Wl,--end-group
Finished building target: lecture6.elf
 
arm-none-eabi-size  lecture6.elf 
arm-none-eabi-objdump -h -S lecture6.elf  > "lecture6.list"
   text	   data	    bss	    dec	    hex	filename
   9556	     12	   1708	  11276	   2c0c	lecture6.elf
Finished building: default.size.stdout
 
Finished building: lecture6.list
 
10:28:23 **** Incremental Build of configuration Debug for project lecture6 ****
make -j4 all 
arm-none-eabi-size  lecture6.elf 
   text	   data	    bss	    dec	    hex	filename
   9556	     12	   1708	  11276	   2c0c	lecture6.elf
Finished building: default.size.stdout
 
10:55:13 **** Incremental Build of configuration Debug for project lecture6 ****
make -j4 all 
arm-none-eabi-gcc "../Drivers/STM32F0xx_HAL_Driver/Src/stm32f0xx_hal.c" -mcpu=cortex-m0 -std=gnu11 -g3 -DDEBUG -DUSE_HAL_DRIVER -DSTM32F030x8 -c -I../Core/Inc -I../Drivers/STM32F0xx_HAL_Driver/Inc -I../Drivers/STM32F0xx_HAL_Driver/Inc/Legacy -I../Drivers/CMSIS/Device/ST/STM32F0xx/Include -I../Drivers/CMSIS/Include -O0 -ffunction-sections -fdata-sections -Wall -fstack-usage -fcyclomatic-complexity -MMD -MP -MF"Drivers/STM32F0xx_HAL_Driver/Src/stm32f0xx_hal.d" -MT"Drivers/STM32F0xx_HAL_Driver/Src/stm32f0xx_hal.o" --specs=nano.specs -mfloat-abi=soft -mthumb -o "Drivers/STM32F0xx_HAL_Driver/Src/stm32f0xx_hal.o"
arm-none-eabi-gcc "../Drivers/STM32F0xx_HAL_Driver/Src/stm32f0xx_hal_adc.c" -mcpu=cortex-m0 -std=gnu11 -g3 -DDEBUG -DUSE_HAL_DRIVER -DSTM32F030x8 -c -I../Core/Inc -I../Drivers/STM32F0xx_HAL_Driver/Inc -I../Drivers/STM32F0xx_HAL_Driver/Inc/Legacy -I../Drivers/CMSIS/Device/ST/STM32F0xx/Include -I../Drivers/CMSIS/Include -O0 -ffunction-sections -fdata-sections -Wall -fstack-usage -fcyclomatic-complexity -MMD -MP -MF"Drivers/STM32F0xx_HAL_Driver/Src/stm32f0xx_hal_adc.d" -MT"Drivers/STM32F0xx_HAL_Driver/Src/stm32f0xx_hal_adc.o" --specs=nano.specs -mfloat-abi=soft -mthumb -o "Drivers/STM32F0xx_HAL_Driver/Src/stm32f0xx_hal_adc.o"
arm-none-eabi-gcc "../Drivers/STM32F0xx_HAL_Driver/Src/stm32f0xx_hal_adc_ex.c" -mcpu=cortex-m0 -std=gnu11 -g3 -DDEBUG -DUSE_HAL_DRIVER -DSTM32F030x8 -c -I../Core/Inc -I../Drivers/STM32F0xx_HAL_Driver/Inc -I../Drivers/STM32F0xx_HAL_Driver/Inc/Legacy -I../Drivers/CMSIS/Device/ST/STM32F0xx/Include -I../Drivers/CMSIS/Include -O0 -ffunction-sections -fdata-sections -Wall -fstack-usage -fcyclomatic-complexity -MMD -MP -MF"Drivers/STM32F0xx_HAL_Driver/Src/stm32f0xx_hal_adc_ex.d" -MT"Drivers/STM32F0xx_HAL_Driver/Src/stm32f0xx_hal_adc_ex.o" --specs=nano.specs -mfloat-abi=soft -mthumb -o "Drivers/STM32F0xx_HAL_Driver/Src/stm32f0xx_hal_adc_ex.o"
arm-none-eabi-gcc "../Drivers/STM32F0xx_HAL_Driver/Src/stm32f0xx_hal_cortex.c" -mcpu=cortex-m0 -std=gnu11 -g3 -DDEBUG -DUSE_HAL_DRIVER -DSTM32F030x8 -c -I../Core/Inc -I../Drivers/STM32F0xx_HAL_Driver/Inc -I../Drivers/STM32F0xx_HAL_Driver/Inc/Legacy -I../Drivers/CMSIS/Device/ST/STM32F0xx/Include -I../Drivers/CMSIS/Include -O0 -ffunction-sections -fdata-sections -Wall -fstack-usage -fcyclomatic-complexity -MMD -MP -MF"Drivers/STM32F0xx_HAL_Driver/Src/stm32f0xx_hal_cortex.d" -MT"Drivers/STM32F0xx_HAL_Driver/Src/stm32f0xx_hal_cortex.o" --specs=nano.specs -mfloat-abi=soft -mthumb -o "Drivers/STM32F0xx_HAL_Driver/Src/stm32f0xx_hal_cortex.o"
arm-none-eabi-gcc "../Drivers/STM32F0xx_HAL_Driver/Src/stm32f0xx_hal_dma.c" -mcpu=cortex-m0 -std=gnu11 -g3 -DDEBUG -DUSE_HAL_DRIVER -DSTM32F030x8 -c -I../Core/Inc -I../Drivers/STM32F0xx_HAL_Driver/Inc -I../Drivers/STM32F0xx_HAL_Driver/Inc/Legacy -I../Drivers/CMSIS/Device/ST/STM32F0xx/Include -I../Drivers/CMSIS/Include -O0 -ffunction-sections -fdata-sections -Wall -fstack-usage -fcyclomatic-complexity -MMD -MP -MF"Drivers/STM32F0xx_HAL_Driver/Src/stm32f0xx_hal_dma.d" -MT"Drivers/STM32F0xx_HAL_Driver/Src/stm32f0xx_hal_dma.o" --specs=nano.specs -mfloat-abi=soft -mthumb -o "Drivers/STM32F0xx_HAL_Driver/Src/stm32f0xx_hal_dma.o"
arm-none-eabi-gcc "../Drivers/STM32F0xx_HAL_Driver/Src/stm32f0xx_hal_exti.c" -mcpu=cortex-m0 -std=gnu11 -g3 -DDEBUG -DUSE_HAL_DRIVER -DSTM32F030x8 -c -I../Core/Inc -I../Drivers/STM32F0xx_HAL_Driver/Inc -I../Drivers/STM32F0xx_HAL_Driver/Inc/Legacy -I../Drivers/CMSIS/Device/ST/STM32F0xx/Include -I../Drivers/CMSIS/Include -O0 -ffunction-sections -fdata-sections -Wall -fstack-usage -fcyclomatic-complexity -MMD -MP -MF"Drivers/STM32F0xx_HAL_Driver/Src/stm32f0xx_hal_exti.d" -MT"Drivers/STM32F0xx_HAL_Driver/Src/stm32f0xx_hal_exti.o" --specs=nano.specs -mfloat-abi=soft -mthumb -o "Drivers/STM32F0xx_HAL_Driver/Src/stm32f0xx_hal_exti.o"
arm-none-eabi-gcc "../Drivers/STM32F0xx_HAL_Driver/Src/stm32f0xx_hal_flash.c" -mcpu=cortex-m0 -std=gnu11 -g3 -DDEBUG -DUSE_HAL_DRIVER -DSTM32F030x8 -c -I../Core/Inc -I../Drivers/STM32F0xx_HAL_Driver/Inc -I../Drivers/STM32F0xx_HAL_Driver/Inc/Legacy -I../Drivers/CMSIS/Device/ST/STM32F0xx/Include -I../Drivers/CMSIS/Include -O0 -ffunction-sections -fdata-sections -Wall -fstack-usage -fcyclomatic-complexity -MMD -MP -MF"Drivers/STM32F0xx_HAL_Driver/Src/stm32f0xx_hal_flash.d" -MT"Drivers/STM32F0xx_HAL_Driver/Src/stm32f0xx_hal_flash.o" --specs=nano.specs -mfloat-abi=soft -mthumb -o "Drivers/STM32F0xx_HAL_Driver/Src/stm32f0xx_hal_flash.o"
arm-none-eabi-gcc "../Drivers/STM32F0xx_HAL_Driver/Src/stm32f0xx_hal_flash_ex.c" -mcpu=cortex-m0 -std=gnu11 -g3 -DDEBUG -DUSE_HAL_DRIVER -DSTM32F030x8 -c -I../Core/Inc -I../Drivers/STM32F0xx_HAL_Driver/Inc -I../Drivers/STM32F0xx_HAL_Driver/Inc/Legacy -I../Drivers/CMSIS/Device/ST/STM32F0xx/Include -I../Drivers/CMSIS/Include -O0 -ffunction-sections -fdata-sections -Wall -fstack-usage -fcyclomatic-complexity -MMD -MP -MF"Drivers/STM32F0xx_HAL_Driver/Src/stm32f0xx_hal_flash_ex.d" -MT"Drivers/STM32F0xx_HAL_Driver/Src/stm32f0xx_hal_flash_ex.o" --specs=nano.specs -mfloat-abi=soft -mthumb -o "Drivers/STM32F0xx_HAL_Driver/Src/stm32f0xx_hal_flash_ex.o"
arm-none-eabi-gcc "../Drivers/STM32F0xx_HAL_Driver/Src/stm32f0xx_hal_gpio.c" -mcpu=cortex-m0 -std=gnu11 -g3 -DDEBUG -DUSE_HAL_DRIVER -DSTM32F030x8 -c -I../Core/Inc -I../Drivers/STM32F0xx_HAL_Driver/Inc -I../Drivers/STM32F0xx_HAL_Driver/Inc/Legacy -I../Drivers/CMSIS/Device/ST/STM32F0xx/Include -I../Drivers/CMSIS/Include -O0 -ffunction-sections -fdata-sections -Wall -fstack-usage -fcyclomatic-complexity -MMD -MP -MF"Drivers/STM32F0xx_HAL_Driver/Src/stm32f0xx_hal_gpio.d" -MT"Drivers/STM32F0xx_HAL_Driver/Src/stm32f0xx_hal_gpio.o" --specs=nano.specs -mfloat-abi=soft -mthumb -o "Drivers/STM32F0xx_HAL_Driver/Src/stm32f0xx_hal_gpio.o"
arm-none-eabi-gcc "../Drivers/STM32F0xx_HAL_Driver/Src/stm32f0xx_hal_i2c.c" -mcpu=cortex-m0 -std=gnu11 -g3 -DDEBUG -DUSE_HAL_DRIVER -DSTM32F030x8 -c -I../Core/Inc -I../Drivers/STM32F0xx_HAL_Driver/Inc -I../Drivers/STM32F0xx_HAL_Driver/Inc/Legacy -I../Drivers/CMSIS/Device/ST/STM32F0xx/Include -I../Drivers/CMSIS/Include -O0 -ffunction-sections -fdata-sections -Wall -fstack-usage -fcyclomatic-complexity -MMD -MP -MF"Drivers/STM32F0xx_HAL_Driver/Src/stm32f0xx_hal_i2c.d" -MT"Drivers/STM32F0xx_HAL_Driver/Src/stm32f0xx_hal_i2c.o" --specs=nano.specs -mfloat-abi=soft -mthumb -o "Drivers/STM32F0xx_HAL_Driver/Src/stm32f0xx_hal_i2c.o"
arm-none-eabi-gcc "../Drivers/STM32F0xx_HAL_Driver/Src/stm32f0xx_hal_i2c_ex.c" -mcpu=cortex-m0 -std=gnu11 -g3 -DDEBUG -DUSE_HAL_DRIVER -DSTM32F030x8 -c -I../Core/Inc -I../Drivers/STM32F0xx_HAL_Driver/Inc -I../Drivers/STM32F0xx_HAL_Driver/Inc/Legacy -I../Drivers/CMSIS/Device/ST/STM32F0xx/Include -I../Drivers/CMSIS/Include -O0 -ffunction-sections -fdata-sections -Wall -fstack-usage -fcyclomatic-complexity -MMD -MP -MF"Drivers/STM32F0xx_HAL_Driver/Src/stm32f0xx_hal_i2c_ex.d" -MT"Drivers/STM32F0xx_HAL_Driver/Src/stm32f0xx_hal_i2c_ex.o" --specs=nano.specs -mfloat-abi=soft -mthumb -o "Drivers/STM32F0xx_HAL_Driver/Src/stm32f0xx_hal_i2c_ex.o"
arm-none-eabi-gcc "../Drivers/STM32F0xx_HAL_Driver/Src/stm32f0xx_hal_pwr.c" -mcpu=cortex-m0 -std=gnu11 -g3 -DDEBUG -DUSE_HAL_DRIVER -DSTM32F030x8 -c -I../Core/Inc -I../Drivers/STM32F0xx_HAL_Driver/Inc -I../Drivers/STM32F0xx_HAL_Driver/Inc/Legacy -I../Drivers/CMSIS/Device/ST/STM32F0xx/Include -I../Drivers/CMSIS/Include -O0 -ffunction-sections -fdata-sections -Wall -fstack-usage -fcyclomatic-complexity -MMD -MP -MF"Drivers/STM32F0xx_HAL_Driver/Src/stm32f0xx_hal_pwr.d" -MT"Drivers/STM32F0xx_HAL_Driver/Src/stm32f0xx_hal_pwr.o" --specs=nano.specs -mfloat-abi=soft -mthumb -o "Drivers/STM32F0xx_HAL_Driver/Src/stm32f0xx_hal_pwr.o"
arm-none-eabi-gcc "../Drivers/STM32F0xx_HAL_Driver/Src/stm32f0xx_hal_pwr_ex.c" -mcpu=cortex-m0 -std=gnu11 -g3 -DDEBUG -DUSE_HAL_DRIVER -DSTM32F030x8 -c -I../Core/Inc -I../Drivers/STM32F0xx_HAL_Driver/Inc -I../Drivers/STM32F0xx_HAL_Driver/Inc/Legacy -I../Drivers/CMSIS/Device/ST/STM32F0xx/Include -I../Drivers/CMSIS/Include -O0 -ffunction-sections -fdata-sections -Wall -fstack-usage -fcyclomatic-complexity -MMD -MP -MF"Drivers/STM32F0xx_HAL_Driver/Src/stm32f0xx_hal_pwr_ex.d" -MT"Drivers/STM32F0xx_HAL_Driver/Src/stm32f0xx_hal_pwr_ex.o" --specs=nano.specs -mfloat-abi=soft -mthumb -o "Drivers/STM32F0xx_HAL_Driver/Src/stm32f0xx_hal_pwr_ex.o"
arm-none-eabi-gcc "../Drivers/STM32F0xx_HAL_Driver/Src/stm32f0xx_hal_rcc.c" -mcpu=cortex-m0 -std=gnu11 -g3 -DDEBUG -DUSE_HAL_DRIVER -DSTM32F030x8 -c -I../Core/Inc -I../Drivers/STM32F0xx_HAL_Driver/Inc -I../Drivers/STM32F0xx_HAL_Driver/Inc/Legacy -I../Drivers/CMSIS/Device/ST/STM32F0xx/Include -I../Drivers/CMSIS/Include -O0 -ffunction-sections -fdata-sections -Wall -fstack-usage -fcyclomatic-complexity -MMD -MP -MF"Drivers/STM32F0xx_HAL_Driver/Src/stm32f0xx_hal_rcc.d" -MT"Drivers/STM32F0xx_HAL_Driver/Src/stm32f0xx_hal_rcc.o" --specs=nano.specs -mfloat-abi=soft -mthumb -o "Drivers/STM32F0xx_HAL_Driver/Src/stm32f0xx_hal_rcc.o"
arm-none-eabi-gcc "../Drivers/STM32F0xx_HAL_Driver/Src/stm32f0xx_hal_rcc_ex.c" -mcpu=cortex-m0 -std=gnu11 -g3 -DDEBUG -DUSE_HAL_DRIVER -DSTM32F030x8 -c -I../Core/Inc -I../Drivers/STM32F0xx_HAL_Driver/Inc -I../Drivers/STM32F0xx_HAL_Driver/Inc/Legacy -I../Drivers/CMSIS/Device/ST/STM32F0xx/Include -I../Drivers/CMSIS/Include -O0 -ffunction-sections -fdata-sections -Wall -fstack-usage -fcyclomatic-complexity -MMD -MP -MF"Drivers/STM32F0xx_HAL_Driver/Src/stm32f0xx_hal_rcc_ex.d" -MT"Drivers/STM32F0xx_HAL_Driver/Src/stm32f0xx_hal_rcc_ex.o" --specs=nano.specs -mfloat-abi=soft -mthumb -o "Drivers/STM32F0xx_HAL_Driver/Src/stm32f0xx_hal_rcc_ex.o"
arm-none-eabi-gcc "../Drivers/STM32F0xx_HAL_Driver/Src/stm32f0xx_hal_tim.c" -mcpu=cortex-m0 -std=gnu11 -g3 -DDEBUG -DUSE_HAL_DRIVER -DSTM32F030x8 -c -I../Core/Inc -I../Drivers/STM32F0xx_HAL_Driver/Inc -I../Drivers/STM32F0xx_HAL_Driver/Inc/Legacy -I../Drivers/CMSIS/Device/ST/STM32F0xx/Include -I../Drivers/CMSIS/Include -O0 -ffunction-sections -fdata-sections -Wall -fstack-usage -fcyclomatic-complexity -MMD -MP -MF"Drivers/STM32F0xx_HAL_Driver/Src/stm32f0xx_hal_tim.d" -MT"Drivers/STM32F0xx_HAL_Driver/Src/stm32f0xx_hal_tim.o" --specs=nano.specs -mfloat-abi=soft -mthumb -o "Drivers/STM32F0xx_HAL_Driver/Src/stm32f0xx_hal_tim.o"
arm-none-eabi-gcc "../Drivers/STM32F0xx_HAL_Driver/Src/stm32f0xx_hal_tim_ex.c" -mcpu=cortex-m0 -std=gnu11 -g3 -DDEBUG -DUSE_HAL_DRIVER -DSTM32F030x8 -c -I../Core/Inc -I../Drivers/STM32F0xx_HAL_Driver/Inc -I../Drivers/STM32F0xx_HAL_Driver/Inc/Legacy -I../Drivers/CMSIS/Device/ST/STM32F0xx/Include -I../Drivers/CMSIS/Include -O0 -ffunction-sections -fdata-sections -Wall -fstack-usage -fcyclomatic-complexity -MMD -MP -MF"Drivers/STM32F0xx_HAL_Driver/Src/stm32f0xx_hal_tim_ex.d" -MT"Drivers/STM32F0xx_HAL_Driver/Src/stm32f0xx_hal_tim_ex.o" --specs=nano.specs -mfloat-abi=soft -mthumb -o "Drivers/STM32F0xx_HAL_Driver/Src/stm32f0xx_hal_tim_ex.o"
arm-none-eabi-gcc "../Drivers/STM32F0xx_HAL_Driver/Src/stm32f0xx_hal_uart.c" -mcpu=cortex-m0 -std=gnu11 -g3 -DDEBUG -DUSE_HAL_DRIVER -DSTM32F030x8 -c -I../Core/Inc -I../Drivers/STM32F0xx_HAL_Driver/Inc -I../Drivers/STM32F0xx_HAL_Driver/Inc/Legacy -I../Drivers/CMSIS/Device/ST/STM32F0xx/Include -I../Drivers/CMSIS/Include -O0 -ffunction-sections -fdata-sections -Wall -fstack-usage -fcyclomatic-complexity -MMD -MP -MF"Drivers/STM32F0xx_HAL_Driver/Src/stm32f0xx_hal_uart.d" -MT"Drivers/STM32F0xx_HAL_Driver/Src/stm32f0xx_hal_uart.o" --specs=nano.specs -mfloat-abi=soft -mthumb -o "Drivers/STM32F0xx_HAL_Driver/Src/stm32f0xx_hal_uart.o"
arm-none-eabi-gcc "../Drivers/STM32F0xx_HAL_Driver/Src/stm32f0xx_hal_uart_ex.c" -mcpu=cortex-m0 -std=gnu11 -g3 -DDEBUG -DUSE_HAL_DRIVER -DSTM32F030x8 -c -I../Core/Inc -I../Drivers/STM32F0xx_HAL_Driver/Inc -I../Drivers/STM32F0xx_HAL_Driver/Inc/Legacy -I../Drivers/CMSIS/Device/ST/STM32F0xx/Include -I../Drivers/CMSIS/Include -O0 -ffunction-sections -fdata-sections -Wall -fstack-usage -fcyclomatic-complexity -MMD -MP -MF"Drivers/STM32F0xx_HAL_Driver/Src/stm32f0xx_hal_uart_ex.d" -MT"Drivers/STM32F0xx_HAL_Driver/Src/stm32f0xx_hal_uart_ex.o" --specs=nano.specs -mfloat-abi=soft -mthumb -o "Drivers/STM32F0xx_HAL_Driver/Src/stm32f0xx_hal_uart_ex.o"
arm-none-eabi-gcc "../Core/Src/1wire.c" -mcpu=cortex-m0 -std=gnu11 -g3 -DDEBUG -DUSE_HAL_DRIVER -DSTM32F030x8 -c -I../Core/Inc -I../Drivers/STM32F0xx_HAL_Driver/Inc -I../Drivers/STM32F0xx_HAL_Driver/Inc/Legacy -I../Drivers/CMSIS/Device/ST/STM32F0xx/Include -I../Drivers/CMSIS/Include -O0 -ffunction-sections -fdata-sections -Wall -fstack-usage -fcyclomatic-complexity -MMD -MP -MF"Core/Src/1wire.d" -MT"Core/Src/1wire.o" --specs=nano.specs -mfloat-abi=soft -mthumb -o "Core/Src/1wire.o"
arm-none-eabi-gcc "../Core/Src/main.c" -mcpu=cortex-m0 -std=gnu11 -g3 -DDEBUG -DUSE_HAL_DRIVER -DSTM32F030x8 -c -I../Core/Inc -I../Drivers/STM32F0xx_HAL_Driver/Inc -I../Drivers/STM32F0xx_HAL_Driver/Inc/Legacy -I../Drivers/CMSIS/Device/ST/STM32F0xx/Include -I../Drivers/CMSIS/Include -O0 -ffunction-sections -fdata-sections -Wall -fstack-usage -fcyclomatic-complexity -MMD -MP -MF"Core/Src/main.d" -MT"Core/Src/main.o" --specs=nano.specs -mfloat-abi=soft -mthumb -o "Core/Src/main.o"
arm-none-eabi-gcc "../Core/Src/sct.c" -mcpu=cortex-m0 -std=gnu11 -g3 -DDEBUG -DUSE_HAL_DRIVER -DSTM32F030x8 -c -I../Core/Inc -I../Drivers/STM32F0xx_HAL_Driver/Inc -I../Drivers/STM32F0xx_HAL_Driver/Inc/Legacy -I../Drivers/CMSIS/Device/ST/STM32F0xx/Include -I../Drivers/CMSIS/Include -O0 -ffunction-sections -fdata-sections -Wall -fstack-usage -fcyclomatic-complexity -MMD -MP -MF"Core/Src/sct.d" -MT"Core/Src/sct.o" --specs=nano.specs -mfloat-abi=soft -mthumb -o "Core/Src/sct.o"
arm-none-eabi-gcc "../Core/Src/stm32f0xx_hal_msp.c" -mcpu=cortex-m0 -std=gnu11 -g3 -DDEBUG -DUSE_HAL_DRIVER -DSTM32F030x8 -c -I../Core/Inc -I../Drivers/STM32F0xx_HAL_Driver/Inc -I../Drivers/STM32F0xx_HAL_Driver/Inc/Legacy -I../Drivers/CMSIS/Device/ST/STM32F0xx/Include -I../Drivers/CMSIS/Include -O0 -ffunction-sections -fdata-sections -Wall -fstack-usage -fcyclomatic-complexity -MMD -MP -MF"Core/Src/stm32f0xx_hal_msp.d" -MT"Core/Src/stm32f0xx_hal_msp.o" --specs=nano.specs -mfloat-abi=soft -mthumb -o "Core/Src/stm32f0xx_hal_msp.o"
arm-none-eabi-gcc "../Core/Src/stm32f0xx_it.c" -mcpu=cortex-m0 -std=gnu11 -g3 -DDEBUG -DUSE_HAL_DRIVER -DSTM32F030x8 -c -I../Core/Inc -I../Drivers/STM32F0xx_HAL_Driver/Inc -I../Drivers/STM32F0xx_HAL_Driver/Inc/Legacy -I../Drivers/CMSIS/Device/ST/STM32F0xx/Include -I../Drivers/CMSIS/Include -O0 -ffunction-sections -fdata-sections -Wall -fstack-usage -fcyclomatic-complexity -MMD -MP -MF"Core/Src/stm32f0xx_it.d" -MT"Core/Src/stm32f0xx_it.o" --specs=nano.specs -mfloat-abi=soft -mthumb -o "Core/Src/stm32f0xx_it.o"
arm-none-eabi-gcc "../Core/Src/system_stm32f0xx.c" -mcpu=cortex-m0 -std=gnu11 -g3 -DDEBUG -DUSE_HAL_DRIVER -DSTM32F030x8 -c -I../Core/Inc -I../Drivers/STM32F0xx_HAL_Driver/Inc -I../Drivers/STM32F0xx_HAL_Driver/Inc/Legacy -I../Drivers/CMSIS/Device/ST/STM32F0xx/Include -I../Drivers/CMSIS/Include -O0 -ffunction-sections -fdata-sections -Wall -fstack-usage -fcyclomatic-complexity -MMD -MP -MF"Core/Src/system_stm32f0xx.d" -MT"Core/Src/system_stm32f0xx.o" --specs=nano.specs -mfloat-abi=soft -mthumb -o "Core/Src/system_stm32f0xx.o"
arm-none-eabi-gcc -o "lecture6.elf" @"objects.list"   -mcpu=cortex-m0 -T"P:\MKS\lecture6\STM32F030R8TX_FLASH.ld" --specs=nosys.specs -Wl,-Map="lecture6.map" -Wl,--gc-sections -static --specs=nano.specs -mfloat-abi=soft -mthumb -Wl,--start-group -lc -lm -Wl,--end-group
Finished building target: lecture6.elf
 
arm-none-eabi-size  lecture6.elf 
arm-none-eabi-objdump -h -S lecture6.elf  > "lecture6.list"
   text	   data	    bss	    dec	    hex	filename
  10380	   2060	   1772	  14212	   3784	lecture6.elf
Finished building: default.size.stdout
 
Finished building: lecture6.list
 
11:07:13 **** Incremental Build of configuration Debug for project lecture6 ****
make -j4 all 
arm-none-eabi-gcc "../Core/Src/main.c" -mcpu=cortex-m0 -std=gnu11 -g3 -DDEBUG -DUSE_HAL_DRIVER -DSTM32F030x8 -c -I../Core/Inc -I../Drivers/STM32F0xx_HAL_Driver/Inc -I../Drivers/STM32F0xx_HAL_Driver/Inc/Legacy -I../Drivers/CMSIS/Device/ST/STM32F0xx/Include -I../Drivers/CMSIS/Include -O0 -ffunction-sections -fdata-sections -Wall -fstack-usage -fcyclomatic-complexity -MMD -MP -MF"Core/Src/main.d" -MT"Core/Src/main.o" --specs=nano.specs -mfloat-abi=soft -mthumb -o "Core/Src/main.o"
../Core/Src/main.c: In function 'button1':
../Core/Src/main.c:68:9: error: 'tick' undeclared (first use in this function); did you mean 'uwTick'?
   68 |     if (tick > last_button_tick && HAL_GPIO_ReadPin(S1_GPIO_Port, S1_Pin)) {
      |         ^~~~
      |         uwTick
../Core/Src/main.c:68:9: note: each undeclared identifier is reported only once for each function it appears in
../Core/Src/main.c:70:16: warning: 'return' with a value, in function returning void [-Wreturn-type]
   70 |         return 1;  // TlaÄ?Ã­tko stisknuto
      |                ^
../Core/Src/main.c:65:13: note: declared here
   65 | static void button1() {
      |             ^~~~~~~
../Core/Src/main.c:72:12: warning: 'return' with a value, in function returning void [-Wreturn-type]
   72 |     return 0;
      |            ^
../Core/Src/main.c:65:13: note: declared here
   65 | static void button1() {
      |             ^~~~~~~
../Core/Src/main.c: In function 'button2':
../Core/Src/main.c:78:13: error: 'tick' undeclared (first use in this function); did you mean 'uwTick'?
   78 |         if (tick > last_button_tick && HAL_GPIO_ReadPin(S2_GPIO_Port, S2_Pin)) {
      |             ^~~~
      |             uwTick
../Core/Src/main.c:80:24: warning: 'return' with a value, in function returning void [-Wreturn-type]
   80 |                 return 1;  // TlaÄ?Ã­tko stisknuto
      |                        ^
../Core/Src/main.c:75:13: note: declared here
   75 | static void button2() {
      |             ^~~~~~~
../Core/Src/main.c:82:20: warning: 'return' with a value, in function returning void [-Wreturn-type]
   82 |             return 0;
      |                    ^
../Core/Src/main.c:75:13: note: declared here
   75 | static void button2() {
      |             ^~~~~~~
../Core/Src/main.c: In function 'main':
../Core/Src/main.c:137:15: error: void value not ignored as it ought to be
  137 |           if (button1()){
      |               ^~~~~~~
../Core/Src/main.c:149:15: error: void value not ignored as it ought to be
  149 |           if (button2()){
      |               ^~~~~~~
make: *** [Core/Src/subdir.mk:40: Core/Src/main.o] Error 1
"make -j4 all" terminated with exit code 2. Build might be incomplete.
11:07:40 **** Incremental Build of configuration Debug for project lecture6 ****
make -j4 all 
arm-none-eabi-gcc "../Core/Src/main.c" -mcpu=cortex-m0 -std=gnu11 -g3 -DDEBUG -DUSE_HAL_DRIVER -DSTM32F030x8 -c -I../Core/Inc -I../Drivers/STM32F0xx_HAL_Driver/Inc -I../Drivers/STM32F0xx_HAL_Driver/Inc/Legacy -I../Drivers/CMSIS/Device/ST/STM32F0xx/Include -I../Drivers/CMSIS/Include -O0 -ffunction-sections -fdata-sections -Wall -fstack-usage -fcyclomatic-complexity -MMD -MP -MF"Core/Src/main.d" -MT"Core/Src/main.o" --specs=nano.specs -mfloat-abi=soft -mthumb -o "Core/Src/main.o"
../Core/Src/main.c: In function 'button1':
../Core/Src/main.c:68:9: error: 'tick' undeclared (first use in this function); did you mean 'uwTick'?
   68 |     if (tick > last_button_tick && HAL_GPIO_ReadPin(S1_GPIO_Port, S1_Pin)) {
      |         ^~~~
      |         uwTick
../Core/Src/main.c:68:9: note: each undeclared identifier is reported only once for each function it appears in
../Core/Src/main.c: In function 'button2':
../Core/Src/main.c:78:13: error: 'tick' undeclared (first use in this function); did you mean 'uwTick'?
   78 |         if (tick > last_button_tick && HAL_GPIO_ReadPin(S2_GPIO_Port, S2_Pin)) {
      |             ^~~~
      |             uwTick
../Core/Src/main.c: In function 'main':
../Core/Src/main.c:137:15: error: void value not ignored as it ought to be
  137 |           if (button1()){
      |               ^~~~~~~
../Core/Src/main.c:149:15: error: void value not ignored as it ought to be
  149 |           if (button2()){
      |               ^~~~~~~
make: *** [Core/Src/subdir.mk:40: Core/Src/main.o] Error 1
"make -j4 all" terminated with exit code 2. Build might be incomplete.
11:09:12 **** Incremental Build of configuration Debug for project lecture6 ****
make -j4 all 
arm-none-eabi-gcc "../Core/Src/main.c" -mcpu=cortex-m0 -std=gnu11 -g3 -DDEBUG -DUSE_HAL_DRIVER -DSTM32F030x8 -c -I../Core/Inc -I../Drivers/STM32F0xx_HAL_Driver/Inc -I../Drivers/STM32F0xx_HAL_Driver/Inc/Legacy -I../Drivers/CMSIS/Device/ST/STM32F0xx/Include -I../Drivers/CMSIS/Include -O0 -ffunction-sections -fdata-sections -Wall -fstack-usage -fcyclomatic-complexity -MMD -MP -MF"Core/Src/main.d" -MT"Core/Src/main.o" --specs=nano.specs -mfloat-abi=soft -mthumb -o "Core/Src/main.o"
../Core/Src/main.c: In function 'main':
../Core/Src/main.c:138:15: error: void value not ignored as it ought to be
  138 |           if (button1()){
      |               ^~~~~~~
../Core/Src/main.c:150:15: error: void value not ignored as it ought to be
  150 |           if (button2()){
      |               ^~~~~~~
make: *** [Core/Src/subdir.mk:40: Core/Src/main.o] Error 1
"make -j4 all" terminated with exit code 2. Build might be incomplete.
11:09:59 **** Incremental Build of configuration Debug for project lecture6 ****
make -j4 all 
arm-none-eabi-gcc "../Core/Src/main.c" -mcpu=cortex-m0 -std=gnu11 -g3 -DDEBUG -DUSE_HAL_DRIVER -DSTM32F030x8 -c -I../Core/Inc -I../Drivers/STM32F0xx_HAL_Driver/Inc -I../Drivers/STM32F0xx_HAL_Driver/Inc/Legacy -I../Drivers/CMSIS/Device/ST/STM32F0xx/Include -I../Drivers/CMSIS/Include -O0 -ffunction-sections -fdata-sections -Wall -fstack-usage -fcyclomatic-complexity -MMD -MP -MF"Core/Src/main.d" -MT"Core/Src/main.o" --specs=nano.specs -mfloat-abi=soft -mthumb -o "Core/Src/main.o"
../Core/Src/main.c: In function 'main':
../Core/Src/main.c:138:23: error: lvalue required as left operand of assignment
  138 |           if (button1 = 1){
      |                       ^
../Core/Src/main.c:150:22: error: lvalue required as left operand of assignment
  150 |           if (button2=1){
      |                      ^
[...]
../Core/Src/main.c:82:15: warning: initialization of 'int32_t (*)(void *, uint8_t,  const uint8_t *, uint16_t)' {aka 'long int (*)(void *, unsigned char,  const unsigned char *, short unsigned int)'} from incompatible pointer type 'int32_t (*)(void *, uint8_t,  uint8_t *, uint16_t)' {aka 'long int (*)(void *, unsigned char,  unsigned char *, short unsigned int)'} [-Wincompatible-pointer-types]
   82 |  .write_reg = platform_write,
      |               ^~~~~~~~~~~~~~
../Core/Src/main.c:82:15: note: (near initialization for 'lis2dw12.write_reg')
../Core/Src/main.c: In function 'StartAcceleroTask':
../Core/Src/main.c:436:17: warning: unused variable 'i' [-Wunused-variable]
  436 |         uint8_t i = 0;
      |                 ^
arm-none-eabi-gcc -o "lecture7.elf" @"objects.list"   -mcpu=cortex-m0 -T"P:\MKS\lecture7\STM32F030R8TX_FLASH.ld" --specs=nosys.specs -Wl,-Map="lecture7.map" -Wl,--gc-sections -static --specs=nano.specs -mfloat-abi=soft -mthumb -Wl,--start-group -lc -lm -Wl,--end-group
Finished building target: lecture7.elf
 
arm-none-eabi-size  lecture7.elf 
arm-none-eabi-objdump -h -S lecture7.elf  > "lecture7.list"
   text	   data	    bss	    dec	    hex	filename
  26632	    124	   6284	  33040	   8110	lecture7.elf
Finished building: default.size.stdout
 
Finished building: lecture7.list
 
11:25:29 **** Incremental Build of configuration Debug for project lecture7 ****
make -j4 all 
arm-none-eabi-gcc "../Core/Src/main.c" -mcpu=cortex-m0 -std=gnu11 -g3 -DDEBUG -DUSE_HAL_DRIVER -DSTM32F030x8 -c -I../Core/Inc -I../Drivers/STM32F0xx_HAL_Driver/Inc -I../Drivers/STM32F0xx_HAL_Driver/Inc/Legacy -I../Drivers/CMSIS/Device/ST/STM32F0xx/Include -I../Drivers/CMSIS/Include -I../Middlewares/Third_Party/FreeRTOS/Source/include -I../Middlewares/Third_Party/FreeRTOS/Source/CMSIS_RTOS -I../Middlewares/Third_Party/FreeRTOS/Source/portable/GCC/ARM_CM0 -O0 -ffunction-sections -fdata-sections -Wall -fstack-usage -fcyclomatic-complexity -MMD -MP -MF"Core/Src/main.d" -MT"Core/Src/main.o" --specs=nano.specs -mfloat-abi=soft -mthumb -o "Core/Src/main.o"
../Core/Src/main.c:82:15: warning: initialization of 'int32_t (*)(void *, uint8_t,  const uint8_t *, uint16_t)' {aka 'long int (*)(void *, unsigned char,  const unsigned char *, short unsigned int)'} from incompatible pointer type 'int32_t (*)(void *, uint8_t,  uint8_t *, uint16_t)' {aka 'long int (*)(void *, unsigned char,  unsigned char *, short unsigned int)'} [-Wincompatible-pointer-types]
   82 |  .write_reg = platform_write,
      |               ^~~~~~~~~~~~~~
../Core/Src/main.c:82:15: note: (near initialization for 'lis2dw12.write_reg')
../Core/Src/main.c: In function 'StartAcceleroTask':
../Core/Src/main.c:436:17: warning: unused variable 'i' [-Wunused-variable]
  436 |         uint8_t i = 0;
      |                 ^
arm-none-eabi-gcc -o "lecture7.elf" @"objects.list"   -mcpu=cortex-m0 -T"P:\MKS\lecture7\STM32F030R8TX_FLASH.ld" --specs=nosys.specs -Wl,-Map="lecture7.map" -Wl,--gc-sections -static --specs=nano.specs -mfloat-abi=soft -mthumb -Wl,--start-group -lc -lm -Wl,--end-group
Finished building target: lecture7.elf
 
arm-none-eabi-size  lecture7.elf 
arm-none-eabi-objdump -h -S lecture7.elf  > "lecture7.list"
   text	   data	    bss	    dec	    hex	filename
  26632	    124	   6284	  33040	   8110	lecture7.elf
Finished building: default.size.stdout
 
Finished building: lecture7.list
 
11:26:32 **** Incremental Build of configuration Debug for project lecture7 ****
make -j4 all 
arm-none-eabi-gcc "../Core/Src/main.c" -mcpu=cortex-m0 -std=gnu11 -g3 -DDEBUG -DUSE_HAL_DRIVER -DSTM32F030x8 -c -I../Core/Inc -I../Drivers/STM32F0xx_HAL_Driver/Inc -I../Drivers/STM32F0xx_HAL_Driver/Inc/Legacy -I../Drivers/CMSIS/Device/ST/STM32F0xx/Include -I../Drivers/CMSIS/Include -I../Middlewares/Third_Party/FreeRTOS/Source/include -I../Middlewares/Third_Party/FreeRTOS/Source/CMSIS_RTOS -I../Middlewares/Third_Party/FreeRTOS/Source/portable/GCC/ARM_CM0 -O0 -ffunction-sections -fdata-sections -Wall -fstack-usage -fcyclomatic-complexity -MMD -MP -MF"Core/Src/main.d" -MT"Core/Src/main.o" --specs=nano.specs -mfloat-abi=soft -mthumb -o "Core/Src/main.o"
../Core/Src/main.c:82:15: warning: initialization of 'int32_t (*)(void *, uint8_t,  const uint8_t *, uint16_t)' {aka 'long int (*)(void *, unsigned char,  const unsigned char *, short unsigned int)'} from incompatible pointer type 'int32_t (*)(void *, uint8_t,  uint8_t *, uint16_t)' {aka 'long int (*)(void *, unsigned char,  unsigned char *, short unsigned int)'} [-Wincompatible-pointer-types]
   82 |  .write_reg = platform_write,
      |               ^~~~~~~~~~~~~~
../Core/Src/main.c:82:15: note: (near initialization for 'lis2dw12.write_reg')
../Core/Src/main.c: In function 'StartAcceleroTask':
../Core/Src/main.c:436:17: warning: unused variable 'i' [-Wunused-variable]
  436 |         uint8_t i = 0;
      |                 ^
../Core/Src/main.c:435:17: warning: unused variable 'msg' [-Wunused-variable]
  435 |         int16_t msg;
      |                 ^~~
arm-none-eabi-gcc -o "lecture7.elf" @"objects.list"   -mcpu=cortex-m0 -T"P:\MKS\lecture7\STM32F030R8TX_FLASH.ld" --specs=nosys.specs -Wl,-Map="lecture7.map" -Wl,--gc-sections -static --specs=nano.specs -mfloat-abi=soft -mthumb -Wl,--start-group -lc -lm -Wl,--end-group
Finished building target: lecture7.elf
 
arm-none-eabi-size  lecture7.elf 
arm-none-eabi-objdump -h -S lecture7.elf  > "lecture7.list"
   text	   data	    bss	    dec	    hex	filename
  26600	    124	   6284	  33008	   80f0	lecture7.elf
Finished building: default.size.stdout
 
Finished building: lecture7.list
 
11:27:34 **** Incremental Build of configuration Debug for project lecture7 ****
make -j4 all 
arm-none-eabi-gcc "../Core/Src/main.c" -mcpu=cortex-m0 -std=gnu11 -g3 -DDEBUG -DUSE_HAL_DRIVER -DSTM32F030x8 -c -I../Core/Inc -I../Drivers/STM32F0xx_HAL_Driver/Inc -I../Drivers/STM32F0xx_HAL_Driver/Inc/Legacy -I../Drivers/CMSIS/Device/ST/STM32F0xx/Include -I../Drivers/CMSIS/Include -I../Middlewares/Third_Party/FreeRTOS/Source/include -I../Middlewares/Third_Party/FreeRTOS/Source/CMSIS_RTOS -I../Middlewares/Third_Party/FreeRTOS/Source/portable/GCC/ARM_CM0 -O0 -ffunction-sections -fdata-sections -Wall -fstack-usage -fcyclomatic-complexity -MMD -MP -MF"Core/Src/main.d" -MT"Core/Src/main.o" --specs=nano.specs -mfloat-abi=soft -mthumb -o "Core/Src/main.o"
../Core/Src/main.c:82:15: warning: initialization of 'int32_t (*)(void *, uint8_t,  const uint8_t *, uint16_t)' {aka 'long int (*)(void *, unsigned char,  const unsigned char *, short unsigned int)'} from incompatible pointer type 'int32_t (*)(void *, uint8_t,  uint8_t *, uint16_t)' {aka 'long int (*)(void *, unsigned char,  unsigned char *, short unsigned int)'} [-Wincompatible-pointer-types]
   82 |  .write_reg = platform_write,
      |               ^~~~~~~~~~~~~~
../Core/Src/main.c:82:15: note: (near initialization for 'lis2dw12.write_reg')
../Core/Src/main.c: In function 'StartAcceleroTask':
../Core/Src/main.c:436:17: warning: unused variable 'i' [-Wunused-variable]
  436 |         uint8_t i = 0;
      |                 ^
../Core/Src/main.c:435:17: warning: unused variable 'msg' [-Wunused-variable]
  435 |         int16_t msg;
      |                 ^~~
arm-none-eabi-gcc -o "lecture7.elf" @"objects.list"   -mcpu=cortex-m0 -T"P:\MKS\lecture7\STM32F030R8TX_FLASH.ld" --specs=nosys.specs -Wl,-Map="lecture7.map" -Wl,--gc-sections -static --specs=nano.specs -mfloat-abi=soft -mthumb -Wl,--start-group -lc -lm -Wl,--end-group
Finished building target: lecture7.elf
 
arm-none-eabi-size  lecture7.elf 
arm-none-eabi-objdump -h -S lecture7.elf  > "lecture7.list"
   text	   data	    bss	    dec	    hex	filename
  26600	    124	   6284	  33008	   80f0	lecture7.elf
Finished building: default.size.stdout
 
Finished building: lecture7.list
 
11:34:32 **** Incremental Build of configuration Debug for project lecture7 ****
make -j4 all 
arm-none-eabi-gcc "../Core/Src/main.c" -mcpu=cortex-m0 -std=gnu11 -g3 -DDEBUG -DUSE_HAL_DRIVER -DSTM32F030x8 -c -I../Core/Inc -I../Drivers/STM32F0xx_HAL_Driver/Inc -I../Drivers/STM32F0xx_HAL_Driver/Inc/Legacy -I../Drivers/CMSIS/Device/ST/STM32F0xx/Include -I../Drivers/CMSIS/Include -I../Middlewares/Third_Party/FreeRTOS/Source/include -I../Middlewares/Third_Party/FreeRTOS/Source/CMSIS_RTOS -I../Middlewares/Third_Party/FreeRTOS/Source/portable/GCC/ARM_CM0 -O0 -ffunction-sections -fdata-sections -Wall -fstack-usage -fcyclomatic-complexity -MMD -MP -MF"Core/Src/main.d" -MT"Core/Src/main.o" --specs=nano.specs -mfloat-abi=soft -mthumb -o "Core/Src/main.o"
../Core/Src/main.c:82:15: warning: initialization of 'int32_t (*)(void *, uint8_t,  const uint8_t *, uint16_t)' {aka 'long int (*)(void *, unsigned char,  const unsigned char *, short unsigned int)'} from incompatible pointer type 'int32_t (*)(void *, uint8_t,  uint8_t *, uint16_t)' {aka 'long int (*)(void *, unsigned char,  unsigned char *, short unsigned int)'} [-Wincompatible-pointer-types]
   82 |  .write_reg = platform_write,
      |               ^~~~~~~~~~~~~~
../Core/Src/main.c:82:15: note: (near initialization for 'lis2dw12.write_reg')
../Core/Src/main.c: In function 'StartAcceleroTask':
../Core/Src/main.c:439:9: error: unknown type name 'uint_16'
  439 |         uint_16 sec=0;
      |         ^~~~~~~
../Core/Src/main.c:436:17: warning: unused variable 'i' [-Wunused-variable]
  436 |         uint8_t i = 0;
      |                 ^
../Core/Src/main.c:435:17: warning: unused variable 'msg' [-Wunused-variable]
  435 |         int16_t msg;
      |                 ^~~
make: *** [Core/Src/subdir.mk:43: Core/Src/main.o] Error 1
"make -j4 all" terminated with exit code 2. Build might be incomplete.
11:35:06 **** Incremental Build of configuration Debug for project lecture7 ****
make -j4 all 
arm-none-eabi-gcc "../Core/Src/main.c" -mcpu=cortex-m0 -std=gnu11 -g3 -DDEBUG -DUSE_HAL_DRIVER -DSTM32F030x8 -c -I../Core/Inc -I../Drivers/STM32F0xx_HAL_Driver/Inc -I../Drivers/STM32F0xx_HAL_Driver/Inc/Legacy -I../Drivers/CMSIS/Device/ST/STM32F0xx/Include -I../Drivers/CMSIS/Include -I../Middlewares/Third_Party/FreeRTOS/Source/include -I../Middlewares/Third_Party/FreeRTOS/Source/CMSIS_RTOS -I../Middlewares/Third_Party/FreeRTOS/Source/portable/GCC/ARM_CM0 -O0 -ffunction-sections -fdata-sections -Wall -fstack-usage -fcyclomatic-complexity -MMD -MP -MF"Core/Src/main.d" -MT"Core/Src/main.o" --specs=nano.specs -mfloat-abi=soft -mthumb -o "Core/Src/main.o"
../Core/Src/main.c:82:15: warning: initialization of 'int32_t (*)(void *, uint8_t,  const uint8_t *, uint16_t)' {aka 'long int (*)(void *, unsigned char,  const unsigned char *, short unsigned int)'} from incompatible pointer type 'int32_t (*)(void *, uint8_t,  uint8_t *, uint16_t)' {aka 'long int (*)(void *, unsigned char,  unsigned char *, short unsigned int)'} [-Wincompatible-pointer-types]
   82 |  .write_reg = platform_write,
      |               ^~~~~~~~~~~~~~
../Core/Src/main.c:82:15: note: (near initialization for 'lis2dw12.write_reg')
../Core/Src/main.c: In function 'StartAcceleroTask':
../Core/Src/main.c:436:17: warning: unused variable 'i' [-Wunused-variable]
  436 |         uint8_t i = 0;
      |                 ^
../Core/Src/main.c:435:17: warning: unused variable 'msg' [-Wunused-variable]
  435 |         int16_t msg;
      |                 ^~~
arm-none-eabi-gcc -o "lecture7.elf" @"objects.list"   -mcpu=cortex-m0 -T"P:\MKS\lecture7\STM32F030R8TX_FLASH.ld" --specs=nosys.specs -Wl,-Map="lecture7.map" -Wl,--gc-sections -static --specs=nano.specs -mfloat-abi=soft -mthumb -Wl,--start-group -lc -lm -Wl,--end-group
Finished building target: lecture7.elf
 
arm-none-eabi-size  lecture7.elf 
arm-none-eabi-objdump -h -S lecture7.elf  > "lecture7.list"
   text	   data	    bss	    dec	    hex	filename
  26648	    124	   6284	  33056	   8120	lecture7.elf
Finished building: default.size.stdout
 
Finished building: lecture7.list
 
11:39:41 **** Incremental Build of configuration Debug for project lecture7 ****
make -j4 all 
arm-none-eabi-gcc "../Core/Src/main.c" -mcpu=cortex-m0 -std=gnu11 -g3 -DDEBUG -DUSE_HAL_DRIVER -DSTM32F030x8 -c -I../Core/Inc -I../Drivers/STM32F0xx_HAL_Driver/Inc -I../Drivers/STM32F0xx_HAL_Driver/Inc/Legacy -I../Drivers/CMSIS/Device/ST/STM32F0xx/Include -I../Drivers/CMSIS/Include -I../Middlewares/Third_Party/FreeRTOS/Source/include -I../Middlewares/Third_Party/FreeRTOS/Source/CMSIS_RTOS -I../Middlewares/Third_Party/FreeRTOS/Source/portable/GCC/ARM_CM0 -O0 -ffunction-sections -fdata-sections -Wall -fstack-usage -fcyclomatic-complexity -MMD -MP -MF"Core/Src/main.d" -MT"Core/Src/main.o" --specs=nano.specs -mfloat-abi=soft -mthumb -o "Core/Src/main.o"
../Core/Src/main.c:82:15: warning: initialization of 'int32_t (*)(void *, uint8_t,  const uint8_t *, uint16_t)' {aka 'long int (*)(void *, unsigned char,  const unsigned char *, short unsigned int)'} from incompatible pointer type 'int32_t (*)(void *, uint8_t,  uint8_t *, uint16_t)' {aka 'long int (*)(void *, unsigned char,  unsigned char *, short unsigned int)'} [-Wincompatible-pointer-types]
   82 |  .write_reg = platform_write,
      |               ^~~~~~~~~~~~~~
../Core/Src/main.c:82:15: note: (near initialization for 'lis2dw12.write_reg')
../Core/Src/main.c: In function 'StartAcceleroTask':
../Core/Src/main.c:436:17: warning: unused variable 'i' [-Wunused-variable]
  436 |         uint8_t i = 0;
      |                 ^
../Core/Src/main.c:435:17: warning: unused variable 'msg' [-Wunused-variable]
  435 |         int16_t msg;
      |                 ^~~
arm-none-eabi-gcc -o "lecture7.elf" @"objects.list"   -mcpu=cortex-m0 -T"P:\MKS\lecture7\STM32F030R8TX_FLASH.ld" --specs=nosys.specs -Wl,-Map="lecture7.map" -Wl,--gc-sections -static --specs=nano.specs -mfloat-abi=soft -mthumb -Wl,--start-group -lc -lm -Wl,--end-group
Finished building target: lecture7.elf
 
arm-none-eabi-size  lecture7.elf 
arm-none-eabi-objdump -h -S lecture7.elf  > "lecture7.list"
   text	   data	    bss	    dec	    hex	filename
  26648	    124	   6284	  33056	   8120	lecture7.elf
Finished building: default.size.stdout
 
Finished building: lecture7.list
 
11:42:36 **** Incremental Build of configuration Debug for project lecture7 ****
make -j4 all 
arm-none-eabi-gcc "../Core/Src/main.c" -mcpu=cortex-m0 -std=gnu11 -g3 -DDEBUG -DUSE_HAL_DRIVER -DSTM32F030x8 -c -I../Core/Inc -I../Drivers/STM32F0xx_HAL_Driver/Inc -I../Drivers/STM32F0xx_HAL_Driver/Inc/Legacy -I../Drivers/CMSIS/Device/ST/STM32F0xx/Include -I../Drivers/CMSIS/Include -I../Middlewares/Third_Party/FreeRTOS/Source/include -I../Middlewares/Third_Party/FreeRTOS/Source/CMSIS_RTOS -I../Middlewares/Third_Party/FreeRTOS/Source/portable/GCC/ARM_CM0 -O0 -ffunction-sections -fdata-sections -Wall -fstack-usage -fcyclomatic-complexity -MMD -MP -MF"Core/Src/main.d" -MT"Core/Src/main.o" --specs=nano.specs -mfloat-abi=soft -mthumb -o "Core/Src/main.o"
../Core/Src/main.c:82:15: warning: initialization of 'int32_t (*)(void *, uint8_t,  const uint8_t *, uint16_t)' {aka 'long int (*)(void *, unsigned char,  const unsigned char *, short unsigned int)'} from incompatible pointer type 'int32_t (*)(void *, uint8_t,  uint8_t *, uint16_t)' {aka 'long int (*)(void *, unsigned char,  unsigned char *, short unsigned int)'} [-Wincompatible-pointer-types]
   82 |  .write_reg = platform_write,
      |               ^~~~~~~~~~~~~~
../Core/Src/main.c:82:15: note: (near initialization for 'lis2dw12.write_reg')
../Core/Src/main.c: In function 'StartAcceleroTask':
../Core/Src/main.c:464:20: warning: unused variable 'x_data' [-Wunused-variable]
  464 |            int16_t x_data = raw_acceleration[0];
      |                    ^~~~~~
In file included from ../Middlewares/Third_Party/FreeRTOS/Source/CMSIS_RTOS/cmsis_os.h:59,
                 from ../Core/Src/main.c:21:
../Core/Src/main.c:473:44: error: 'x_data' undeclared (first use in this function)
  473 |            xQueueSend(xVisualQueueHandle, &x_data, 0);
      |                                            ^~~~~~
../Middlewares/Third_Party/FreeRTOS/Source/include/queue.h:477:92: note: in definition of macro 'xQueueSend'
  477 | #define xQueueSend( xQueue, pvItemToQueue, xTicksToWait ) xQueueGenericSend( ( xQueue ), ( pvItemToQueue ), ( xTicksToWait ), queueSEND_TO_BACK )
      |                                                                                            ^~~~~~~~~~~~~
../Core/Src/main.c:473:44: note: each undeclared identifier is reported only once for each function it appears in
  473 |            xQueueSend(xVisualQueueHandle, &x_data, 0);
      |                                            ^~~~~~
../Middlewares/Third_Party/FreeRTOS/Source/include/queue.h:477:92: note: in definition of macro 'xQueueSend'
  477 | #define xQueueSend( xQueue, pvItemToQueue, xTicksToWait ) xQueueGenericSend( ( xQueue ), ( pvItemToQueue ), ( xTicksToWait ), queueSEND_TO_BACK )
      |                                                                                            ^~~~~~~~~~~~~
../Core/Src/main.c:436:17: warning: unused variable 'i' [-Wunused-variable]
  436 |         uint8_t i = 0;
      |                 ^
../Core/Src/main.c:435:17: warning: unused variable 'msg' [-Wunused-variable]
  435 |         int16_t msg;
      |                 ^~~
make: *** [Core/Src/subdir.mk:43: Core/Src/main.o] Error 1
"make -j4 all" terminated with exit code 2. Build might be incomplete.
11:43:06 **** Incremental Build of configuration Debug for project lecture7 ****
make -j4 all 
arm-none-eabi-gcc "../Core/Src/main.c" -mcpu=cortex-m0 -std=gnu11 -g3 -DDEBUG -DUSE_HAL_DRIVER -DSTM32F030x8 -c -I../Core/Inc -I../Drivers/STM32F0xx_HAL_Driver/Inc -I../Drivers/STM32F0xx_HAL_Driver/Inc/Legacy -I../Drivers/CMSIS/Device/ST/STM32F0xx/Include -I../Drivers/CMSIS/Include -I../Middlewares/Third_Party/FreeRTOS/Source/include -I../Middlewares/Third_Party/FreeRTOS/Source/CMSIS_RTOS -I../Middlewares/Third_Party/FreeRTOS/Source/portable/GCC/ARM_CM0 -O0 -ffunction-sections -fdata-sections -Wall -fstack-usage -fcyclomatic-complexity -MMD -MP -MF"Core/Src/main.d" -MT"Core/Src/main.o" --specs=nano.specs -mfloat-abi=soft -mthumb -o "Core/Src/main.o"
../Core/Src/main.c:82:15: warning: initialization of 'int32_t (*)(void *, uint8_t,  const uint8_t *, uint16_t)' {aka 'long int (*)(void *, unsigned char,  const unsigned char *, short unsigned int)'} from incompatible pointer type 'int32_t (*)(void *, uint8_t,  uint8_t *, uint16_t)' {aka 'long int (*)(void *, unsigned char,  unsigned char *, short unsigned int)'} [-Wincompatible-pointer-types]
   82 |  .write_reg = platform_write,
      |               ^~~~~~~~~~~~~~
../Core/Src/main.c:82:15: note: (near initialization for 'lis2dw12.write_reg')
../Core/Src/main.c: In function 'StartAcceleroTask':
../Core/Src/main.c:437:17: warning: unused variable 'i' [-Wunused-variable]
  437 |         uint8_t i = 0;
      |                 ^
../Core/Src/main.c:436:17: warning: unused variable 'msg' [-Wunused-variable]
  436 |         int16_t msg;
      |                 ^~~
arm-none-eabi-gcc -o "lecture7.elf" @"objects.list"   -mcpu=cortex-m0 -T"P:\MKS\lecture7\STM32F030R8TX_FLASH.ld" --specs=nosys.specs -Wl,-Map="lecture7.map" -Wl,--gc-sections -static --specs=nano.specs -mfloat-abi=soft -mthumb -Wl,--start-group -lc -lm -Wl,--end-group
Finished building target: lecture7.elf
 
arm-none-eabi-size  lecture7.elf 
arm-none-eabi-objdump -h -S lecture7.elf  > "lecture7.list"
   text	   data	    bss	    dec	    hex	filename
  26648	    124	   6284	  33056	   8120	lecture7.elf
Finished building: default.size.stdout
 
Finished building: lecture7.list
 
