11:29:59 **** Incremental Build of configuration Debug for project lecture5 ****
make -j4 all 
arm-none-eabi-gcc "../Core/Src/main.c" -mcpu=cortex-m0 -std=gnu11 -g3 -DDEBUG -DUSE_HAL_DRIVER -DSTM32F030x8 -c -I../Core/Inc -I../Drivers/STM32F0xx_HAL_Driver/Inc -I../Drivers/STM32F0xx_HAL_Driver/Inc/Legacy -I../Drivers/CMSIS/Device/ST/STM32F0xx/Include -I../Drivers/CMSIS/Include -O0 -ffunction-sections -fdata-sections -Wall -fstack-usage -fcyclomatic-complexity -MMD -MP -MF"Core/Src/main.d" -MT"Core/Src/main.o" --specs=nano.specs -mfloat-abi=soft -mthumb -o "Core/Src/main.o"
../Core/Src/main.c: In function 'uart_process_command':
../Core/Src/main.c:76:17: warning: implicit declaration of function 'strtok' [-Wimplicit-function-declaration]
   76 |         token = strtok(data, " ");
      |                 ^~~~~~
../Core/Src/main.c:76:15: warning: assignment to 'char *' from 'int' makes pointer from integer without a cast [-Wint-conversion]
   76 |         token = strtok(data, " ");
      |               ^
../Core/Src/main.c:77:13: warning: implicit declaration of function 'strcasecmp' [-Wimplicit-function-declaration]
   77 |         if (strcasecmp(token, "HELLO") == 0) {
      |             ^~~~~~~~~~
../Core/Src/main.c:81:23: warning: assignment to 'char *' from 'int' makes pointer from integer without a cast [-Wint-conversion]
   81 |                 token = strtok(NULL, " ");
      |                       ^
../Core/Src/main.c:93:23: warning: assignment to 'char *' from 'int' makes pointer from integer without a cast [-Wint-conversion]
   93 |                 token = strtok(NULL, " ");
      |                       ^
../Core/Src/main.c:106:17: error: 'led1_state' undeclared (first use in this function)
  106 |                 led1_state= HAL_GPIO_ReadPin(LED1_GPIO_Port, LED1_Pin);
      |                 ^~~~~~~~~~
../Core/Src/main.c:106:17: note: each undeclared identifier is reported only once for each function it appears in
../Core/Src/main.c:108:31: warning: format '%s' expects a matching 'char *' argument [-Wformat=]
  108 |                 printf("LED1 %s\n");
      |                              ~^
      |                               |
      |                               char *
../Core/Src/main.c:109:31: warning: format '%s' expects a matching 'char *' argument [-Wformat=]
  109 |                 printf("LED2 %s\n");
      |                              ~^
      |                               |
      |                               char *
make: *** [Core/Src/subdir.mk:34: Core/Src/main.o] Error 1
"make -j4 all" terminated with exit code 2. Build might be incomplete.
11:31:14 **** Incremental Build of configuration Debug for project lecture5 ****
make -j4 all 
arm-none-eabi-gcc "../Core/Src/main.c" -mcpu=cortex-m0 -std=gnu11 -g3 -DDEBUG -DUSE_HAL_DRIVER -DSTM32F030x8 -c -I../Core/Inc -I../Drivers/STM32F0xx_HAL_Driver/Inc -I../Drivers/STM32F0xx_HAL_Driver/Inc/Legacy -I../Drivers/CMSIS/Device/ST/STM32F0xx/Include -I../Drivers/CMSIS/Include -O0 -ffunction-sections -fdata-sections -Wall -fstack-usage -fcyclomatic-complexity -MMD -MP -MF"Core/Src/main.d" -MT"Core/Src/main.o" --specs=nano.specs -mfloat-abi=soft -mthumb -o "Core/Src/main.o"
../Core/Src/main.c: In function 'uart_process_command':
../Core/Src/main.c:107:17: error: 'led1_state' undeclared (first use in this function)
  107 |                 led1_state= HAL_GPIO_ReadPin(LED1_GPIO_Port, LED1_Pin);
      |                 ^~~~~~~~~~
../Core/Src/main.c:107:17: note: each undeclared identifier is reported only once for each function it appears in
../Core/Src/main.c:108:17: error: 'led2_state' undeclared (first use in this function)
  108 |                 led2_state= HAL_GPIO_ReadPin(LED2_GPIO_Port, LED2_Pin);
      |                 ^~~~~~~~~~
../Core/Src/main.c:109:31: warning: format '%s' expects a matching 'char *' argument [-Wformat=]
  109 |                 printf("LED1 %s\n");
      |                              ~^
      |                               |
      |                               char *
../Core/Src/main.c:110:31: warning: format '%s' expects a matching 'char *' argument [-Wformat=]
  110 |                 printf("LED2 %s\n");
      |                              ~^
      |                               |
      |                               char *
make: *** [Core/Src/subdir.mk:34: Core/Src/main.o] Error 1
"make -j4 all" terminated with exit code 2. Build might be incomplete.
11:36:57 **** Incremental Build of configuration Debug for project lecture5 ****
make -j4 all 
arm-none-eabi-gcc "../Core/Src/main.c" -mcpu=cortex-m0 -std=gnu11 -g3 -DDEBUG -DUSE_HAL_DRIVER -DSTM32F030x8 -c -I../Core/Inc -I../Drivers/STM32F0xx_HAL_Driver/Inc -I../Drivers/STM32F0xx_HAL_Driver/Inc/Legacy -I../Drivers/CMSIS/Device/ST/STM32F0xx/Include -I../Drivers/CMSIS/Include -O0 -ffunction-sections -fdata-sections -Wall -fstack-usage -fcyclomatic-complexity -MMD -MP -MF"Core/Src/main.d" -MT"Core/Src/main.o" --specs=nano.specs -mfloat-abi=soft -mthumb -o "Core/Src/main.o"
arm-none-eabi-gcc -o "lecture5.elf" @"objects.list"   -mcpu=cortex-m0 -T"P:\MKS\lecture5\STM32F030R8TX_FLASH.ld" --specs=nosys.specs -Wl,-Map="lecture5.map" -Wl,--gc-sections -static --specs=nano.specs -mfloat-abi=soft -mthumb -Wl,--start-group -lc -lm -Wl,--end-group
Finished building target: lecture5.elf
 
arm-none-eabi-size  lecture5.elf 
arm-none-eabi-objdump -h -S lecture5.elf  > "lecture5.list"
   text	   data	    bss	    dec	    hex	filename
  15860	    104	   2240	  18204	   471c	lecture5.elf
Finished building: default.size.stdout
 
Finished building: lecture5.list
 
12:02:39 **** Incremental Build of configuration Debug for project lecture5 ****
make -j4 all 
arm-none-eabi-gcc "../Core/Src/main.c" -mcpu=cortex-m0 -std=gnu11 -g3 -DDEBUG -DUSE_HAL_DRIVER -DSTM32F030x8 -c -I../Core/Inc -I../Drivers/STM32F0xx_HAL_Driver/Inc -I../Drivers/STM32F0xx_HAL_Driver/Inc/Legacy -I../Drivers/CMSIS/Device/ST/STM32F0xx/Include -I../Drivers/CMSIS/Include -O0 -ffunction-sections -fdata-sections -Wall -fstack-usage -fcyclomatic-complexity -MMD -MP -MF"Core/Src/main.d" -MT"Core/Src/main.o" --specs=nano.specs -mfloat-abi=soft -mthumb -o "Core/Src/main.o"
arm-none-eabi-gcc "../Core/Src/stm32f0xx_hal_msp.c" -mcpu=cortex-m0 -std=gnu11 -g3 -DDEBUG -DUSE_HAL_DRIVER -DSTM32F030x8 -c -I../Core/Inc -I../Drivers/STM32F0xx_HAL_Driver/Inc -I../Drivers/STM32F0xx_HAL_Driver/Inc/Legacy -I../Drivers/CMSIS/Device/ST/STM32F0xx/Include -I../Drivers/CMSIS/Include -O0 -ffunction-sections -fdata-sections -Wall -fstack-usage -fcyclomatic-complexity -MMD -MP -MF"Core/Src/stm32f0xx_hal_msp.d" -MT"Core/Src/stm32f0xx_hal_msp.o" --specs=nano.specs -mfloat-abi=soft -mthumb -o "Core/Src/stm32f0xx_hal_msp.o"
../Core/Src/main.c: In function 'main':
../Core/Src/main.c:264:13: error: invalid storage class for function 'MX_I2C1_Init'
  264 | static void MX_I2C1_Init(void)
      |             ^~~~~~~~~~~~
../Core/Src/main.c:312:13: error: invalid storage class for function 'MX_USART2_UART_Init'
  312 | static void MX_USART2_UART_Init(void)
      |             ^~~~~~~~~~~~~~~~~~~
../Core/Src/main.c:345:13: error: invalid storage class for function 'MX_DMA_Init'
  345 | static void MX_DMA_Init(void)
      |             ^~~~~~~~~~~
../Core/Src/main.c:363:13: error: invalid storage class for function 'MX_GPIO_Init'
  363 | static void MX_GPIO_Init(void)
      |             ^~~~~~~~~~~~
../Core/Src/main.c:422:1: error: expected declaration or statement at end of input
  422 | }
      | ^
../Core/Src/main.c: At top level:
../Core/Src/main.c:60:13: warning: 'MX_GPIO_Init' used but never defined
   60 | static void MX_GPIO_Init(void);
      |             ^~~~~~~~~~~~
../Core/Src/main.c:61:13: warning: 'MX_DMA_Init' used but never defined
   61 | static void MX_DMA_Init(void);
      |             ^~~~~~~~~~~
../Core/Src/main.c:62:13: warning: 'MX_USART2_UART_Init' used but never defined
   62 | static void MX_USART2_UART_Init(void);
      |             ^~~~~~~~~~~~~~~~~~~
../Core/Src/main.c:63:13: warning: 'MX_I2C1_Init' used but never defined
   63 | static void MX_I2C1_Init(void);
      |             ^~~~~~~~~~~~
../Core/Src/main.c:413:6: warning: 'Error_Handler' defined but not used [-Wunused-function]
  413 | void Error_Handler(void)
      |      ^~~~~~~~~~~~~
../Core/Src/main.c:363:13: warning: 'MX_GPIO_Init' defined but not used [-Wunused-function]
  363 | static void MX_GPIO_Init(void)
      |             ^~~~~~~~~~~~
../Core/Src/main.c:345:13: warning: 'MX_DMA_Init' defined but not used [-Wunused-function]
  345 | static void MX_DMA_Init(void)
      |             ^~~~~~~~~~~
../Core/Src/main.c:312:13: warning: 'MX_USART2_UART_Init' defined but not used [-Wunused-function]
  312 | static void MX_USART2_UART_Init(void)
      |             ^~~~~~~~~~~~~~~~~~~
../Core/Src/main.c:264:13: warning: 'MX_I2C1_Init' defined but not used [-Wunused-function]
  264 | static void MX_I2C1_Init(void)
      |             ^~~~~~~~~~~~
../Core/Src/main.c:218:6: warning: 'SystemClock_Config' defined but not used [-Wunused-function]
  218 | void SystemClock_Config(void)
      |      ^~~~~~~~~~~~~~~~~~
make: *** [Core/Src/subdir.mk:34: Core/Src/main.o] Error 1
"make -j4 all" terminated with exit code 2. Build might be incomplete.
12:03:15 **** Incremental Build of configuration Debug for project lecture5 ****
make -j4 all 
arm-none-eabi-gcc "../Core/Src/main.c" -mcpu=cortex-m0 -std=gnu11 -g3 -DDEBUG -DUSE_HAL_DRIVER -DSTM32F030x8 -c -I../Core/Inc -I../Drivers/STM32F0xx_HAL_Driver/Inc -I../Drivers/STM32F0xx_HAL_Driver/Inc/Legacy -I../Drivers/CMSIS/Device/ST/STM32F0xx/Include -I../Drivers/CMSIS/Include -O0 -ffunction-sections -fdata-sections -Wall -fstack-usage -fcyclomatic-complexity -MMD -MP -MF"Core/Src/main.d" -MT"Core/Src/main.o" --specs=nano.specs -mfloat-abi=soft -mthumb -o "Core/Src/main.o"
arm-none-eabi-gcc -o "lecture5.elf" @"objects.list"   -mcpu=cortex-m0 -T"P:\MKS\lecture5\STM32F030R8TX_FLASH.ld" --specs=nosys.specs -Wl,-Map="lecture5.map" -Wl,--gc-sections -static --specs=nano.specs -mfloat-abi=soft -mthumb -Wl,--start-group -lc -lm -Wl,--end-group
Finished building target: lecture5.elf
 
arm-none-eabi-size  lecture5.elf 
arm-none-eabi-objdump -h -S lecture5.elf  > "lecture5.list"
   text	   data	    bss	    dec	    hex	filename
  19676	    104	   2328	  22108	   565c	lecture5.elf
Finished building: default.size.stdout
 
Finished building: lecture5.list
 
12:28:33 **** Incremental Build of configuration Debug for project lecture5 ****
make -j4 all 
arm-none-eabi-gcc "../Core/Src/main.c" -mcpu=cortex-m0 -std=gnu11 -g3 -DDEBUG -DUSE_HAL_DRIVER -DSTM32F030x8 -c -I../Core/Inc -I../Drivers/STM32F0xx_HAL_Driver/Inc -I../Drivers/STM32F0xx_HAL_Driver/Inc/Legacy -I../Drivers/CMSIS/Device/ST/STM32F0xx/Include -I../Drivers/CMSIS/Include -O0 -ffunction-sections -fdata-sections -Wall -fstack-usage -fcyclomatic-complexity -MMD -MP -MF"Core/Src/main.d" -MT"Core/Src/main.o" --specs=nano.specs -mfloat-abi=soft -mthumb -o "Core/Src/main.o"
../Core/Src/main.c: In function 'uart_process_command':
../Core/Src/main.c:137:34: warning: unused variable 'addr' [-Wunused-variable]
  137 |                         uint16_t addr = atoi(token);
      |                                  ^~~~
../Core/Src/main.c:142:72: error: 'addr' undeclared (first use in this function)
  142 |                                 HAL_I2C_Mem_Write(&hi2c1, EEPROM_ADDR, addr, I2C_MEMADD_SIZE_16BIT, &value, 1, 1000);
      |                                                                        ^~~~
../Core/Src/main.c:142:72: note: each undeclared identifier is reported only once for each function it appears in
../Core/Src/main.c:150:17: error: expected '}' before 'else'
  150 |                 else{
      |                 ^~~~
../Core/Src/main.c: At top level:
../Core/Src/main.c:155:9: error: expected identifier or '(' before 'else'
  155 |         else if(strcasecmp(token, "DUMP") == 0){
      |         ^~~~
../Core/Src/main.c:170:34: error: expected declaration specifiers or '...' before '&' token
  170 |                 HAL_I2C_Mem_Read(&hi2c1, EEPROM_ADDR, addr, I2C_MEMADD_SIZE_16BIT, &value, 1, 1000);
      |                                  ^
../Core/Src/main.c:39:21: error: expected declaration specifiers or '...' before numeric constant
   39 | #define EEPROM_ADDR 0x40
      |                     ^~~~
../Core/Src/main.c:170:42: note: in expansion of macro 'EEPROM_ADDR'
  170 |                 HAL_I2C_Mem_Read(&hi2c1, EEPROM_ADDR, addr, I2C_MEMADD_SIZE_16BIT, &value, 1, 1000);
      |                                          ^~~~~~~~~~~
../Core/Src/main.c:170:55: error: unknown type name 'addr'
  170 |                 HAL_I2C_Mem_Read(&hi2c1, EEPROM_ADDR, addr, I2C_MEMADD_SIZE_16BIT, &value, 1, 1000);
      |                                                       ^~~~
In file included from ../Core/Inc/stm32f0xx_hal_conf.h:241,
                 from ../Drivers/STM32F0xx_HAL_Driver/Inc/stm32f0xx_hal.h:29,
                 from ../Core/Inc/main.h:30,
                 from ../Core/Src/main.c:20:
../Drivers/STM32F0xx_HAL_Driver/Inc/stm32f0xx_hal_i2c.h:372:41: error: expected declaration specifiers or '...' before '(' token
  372 | #define I2C_MEMADD_SIZE_16BIT           (0x00000002U)
      |                                         ^
../Core/Src/main.c:170:61: note: in expansion of macro 'I2C_MEMADD_SIZE_16BIT'
  170 |                 HAL_I2C_Mem_Read(&hi2c1, EEPROM_ADDR, addr, I2C_MEMADD_SIZE_16BIT, &value, 1, 1000);
      |                                                             ^~~~~~~~~~~~~~~~~~~~~
../Core/Src/main.c:170:84: error: expected declaration specifiers or '...' before '&' token
  170 |                 HAL_I2C_Mem_Read(&hi2c1, EEPROM_ADDR, addr, I2C_MEMADD_SIZE_16BIT, &value, 1, 1000);
      |                                                                                    ^
../Core/Src/main.c:170:92: error: expected declaration specifiers or '...' before numeric constant
  170 |                 HAL_I2C_Mem_Read(&hi2c1, EEPROM_ADDR, addr, I2C_MEMADD_SIZE_16BIT, &value, 1, 1000);
      |                                                                                            ^
../Core/Src/main.c:170:95: error: expected declaration specifiers or '...' before numeric constant
  170 |                 HAL_I2C_Mem_Read(&hi2c1, EEPROM_ADDR, addr, I2C_MEMADD_SIZE_16BIT, &value, 1, 1000);
      |                                                                                               ^~~~
../Core/Src/main.c:171:24: error: expected declaration specifiers or '...' before string constant
  171 |                 printf("Addr 0x%02X: 0x%02x\n", addr, value);
      |                        ^~~~~~~~~~~~~~~~~~~~~~~
../Core/Src/main.c:171:49: error: unknown type name 'addr'
  171 |                 printf("Addr 0x%02X: 0x%02x\n", addr, value);
      |                                                 ^~~~
../Core/Src/main.c:171:55: error: unknown type name 'value'
  171 |                 printf("Addr 0x%02X: 0x%02x\n", addr, value);
      |                                                       ^~~~~
../Core/Src/main.c:172:9: error: expected identifier or '(' before '}' token
  172 |         }
      |         ^
../Core/Src/main.c:173:1: error: expected identifier or '(' before '}' token
  173 | }
      | ^
make: *** [Core/Src/subdir.mk:34: Core/Src/main.o] Error 1
"make -j4 all" terminated with exit code 2. Build might be incomplete.
12:32:51 **** Incremental Build of configuration Debug for project lecture5 ****
make -j4 all 
arm-none-eabi-gcc "../Core/Src/main.c" -mcpu=cortex-m0 -std=gnu11 -g3 -DDEBUG -DUSE_HAL_DRIVER -DSTM32F030x8 -c -I../Core/Inc -I../Drivers/STM32F0xx_HAL_Driver/Inc -I../Drivers/STM32F0xx_HAL_Driver/Inc/Legacy -I../Drivers/CMSIS/Device/ST/STM32F0xx/Include -I../Drivers/CMSIS/Include -O0 -ffunction-sections -fdata-sections -Wall -fstack-usage -fcyclomatic-complexity -MMD -MP -MF"Core/Src/main.d" -MT"Core/Src/main.o" --specs=nano.specs -mfloat-abi=soft -mthumb -o "Core/Src/main.o"
arm-none-eabi-gcc -o "lecture5.elf" @"objects.list"   -mcpu=cortex-m0 -T"P:\MKS\lecture5\STM32F030R8TX_FLASH.ld" --specs=nosys.specs -Wl,-Map="lecture5.map" -Wl,--gc-sections -static --specs=nano.specs -mfloat-abi=soft -mthumb -Wl,--start-group -lc -lm -Wl,--end-group
Finished building target: lecture5.elf
 
arm-none-eabi-size  lecture5.elf 
arm-none-eabi-objdump -h -S lecture5.elf  > "lecture5.list"
   text	   data	    bss	    dec	    hex	filename
  21628	    104	   2328	  24060	   5dfc	lecture5.elf
Finished building: default.size.stdout
 
Finished building: lecture5.list
 
12:39:47 **** Incremental Build of configuration Debug for project lecture5 ****
make -j4 all 
arm-none-eabi-gcc "../Core/Src/main.c" -mcpu=cortex-m0 -std=gnu11 -g3 -DDEBUG -DUSE_HAL_DRIVER -DSTM32F030x8 -c -I../Core/Inc -I../Drivers/STM32F0xx_HAL_Driver/Inc -I../Drivers/STM32F0xx_HAL_Driver/Inc/Legacy -I../Drivers/CMSIS/Device/ST/STM32F0xx/Include -I../Drivers/CMSIS/Include -O0 -ffunction-sections -fdata-sections -Wall -fstack-usage -fcyclomatic-complexity -MMD -MP -MF"Core/Src/main.d" -MT"Core/Src/main.o" --specs=nano.specs -mfloat-abi=soft -mthumb -o "Core/Src/main.o"
arm-none-eabi-gcc -o "lecture5.elf" @"objects.list"   -mcpu=cortex-m0 -T"P:\MKS\lecture5\STM32F030R8TX_FLASH.ld" --specs=nosys.specs -Wl,-Map="lecture5.map" -Wl,--gc-sections -static --specs=nano.specs -mfloat-abi=soft -mthumb -Wl,--start-group -lc -lm -Wl,--end-group
Finished building target: lecture5.elf
 
arm-none-eabi-size  lecture5.elf 
arm-none-eabi-objdump -h -S lecture5.elf  > "lecture5.list"
   text	   data	    bss	    dec	    hex	filename
  21500	    104	   2328	  23932	   5d7c	lecture5.elf
Finished building: default.size.stdout
 
Finished building: lecture5.list
 
12:40:48 **** Incremental Build of configuration Debug for project lecture5 ****
make -j4 all 
arm-none-eabi-gcc "../Core/Src/main.c" -mcpu=cortex-m0 -std=gnu11 -g3 -DDEBUG -DUSE_HAL_DRIVER -DSTM32F030x8 -c -I../Core/Inc -I../Drivers/STM32F0xx_HAL_Driver/Inc -I../Drivers/STM32F0xx_HAL_Driver/Inc/Legacy -I../Drivers/CMSIS/Device/ST/STM32F0xx/Include -I../Drivers/CMSIS/Include -O0 -ffunction-sections -fdata-sections -Wall -fstack-usage -fcyclomatic-complexity -MMD -MP -MF"Core/Src/main.d" -MT"Core/Src/main.o" --specs=nano.specs -mfloat-abi=soft -mthumb -o "Core/Src/main.o"
../Core/Src/main.c: In function 'uart_process_command':
../Core/Src/main.c:168:28: warning: too many arguments for format [-Wformat-extra-args]
  168 |                     printf("0x%02X ", addr, value);
      |                            ^~~~~~~~~
arm-none-eabi-gcc -o "lecture5.elf" @"objects.list"   -mcpu=cortex-m0 -T"P:\MKS\lecture5\STM32F030R8TX_FLASH.ld" --specs=nosys.specs -Wl,-Map="lecture5.map" -Wl,--gc-sections -static --specs=nano.specs -mfloat-abi=soft -mthumb -Wl,--start-group -lc -lm -Wl,--end-group
Finished building target: lecture5.elf
 
arm-none-eabi-size  lecture5.elf 
arm-none-eabi-objdump -h -S lecture5.elf  > "lecture5.list"
   text	   data	    bss	    dec	    hex	filename
  21616	    104	   2328	  24048	   5df0	lecture5.elf
Finished building: default.size.stdout
 
Finished building: lecture5.list
 
12:41:55 **** Incremental Build of configuration Debug for project lecture5 ****
make -j4 all 
arm-none-eabi-gcc "../Core/Src/main.c" -mcpu=cortex-m0 -std=gnu11 -g3 -DDEBUG -DUSE_HAL_DRIVER -DSTM32F030x8 -c -I../Core/Inc -I../Drivers/STM32F0xx_HAL_Driver/Inc -I../Drivers/STM32F0xx_HAL_Driver/Inc/Legacy -I../Drivers/CMSIS/Device/ST/STM32F0xx/Include -I../Drivers/CMSIS/Include -O0 -ffunction-sections -fdata-sections -Wall -fstack-usage -fcyclomatic-complexity -MMD -MP -MF"Core/Src/main.d" -MT"Core/Src/main.o" --specs=nano.specs -mfloat-abi=soft -mthumb -o "Core/Src/main.o"
../Core/Src/main.c: In function 'uart_process_command':
../Core/Src/main.c:167:29: warning: unused variable 'value' [-Wunused-variable]
  167 |                     uint8_t value = EEPROM_Read(addr);
      |                             ^~~~~
arm-none-eabi-gcc -o "lecture5.elf" @"objects.list"   -mcpu=cortex-m0 -T"P:\MKS\lecture5\STM32F030R8TX_FLASH.ld" --specs=nosys.specs -Wl,-Map="lecture5.map" -Wl,--gc-sections -static --specs=nano.specs -mfloat-abi=soft -mthumb -Wl,--start-group -lc -lm -Wl,--end-group
Finished building target: lecture5.elf
 
arm-none-eabi-size  lecture5.elf 
arm-none-eabi-objdump -h -S lecture5.elf  > "lecture5.list"
   text	   data	    bss	    dec	    hex	filename
  21612	    104	   2328	  24044	   5dec	lecture5.elf
Finished building: default.size.stdout
 
Finished building: lecture5.list
 
12:43:09 **** Incremental Build of configuration Debug for project lecture5 ****
make -j4 all 
arm-none-eabi-gcc "../Core/Src/main.c" -mcpu=cortex-m0 -std=gnu11 -g3 -DDEBUG -DUSE_HAL_DRIVER -DSTM32F030x8 -c -I../Core/Inc -I../Drivers/STM32F0xx_HAL_Driver/Inc -I../Drivers/STM32F0xx_HAL_Driver/Inc/Legacy -I../Drivers/CMSIS/Device/ST/STM32F0xx/Include -I../Drivers/CMSIS/Include -O0 -ffunction-sections -fdata-sections -Wall -fstack-usage -fcyclomatic-complexity -MMD -MP -MF"Core/Src/main.d" -MT"Core/Src/main.o" --specs=nano.specs -mfloat-abi=soft -mthumb -o "Core/Src/main.o"
../Core/Src/main.c: In function 'uart_process_command':
../Core/Src/main.c:168:34: warning: format '%x' expects a matching 'unsigned int' argument [-Wformat=]
  168 |                     printf("0x%02x\n ");
      |                               ~~~^
      |                                  |
      |                                  unsigned int
../Core/Src/main.c:167:29: warning: unused variable 'value' [-Wunused-variable]
  167 |                     uint8_t value = EEPROM_Read(addr);
      |                             ^~~~~
arm-none-eabi-gcc -o "lecture5.elf" @"objects.list"   -mcpu=cortex-m0 -T"P:\MKS\lecture5\STM32F030R8TX_FLASH.ld" --specs=nosys.specs -Wl,-Map="lecture5.map" -Wl,--gc-sections -static --specs=nano.specs -mfloat-abi=soft -mthumb -Wl,--start-group -lc -lm -Wl,--end-group
Finished building target: lecture5.elf
 
arm-none-eabi-size  lecture5.elf 
arm-none-eabi-objdump -h -S lecture5.elf  > "lecture5.list"
   text	   data	    bss	    dec	    hex	filename
  21612	    104	   2328	  24044	   5dec	lecture5.elf
Finished building: default.size.stdout
 
Finished building: lecture5.list
 
12:43:54 **** Incremental Build of configuration Debug for project lecture5 ****
make -j4 all 
arm-none-eabi-gcc "../Core/Src/main.c" -mcpu=cortex-m0 -std=gnu11 -g3 -DDEBUG -DUSE_HAL_DRIVER -DSTM32F030x8 -c -I../Core/Inc -I../Drivers/STM32F0xx_HAL_Driver/Inc -I../Drivers/STM32F0xx_HAL_Driver/Inc/Legacy -I../Drivers/CMSIS/Device/ST/STM32F0xx/Include -I../Drivers/CMSIS/Include -O0 -ffunction-sections -fdata-sections -Wall -fstack-usage -fcyclomatic-complexity -MMD -MP -MF"Core/Src/main.d" -MT"Core/Src/main.o" --specs=nano.specs -mfloat-abi=soft -mthumb -o "Core/Src/main.o"
../Core/Src/main.c: In function 'uart_process_command':
../Core/Src/main.c:168:28: warning: too many arguments for format [-Wformat-extra-args]
  168 |                     printf("0x%02x\n ", addr,value);
      |                            ^~~~~~~~~~~
arm-none-eabi-gcc -o "lecture5.elf" @"objects.list"   -mcpu=cortex-m0 -T"P:\MKS\lecture5\STM32F030R8TX_FLASH.ld" --specs=nosys.specs -Wl,-Map="lecture5.map" -Wl,--gc-sections -static --specs=nano.specs -mfloat-abi=soft -mthumb -Wl,--start-group -lc -lm -Wl,--end-group
Finished building target: lecture5.elf
 
arm-none-eabi-size  lecture5.elf 
arm-none-eabi-objdump -h -S lecture5.elf  > "lecture5.list"
   text	   data	    bss	    dec	    hex	filename
  21620	    104	   2328	  24052	   5df4	lecture5.elf
Finished building: default.size.stdout
 
Finished building: lecture5.list
 
12:45:49 **** Incremental Build of configuration Debug for project lecture5 ****
make -j4 all 
arm-none-eabi-gcc "../Core/Src/main.c" -mcpu=cortex-m0 -std=gnu11 -g3 -DDEBUG -DUSE_HAL_DRIVER -DSTM32F030x8 -c -I../Core/Inc -I../Drivers/STM32F0xx_HAL_Driver/Inc -I../Drivers/STM32F0xx_HAL_Driver/Inc/Legacy -I../Drivers/CMSIS/Device/ST/STM32F0xx/Include -I../Drivers/CMSIS/Include -O0 -ffunction-sections -fdata-sections -Wall -fstack-usage -fcyclomatic-complexity -MMD -MP -MF"Core/Src/main.d" -MT"Core/Src/main.o" --specs=nano.specs -mfloat-abi=soft -mthumb -o "Core/Src/main.o"
../Core/Src/main.c: In function 'uart_process_command':
../Core/Src/main.c:169:41: warning: embedded '\0' in format [-Wformat-contains-nul]
  169 |                     printf("dump 0x%02x:\0x%02xn",addr, value);
      |                                         ^~
../Core/Src/main.c:169:28: warning: too many arguments for format [-Wformat-extra-args]
  169 |                     printf("dump 0x%02x:\0x%02xn",addr, value);
      |                            ^~~~~~~~~~~~~~~~~~~~~~
arm-none-eabi-gcc -o "lecture5.elf" @"objects.list"   -mcpu=cortex-m0 -T"P:\MKS\lecture5\STM32F030R8TX_FLASH.ld" --specs=nosys.specs -Wl,-Map="lecture5.map" -Wl,--gc-sections -static --specs=nano.specs -mfloat-abi=soft -mthumb -Wl,--start-group -lc -lm -Wl,--end-group
Finished building target: lecture5.elf
 
arm-none-eabi-size  lecture5.elf 
arm-none-eabi-objdump -h -S lecture5.elf  > "lecture5.list"
   text	   data	    bss	    dec	    hex	filename
  21572	    104	   2328	  24004	   5dc4	lecture5.elf
Finished building: default.size.stdout
 
Finished building: lecture5.list
 
12:46:54 **** Incremental Build of configuration Debug for project lecture5 ****
make -j4 all 
arm-none-eabi-gcc "../Core/Src/main.c" -mcpu=cortex-m0 -std=gnu11 -g3 -DDEBUG -DUSE_HAL_DRIVER -DSTM32F030x8 -c -I../Core/Inc -I../Drivers/STM32F0xx_HAL_Driver/Inc -I../Drivers/STM32F0xx_HAL_Driver/Inc/Legacy -I../Drivers/CMSIS/Device/ST/STM32F0xx/Include -I../Drivers/CMSIS/Include -O0 -ffunction-sections -fdata-sections -Wall -fstack-usage -fcyclomatic-complexity -MMD -MP -MF"Core/Src/main.d" -MT"Core/Src/main.o" --specs=nano.specs -mfloat-abi=soft -mthumb -o "Core/Src/main.o"
../Core/Src/main.c: In function 'uart_process_command':
../Core/Src/main.c:169:41: warning: embedded '\0' in format [-Wformat-contains-nul]
  169 |                     printf("dump 0x%02x:\0x%02x\n",addr, value);
      |                                         ^~
../Core/Src/main.c:169:28: warning: too many arguments for format [-Wformat-extra-args]
  169 |                     printf("dump 0x%02x:\0x%02x\n",addr, value);
      |                            ^~~~~~~~~~~~~~~~~~~~~~~
arm-none-eabi-gcc -o "lecture5.elf" @"objects.list"   -mcpu=cortex-m0 -T"P:\MKS\lecture5\STM32F030R8TX_FLASH.ld" --specs=nosys.specs -Wl,-Map="lecture5.map" -Wl,--gc-sections -static --specs=nano.specs -mfloat-abi=soft -mthumb -Wl,--start-group -lc -lm -Wl,--end-group
Finished building target: lecture5.elf
 
arm-none-eabi-size  lecture5.elf 
arm-none-eabi-objdump -h -S lecture5.elf  > "lecture5.list"
   text	   data	    bss	    dec	    hex	filename
  21572	    104	   2328	  24004	   5dc4	lecture5.elf
Finished building: default.size.stdout
 
Finished building: lecture5.list
 
12:47:45 **** Incremental Build of configuration Debug for project lecture5 ****
make -j4 all 
arm-none-eabi-gcc "../Core/Src/main.c" -mcpu=cortex-m0 -std=gnu11 -g3 -DDEBUG -DUSE_HAL_DRIVER -DSTM32F030x8 -c -I../Core/Inc -I../Drivers/STM32F0xx_HAL_Driver/Inc -I../Drivers/STM32F0xx_HAL_Driver/Inc/Legacy -I../Drivers/CMSIS/Device/ST/STM32F0xx/Include -I../Drivers/CMSIS/Include -O0 -ffunction-sections -fdata-sections -Wall -fstack-usage -fcyclomatic-complexity -MMD -MP -MF"Core/Src/main.d" -MT"Core/Src/main.o" --specs=nano.specs -mfloat-abi=soft -mthumb -o "Core/Src/main.o"
../Core/Src/main.c: In function 'uart_process_command':
../Core/Src/main.c:169:36: warning: embedded '\0' in format [-Wformat-contains-nul]
  169 |                     printf("0x%02x:\0x%02x\n",addr, value);
      |                                    ^~
../Core/Src/main.c:169:28: warning: too many arguments for format [-Wformat-extra-args]
  169 |                     printf("0x%02x:\0x%02x\n",addr, value);
      |                            ^~~~~~~~~~~~~~~~~~
arm-none-eabi-gcc -o "lecture5.elf" @"objects.list"   -mcpu=cortex-m0 -T"P:\MKS\lecture5\STM32F030R8TX_FLASH.ld" --specs=nosys.specs -Wl,-Map="lecture5.map" -Wl,--gc-sections -static --specs=nano.specs -mfloat-abi=soft -mthumb -Wl,--start-group -lc -lm -Wl,--end-group
Finished building target: lecture5.elf
 
arm-none-eabi-size  lecture5.elf 
arm-none-eabi-objdump -h -S lecture5.elf  > "lecture5.list"
   text	   data	    bss	    dec	    hex	filename
  21568	    104	   2328	  24000	   5dc0	lecture5.elf
Finished building: default.size.stdout
 
Finished building: lecture5.list
 
12:48:29 **** Incremental Build of configuration Debug for project lecture5 ****
make -j4 all 
arm-none-eabi-gcc "../Core/Src/main.c" -mcpu=cortex-m0 -std=gnu11 -g3 -DDEBUG -DUSE_HAL_DRIVER -DSTM32F030x8 -c -I../Core/Inc -I../Drivers/STM32F0xx_HAL_Driver/Inc -I../Drivers/STM32F0xx_HAL_Driver/Inc/Legacy -I../Drivers/CMSIS/Device/ST/STM32F0xx/Include -I../Drivers/CMSIS/Include -O0 -ffunction-sections -fdata-sections -Wall -fstack-usage -fcyclomatic-complexity -MMD -MP -MF"Core/Src/main.d" -MT"Core/Src/main.o" --specs=nano.specs -mfloat-abi=soft -mthumb -o "Core/Src/main.o"
../Core/Src/main.c: In function 'uart_process_command':
../Core/Src/main.c:169:36: warning: embedded '\0' in format [-Wformat-contains-nul]
  169 |                     printf("0x%02x:\0x%02x\n",value);
      |                                    ^~
arm-none-eabi-gcc -o "lecture5.elf" @"objects.list"   -mcpu=cortex-m0 -T"P:\MKS\lecture5\STM32F030R8TX_FLASH.ld" --specs=nosys.specs -Wl,-Map="lecture5.map" -Wl,--gc-sections -static --specs=nano.specs -mfloat-abi=soft -mthumb -Wl,--start-group -lc -lm -Wl,--end-group
Finished building target: lecture5.elf
 
arm-none-eabi-size  lecture5.elf 
arm-none-eabi-objdump -h -S lecture5.elf  > "lecture5.list"
   text	   data	    bss	    dec	    hex	filename
  21568	    104	   2328	  24000	   5dc0	lecture5.elf
Finished building: default.size.stdout
 
Finished building: lecture5.list
 
12:50:15 **** Incremental Build of configuration Debug for project lecture5 ****
make -j4 all 
arm-none-eabi-gcc "../Core/Src/main.c" -mcpu=cortex-m0 -std=gnu11 -g3 -DDEBUG -DUSE_HAL_DRIVER -DSTM32F030x8 -c -I../Core/Inc -I../Drivers/STM32F0xx_HAL_Driver/Inc -I../Drivers/STM32F0xx_HAL_Driver/Inc/Legacy -I../Drivers/CMSIS/Device/ST/STM32F0xx/Include -I../Drivers/CMSIS/Include -O0 -ffunction-sections -fdata-sections -Wall -fstack-usage -fcyclomatic-complexity -MMD -MP -MF"Core/Src/main.d" -MT"Core/Src/main.o" --specs=nano.specs -mfloat-abi=soft -mthumb -o "Core/Src/main.o"
../Core/Src/main.c: In function 'uart_process_command':
../Core/Src/main.c:169:42: warning: format '%x' expects a matching 'unsigned int' argument [-Wformat=]
  169 |                     printf("0x%02x: 0x%02x\n",value);
      |                                       ~~~^
      |                                          |
      |                                          unsigned int
arm-none-eabi-gcc -o "lecture5.elf" @"objects.list"   -mcpu=cortex-m0 -T"P:\MKS\lecture5\STM32F030R8TX_FLASH.ld" --specs=nosys.specs -Wl,-Map="lecture5.map" -Wl,--gc-sections -static --specs=nano.specs -mfloat-abi=soft -mthumb -Wl,--start-group -lc -lm -Wl,--end-group
Finished building target: lecture5.elf
 
arm-none-eabi-size  lecture5.elf 
arm-none-eabi-objdump -h -S lecture5.elf  > "lecture5.list"
   text	   data	    bss	    dec	    hex	filename
  21568	    104	   2328	  24000	   5dc0	lecture5.elf
Finished building: default.size.stdout
 
Finished building: lecture5.list
 
12:51:20 **** Incremental Build of configuration Debug for project lecture5 ****
make -j4 all 
arm-none-eabi-gcc "../Core/Src/main.c" -mcpu=cortex-m0 -std=gnu11 -g3 -DDEBUG -DUSE_HAL_DRIVER -DSTM32F030x8 -c -I../Core/Inc -I../Drivers/STM32F0xx_HAL_Driver/Inc -I../Drivers/STM32F0xx_HAL_Driver/Inc/Legacy -I../Drivers/CMSIS/Device/ST/STM32F0xx/Include -I../Drivers/CMSIS/Include -O0 -ffunction-sections -fdata-sections -Wall -fstack-usage -fcyclomatic-complexity -MMD -MP -MF"Core/Src/main.d" -MT"Core/Src/main.o" --specs=nano.specs -mfloat-abi=soft -mthumb -o "Core/Src/main.o"
arm-none-eabi-gcc -o "lecture5.elf" @"objects.list"   -mcpu=cortex-m0 -T"P:\MKS\lecture5\STM32F030R8TX_FLASH.ld" --specs=nosys.specs -Wl,-Map="lecture5.map" -Wl,--gc-sections -static --specs=nano.specs -mfloat-abi=soft -mthumb -Wl,--start-group -lc -lm -Wl,--end-group
Finished building target: lecture5.elf
 
arm-none-eabi-size  lecture5.elf 
arm-none-eabi-objdump -h -S lecture5.elf  > "lecture5.list"
   text	   data	    bss	    dec	    hex	filename
  21572	    104	   2328	  24004	   5dc4	lecture5.elf
Finished building: default.size.stdout
 
Finished building: lecture5.list
 
12:52:45 **** Incremental Build of configuration Debug for project lecture5 ****
make -j4 all 
arm-none-eabi-gcc "../Core/Src/main.c" -mcpu=cortex-m0 -std=gnu11 -g3 -DDEBUG -DUSE_HAL_DRIVER -DSTM32F030x8 -c -I../Core/Inc -I../Drivers/STM32F0xx_HAL_Driver/Inc -I../Drivers/STM32F0xx_HAL_Driver/Inc/Legacy -I../Drivers/CMSIS/Device/ST/STM32F0xx/Include -I../Drivers/CMSIS/Include -O0 -ffunction-sections -fdata-sections -Wall -fstack-usage -fcyclomatic-complexity -MMD -MP -MF"Core/Src/main.d" -MT"Core/Src/main.o" --specs=nano.specs -mfloat-abi=soft -mthumb -o "Core/Src/main.o"
arm-none-eabi-gcc -o "lecture5.elf" @"objects.list"   -mcpu=cortex-m0 -T"P:\MKS\lecture5\STM32F030R8TX_FLASH.ld" --specs=nosys.specs -Wl,-Map="lecture5.map" -Wl,--gc-sections -static --specs=nano.specs -mfloat-abi=soft -mthumb -Wl,--start-group -lc -lm -Wl,--end-group
Finished building target: lecture5.elf
 
arm-none-eabi-size  lecture5.elf 
arm-none-eabi-objdump -h -S lecture5.elf  > "lecture5.list"
   text	   data	    bss	    dec	    hex	filename
  21564	    104	   2328	  23996	   5dbc	lecture5.elf
Finished building: default.size.stdout
 
Finished building: lecture5.list
 
