12:52:45 **** Incremental Build of configuration Debug for project lecture5 ****
make -j4 all 
arm-none-eabi-gcc "../Core/Src/main.c" -mcpu=cortex-m0 -std=gnu11 -g3 -DDEBUG -DUSE_HAL_DRIVER -DSTM32F030x8 -c -I../Core/Inc -I../Drivers/STM32F0xx_HAL_Driver/Inc -I../Drivers/STM32F0xx_HAL_Driver/Inc/Legacy -I../Drivers/CMSIS/Device/ST/STM32F0xx/Include -I../Drivers/CMSIS/Include -O0 -ffunction-sections -fdata-sections -Wall -fstack-usage -fcyclomatic-complexity -MMD -MP -MF"Core/Src/main.d" -MT"Core/Src/main.o" --specs=nano.specs -mfloat-abi=soft -mthumb -o "Core/Src/main.o"
arm-none-eabi-gcc -o "lecture5.elf" @"objects.list"   -mcpu=cortex-m0 -T"P:\MKS\lecture5\STM32F030R8TX_FLASH.ld" --specs=nosys.specs -Wl,-Map="lecture5.map" -Wl,--gc-sections -static --specs=nano.specs -mfloat-abi=soft -mthumb -Wl,--start-group -lc -lm -Wl,--end-group
Finished building target: lecture5.elf
 
arm-none-eabi-size  lecture5.elf 
arm-none-eabi-objdump -h -S lecture5.elf  > "lecture5.list"
   text	   data	    bss	    dec	    hex	filename
  21564	    104	   2328	  23996	   5dbc	lecture5.elf
Finished building: default.size.stdout
 
Finished building: lecture5.list
 

12:52:48 Build Finished. 0 errors, 0 warnings. (took 3s.65ms)

