12:43:52 **** Incremental Build of configuration Debug for project lecture6 ****
make -j4 all 
arm-none-eabi-gcc "../Core/Src/main.c" -mcpu=cortex-m0 -std=gnu11 -g3 -DDEBUG -DUSE_HAL_DRIVER -DSTM32F030x8 -c -I../Core/Inc -I../Drivers/STM32F0xx_HAL_Driver/Inc -I../Drivers/STM32F0xx_HAL_Driver/Inc/Legacy -I../Drivers/CMSIS/Device/ST/STM32F0xx/Include -I../Drivers/CMSIS/Include -O0 -ffunction-sections -fdata-sections -Wall -fstack-usage -fcyclomatic-complexity -MMD -MP -MF"Core/Src/main.d" -MT"Core/Src/main.o" --specs=nano.specs -mfloat-abi=soft -mthumb -o "Core/Src/main.o"
../Core/Src/main.c: In function 'main':
../Core/Src/main.c:136:22: warning: suggest parentheses around assignment used as truth value [-Wparentheses]
  136 |                   if(convert=0){
      |                      ^~~~~~~
arm-none-eabi-gcc -o "lecture6.elf" @"objects.list"   -mcpu=cortex-m0 -T"P:\MKS\lecture6\STM32F030R8TX_FLASH.ld" --specs=nosys.specs -Wl,-Map="lecture6.map" -Wl,--gc-sections -static --specs=nano.specs -mfloat-abi=soft -mthumb -Wl,--start-group -lc -lm -Wl,--end-group
Finished building target: lecture6.elf
 
arm-none-eabi-size  lecture6.elf 
arm-none-eabi-objdump -h -S lecture6.elf  > "lecture6.list"
   text	   data	    bss	    dec	    hex	filename
  12128	   2060	   1780	  15968	   3e60	lecture6.elf
Finished building: default.size.stdout
 
Finished building: lecture6.list
 

12:43:56 Build Finished. 0 errors, 1 warnings. (took 3s.369ms)

